Archive member included to satisfy reference by file (symbol)

h:/metropolia/iot/pico/pico-sdk-v1.5.0/gcc-arm-none-eabi/bin/../lib/gcc/arm-none-eabi/10.3.1/thumb/v6-m/nofp\libgcc.a(_dvmd_tls.o)
                              CMakeFiles/gpio_interrupt.dir/H_/Metropolia/IOT/Pico/Pico-SDK-v1.5.0/pico-sdk/src/rp2_common/pico_divider/divider.S.obj (__aeabi_idiv0)
h:/metropolia/iot/pico/pico-sdk-v1.5.0/gcc-arm-none-eabi/bin/../lib/gcc/arm-none-eabi/10.3.1/../../../../arm-none-eabi/lib/thumb/v6-m/nofp\libg.a(lib_a-calloc.o)
                              CMakeFiles/gpio_interrupt.dir/H_/Metropolia/IOT/Pico/Pico-SDK-v1.5.0/pico-sdk/src/rp2_common/pico_malloc/pico_malloc.c.obj (calloc)
h:/metropolia/iot/pico/pico-sdk-v1.5.0/gcc-arm-none-eabi/bin/../lib/gcc/arm-none-eabi/10.3.1/../../../../arm-none-eabi/lib/thumb/v6-m/nofp\libg.a(lib_a-callocr.o)
                              h:/metropolia/iot/pico/pico-sdk-v1.5.0/gcc-arm-none-eabi/bin/../lib/gcc/arm-none-eabi/10.3.1/../../../../arm-none-eabi/lib/thumb/v6-m/nofp\libg.a(lib_a-calloc.o) (_calloc_r)
h:/metropolia/iot/pico/pico-sdk-v1.5.0/gcc-arm-none-eabi/bin/../lib/gcc/arm-none-eabi/10.3.1/../../../../arm-none-eabi/lib/thumb/v6-m/nofp\libg.a(lib_a-errno.o)
                              h:/metropolia/iot/pico/pico-sdk-v1.5.0/gcc-arm-none-eabi/bin/../lib/gcc/arm-none-eabi/10.3.1/../../../../arm-none-eabi/lib/thumb/v6-m/nofp\libg.a(lib_a-callocr.o) (__errno)
h:/metropolia/iot/pico/pico-sdk-v1.5.0/gcc-arm-none-eabi/bin/../lib/gcc/arm-none-eabi/10.3.1/../../../../arm-none-eabi/lib/thumb/v6-m/nofp\libg.a(lib_a-impure.o)
                              h:/metropolia/iot/pico/pico-sdk-v1.5.0/gcc-arm-none-eabi/bin/../lib/gcc/arm-none-eabi/10.3.1/../../../../arm-none-eabi/lib/thumb/v6-m/nofp\libg.a(lib_a-calloc.o) (_impure_ptr)
h:/metropolia/iot/pico/pico-sdk-v1.5.0/gcc-arm-none-eabi/bin/../lib/gcc/arm-none-eabi/10.3.1/../../../../arm-none-eabi/lib/thumb/v6-m/nofp\libg.a(lib_a-init.o)
                              h:/metropolia/iot/pico/pico-sdk-v1.5.0/gcc-arm-none-eabi/bin/../lib/gcc/arm-none-eabi/10.3.1/../../../../arm-none-eabi/lib/thumb/v6-m/nofp/crt0.o (__libc_init_array)
h:/metropolia/iot/pico/pico-sdk-v1.5.0/gcc-arm-none-eabi/bin/../lib/gcc/arm-none-eabi/10.3.1/../../../../arm-none-eabi/lib/thumb/v6-m/nofp\libg.a(lib_a-malloc.o)
                              CMakeFiles/gpio_interrupt.dir/H_/Metropolia/IOT/Pico/Pico-SDK-v1.5.0/pico-sdk/src/rp2_common/pico_malloc/pico_malloc.c.obj (malloc)
h:/metropolia/iot/pico/pico-sdk-v1.5.0/gcc-arm-none-eabi/bin/../lib/gcc/arm-none-eabi/10.3.1/../../../../arm-none-eabi/lib/thumb/v6-m/nofp\libg.a(lib_a-mallocr.o)
                              h:/metropolia/iot/pico/pico-sdk-v1.5.0/gcc-arm-none-eabi/bin/../lib/gcc/arm-none-eabi/10.3.1/../../../../arm-none-eabi/lib/thumb/v6-m/nofp\libg.a(lib_a-callocr.o) (_malloc_r)
h:/metropolia/iot/pico/pico-sdk-v1.5.0/gcc-arm-none-eabi/bin/../lib/gcc/arm-none-eabi/10.3.1/../../../../arm-none-eabi/lib/thumb/v6-m/nofp\libg.a(lib_a-mlock.o)
                              h:/metropolia/iot/pico/pico-sdk-v1.5.0/gcc-arm-none-eabi/bin/../lib/gcc/arm-none-eabi/10.3.1/../../../../arm-none-eabi/lib/thumb/v6-m/nofp\libg.a(lib_a-mallocr.o) (__malloc_lock)
h:/metropolia/iot/pico/pico-sdk-v1.5.0/gcc-arm-none-eabi/bin/../lib/gcc/arm-none-eabi/10.3.1/../../../../arm-none-eabi/lib/thumb/v6-m/nofp\libg.a(lib_a-realloc.o)
                              CMakeFiles/gpio_interrupt.dir/H_/Metropolia/IOT/Pico/Pico-SDK-v1.5.0/pico-sdk/src/rp2_common/pico_malloc/pico_malloc.c.obj (realloc)
h:/metropolia/iot/pico/pico-sdk-v1.5.0/gcc-arm-none-eabi/bin/../lib/gcc/arm-none-eabi/10.3.1/../../../../arm-none-eabi/lib/thumb/v6-m/nofp\libg.a(lib_a-reallocr.o)
                              h:/metropolia/iot/pico/pico-sdk-v1.5.0/gcc-arm-none-eabi/bin/../lib/gcc/arm-none-eabi/10.3.1/../../../../arm-none-eabi/lib/thumb/v6-m/nofp\libg.a(lib_a-realloc.o) (_realloc_r)
h:/metropolia/iot/pico/pico-sdk-v1.5.0/gcc-arm-none-eabi/bin/../lib/gcc/arm-none-eabi/10.3.1/../../../../arm-none-eabi/lib/thumb/v6-m/nofp\libg.a(lib_a-sbrkr.o)
                              h:/metropolia/iot/pico/pico-sdk-v1.5.0/gcc-arm-none-eabi/bin/../lib/gcc/arm-none-eabi/10.3.1/../../../../arm-none-eabi/lib/thumb/v6-m/nofp\libg.a(lib_a-mallocr.o) (_sbrk_r)
h:/metropolia/iot/pico/pico-sdk-v1.5.0/gcc-arm-none-eabi/bin/../lib/gcc/arm-none-eabi/10.3.1/../../../../arm-none-eabi/lib/thumb/v6-m/nofp\libg.a(lib_a-strlen-stub.o)
                              CMakeFiles/gpio_interrupt.dir/H_/Metropolia/IOT/Pico/Pico-SDK-v1.5.0/pico-sdk/src/rp2_common/pico_stdio/stdio.c.obj (strlen)
h:/metropolia/iot/pico/pico-sdk-v1.5.0/gcc-arm-none-eabi/bin/../lib/gcc/arm-none-eabi/10.3.1/../../../../arm-none-eabi/lib/thumb/v6-m/nofp\libg.a(lib_a-freer.o)
                              h:/metropolia/iot/pico/pico-sdk-v1.5.0/gcc-arm-none-eabi/bin/../lib/gcc/arm-none-eabi/10.3.1/../../../../arm-none-eabi/lib/thumb/v6-m/nofp\libg.a(lib_a-malloc.o) (_free_r)
[...]
Memory Configuration

Name             Origin             Length             Attributes
FLASH            0x10000000         0x00200000         xr
RAM              0x20000000         0x00040000         xrw
SCRATCH_X        0x20040000         0x00001000         xrw
SCRATCH_Y        0x20041000         0x00001000         xrw
*default*        0x00000000         0xffffffff

Linker script and memory map

LOAD h:/metropolia/iot/pico/pico-sdk-v1.5.0/gcc-arm-none-eabi/bin/../lib/gcc/arm-none-eabi/10.3.1/thumb/v6-m/nofp/crti.o
LOAD h:/metropolia/iot/pico/pico-sdk-v1.5.0/gcc-arm-none-eabi/bin/../lib/gcc/arm-none-eabi/10.3.1/thumb/v6-m/nofp/crtbegin.o
LOAD h:/metropolia/iot/pico/pico-sdk-v1.5.0/gcc-arm-none-eabi/bin/../lib/gcc/arm-none-eabi/10.3.1/../../../../arm-none-eabi/lib/thumb/v6-m/nofp/crt0.o

.flash_begin    0x10000000        0x0
                0x10000000                __flash_binary_start = .

.boot2          0x10000000      0x100
                0x10000000                __boot2_start__ = .
 *(.boot2)
 .boot2         0x10000000      0x100 C:\Users\sulof\AppData\Local\Temp\ccQOvglz.o
                0x10000100                __boot2_end__ = .
                0x00000001                ASSERT (((__boot2_end__ - __boot2_start__) == 0x100), ERROR: Pico second stage bootloader must be 256 bytes in size)

.text           0x10000100     0x7528
                0x10000100                __logical_binary_start = .
 *(.vectors)
 .vectors       0x10000100       0xd4 CMakeFiles/gpio_interrupt.dir/H_/Metropolia/IOT/Pico/Pico-SDK-v1.5.0/pico-sdk/src/rp2_common/pico_standard_link/crt0.S.obj
                0x10000100                __VECTOR_TABLE
                0x10000100                __vectors
                0x100001c0                isr_invalid
                0x100001c0                __default_isrs_start
                0x100001c2                isr_nmi
                0x100001c4                isr_hardfault
                0x100001c6                isr_svcall
                0x100001c8                isr_pendsv
                0x100001ca                isr_systick
                0x100001cc                isr_irq23
                0x100001cc                isr_irq18
                0x100001cc                isr_irq11
                0x100001cc                isr_irq28
                0x100001cc                isr_irq19
                0x100001cc                isr_irq0
                0x100001cc                isr_irq6
                0x100001cc                isr_irq5
                0x100001cc                isr_irq12
                0x100001cc                isr_irq22
                0x100001cc                isr_irq31
                0x100001cc                isr_irq17
                0x100001cc                isr_irq27
                0x100001cc                isr_irq30
                0x100001cc                isr_irq2
                0x100001cc                isr_irq10
                0x100001cc                isr_irq8
                0x100001cc                isr_irq24
                0x100001cc                isr_irq1
                0x100001cc                isr_irq7
                0x100001cc                isr_irq21
                0x100001cc                isr_irq20
                0x100001cc                isr_irq15
                0x100001cc                isr_irq25
                0x100001cc                isr_irq13
                0x100001cc                __unhandled_user_irq
                0x100001cc                isr_irq4
                0x100001cc                isr_irq16
                0x100001cc                isr_irq29
                0x100001cc                isr_irq26
                0x100001cc                __default_isrs_end
                0x100001cc                isr_irq3
                0x100001cc                isr_irq14
                0x100001cc                isr_irq9
                0x100001d2                unhandled_user_irq_num_in_r0
 *(.binary_info_header)
 .binary_info_header
                0x100001d4       0x14 CMakeFiles/gpio_interrupt.dir/H_/Metropolia/IOT/Pico/Pico-SDK-v1.5.0/pico-sdk/src/rp2_common/pico_standard_link/crt0.S.obj
                0x100001e8                __binary_info_header_end = .
 *(.reset)
 .reset         0x100001e8       0xa0 CMakeFiles/gpio_interrupt.dir/H_/Metropolia/IOT/Pico/Pico-SDK-v1.5.0/pico-sdk/src/rp2_common/pico_standard_link/crt0.S.obj
                0x100001e8                _entry_point
 .reset         0x10000288       0x30 CMakeFiles/gpio_interrupt.dir/H_/Metropolia/IOT/Pico/Pico-SDK-v1.5.0/pico-sdk/src/rp2_common/pico_standard_link/binary_info.c.obj
 *(.init)
 .init          0x100002b8        0x4 h:/metropolia/iot/pico/pico-sdk-v1.5.0/gcc-arm-none-eabi/bin/../lib/gcc/arm-none-eabi/10.3.1/thumb/v6-m/nofp/crti.o
                0x100002b8                _init
 *(EXCLUDE_FILE(*libm.a: *libc.a:*lib_a-mem*.o *libgcc.a:) .text*)
 .text          0x100002bc       0x48 h:/metropolia/iot/pico/pico-sdk-v1.5.0/gcc-arm-none-eabi/bin/../lib/gcc/arm-none-eabi/10.3.1/thumb/v6-m/nofp/crtbegin.o
 .text.initializeGPIO
                0x10000304       0x36 CMakeFiles/gpio_interrupt.dir/main.c.obj
                0x10000304                initializeGPIO
 *fill*         0x1000033a        0x2 
 .text.initializePWM
                0x1000033c       0xdc CMakeFiles/gpio_interrupt.dir/main.c.obj
                0x1000033c                initializePWM
 .text.setLedBrightness
                0x10000418       0x60 CMakeFiles/gpio_interrupt.dir/main.c.obj
                0x10000418                setLedBrightness
 .text.handleRotationEvent
                0x10000478       0x2c CMakeFiles/gpio_interrupt.dir/main.c.obj
                0x10000478                handleRotationEvent
 .text.rotaryEncoderISR
                0x100004a4       0x40 CMakeFiles/gpio_interrupt.dir/main.c.obj
                0x100004a4                rotaryEncoderISR
 .text.toggleLeds
                0x100004e4       0x40 CMakeFiles/gpio_interrupt.dir/main.c.obj
                0x100004e4                toggleLeds
 .text.main     0x10000524       0xec CMakeFiles/gpio_interrupt.dir/main.c.obj
                0x10000524                main
 .text.gpio_set_function
                0x10000610       0x30 CMakeFiles/gpio_interrupt.dir/H_/Metropolia/IOT/Pico/Pico-SDK-v1.5.0/pico-sdk/src/rp2_common/hardware_gpio/gpio.c.obj
                0x10000610                gpio_set_function
 .text.gpio_set_pulls
                0x10000640       0x34 CMakeFiles/gpio_interrupt.dir/H_/Metropolia/IOT/Pico/Pico-SDK-v1.5.0/pico-sdk/src/rp2_common/hardware_gpio/gpio.c.obj
                0x10000640                gpio_set_pulls
 .text.gpio_set_irq_callback
                0x10000674       0x48 CMakeFiles/gpio_interrupt.dir/H_/Metropolia/IOT/Pico/Pico-SDK-v1.5.0/pico-sdk/src/rp2_common/hardware_gpio/gpio.c.obj
                0x10000674                gpio_set_irq_callback
 .text.gpio_acknowledge_irq
                0x100006bc       0x18 CMakeFiles/gpio_interrupt.dir/H_/Metropolia/IOT/Pico/Pico-SDK-v1.5.0/pico-sdk/src/rp2_common/hardware_gpio/gpio.c.obj
                0x100006bc                gpio_acknowledge_irq
 .text._gpio_set_irq_enabled
                0x100006d4       0x34 CMakeFiles/gpio_interrupt.dir/H_/Metropolia/IOT/Pico/Pico-SDK-v1.5.0/pico-sdk/src/rp2_common/hardware_gpio/gpio.c.obj
 .text.gpio_set_irq_enabled
                0x10000708       0x20 CMakeFiles/gpio_interrupt.dir/H_/Metropolia/IOT/Pico/Pico-SDK-v1.5.0/pico-sdk/src/rp2_common/hardware_gpio/gpio.c.obj
                0x10000708                gpio_set_irq_enabled
 .text.gpio_set_irq_enabled_with_callback
                0x10000728       0x20 CMakeFiles/gpio_interrupt.dir/H_/Metropolia/IOT/Pico/Pico-SDK-v1.5.0/pico-sdk/src/rp2_common/hardware_gpio/gpio.c.obj
                0x10000728                gpio_set_irq_enabled_with_callback
 .text.gpio_default_irq_handler
                0x10000748       0x98 CMakeFiles/gpio_interrupt.dir/H_/Metropolia/IOT/Pico/Pico-SDK-v1.5.0/pico-sdk/src/rp2_common/hardware_gpio/gpio.c.obj
 .text.gpio_init
                0x100007e0       0x16 CMakeFiles/gpio_interrupt.dir/H_/Metropolia/IOT/Pico/Pico-SDK-v1.5.0/pico-sdk/src/rp2_common/hardware_gpio/gpio.c.obj
                0x100007e0                gpio_init
 *fill*         0x100007f6        0x2 
 .text.running_on_fpga
                0x100007f8       0x14 CMakeFiles/gpio_interrupt.dir/H_/Metropolia/IOT/Pico/Pico-SDK-v1.5.0/pico-sdk/src/rp2_common/pico_platform/platform.c.obj
                0x100007f8                running_on_fpga
 .text.hw_claim_lock
                0x1000080c       0x18 CMakeFiles/gpio_interrupt.dir/H_/Metropolia/IOT/Pico/Pico-SDK-v1.5.0/pico-sdk/src/rp2_common/hardware_claim/claim.c.obj
                0x1000080c                hw_claim_lock
 .text.hw_claim_unlock
                0x10000824       0x14 CMakeFiles/gpio_interrupt.dir/H_/Metropolia/IOT/Pico/Pico-SDK-v1.5.0/pico-sdk/src/rp2_common/hardware_claim/claim.c.obj
                0x10000824                hw_claim_unlock
 .text.hw_claim_or_assert
                0x10000838       0x32 CMakeFiles/gpio_interrupt.dir/H_/Metropolia/IOT/Pico/Pico-SDK-v1.5.0/pico-sdk/src/rp2_common/hardware_claim/claim.c.obj
                0x10000838                hw_claim_or_assert
 .text.hw_claim_unused_from_range
                0x1000086a       0x50 CMakeFiles/gpio_interrupt.dir/H_/Metropolia/IOT/Pico/Pico-SDK-v1.5.0/pico-sdk/src/rp2_common/hardware_claim/claim.c.obj
                0x1000086a                hw_claim_unused_from_range
 *fill*         0x100008ba        0x2 
 .text.spin_locks_reset
                0x100008bc       0x20 CMakeFiles/gpio_interrupt.dir/H_/Metropolia/IOT/Pico/Pico-SDK-v1.5.0/pico-sdk/src/rp2_common/hardware_sync/sync.c.obj
                0x100008bc                spin_locks_reset
 .text.next_striped_spin_lock_num
                0x100008dc       0x1c CMakeFiles/gpio_interrupt.dir/H_/Metropolia/IOT/Pico/Pico-SDK-v1.5.0/pico-sdk/src/rp2_common/hardware_sync/sync.c.obj
                0x100008dc                next_striped_spin_lock_num
 .text.spin_lock_claim_unused
                0x100008f8       0x20 CMakeFiles/gpio_interrupt.dir/H_/Metropolia/IOT/Pico/Pico-SDK-v1.5.0/pico-sdk/src/rp2_common/hardware_sync/sync.c.obj
                0x100008f8                spin_lock_claim_unused
 .text.set_raw_irq_handler_and_unlock
                0x10000918       0x28 CMakeFiles/gpio_interrupt.dir/H_/Metropolia/IOT/Pico/Pico-SDK-v1.5.0/pico-sdk/src/rp2_common/hardware_irq/irq.c.obj
 .text.make_branch
                0x10000940       0x48 CMakeFiles/gpio_interrupt.dir/H_/Metropolia/IOT/Pico/Pico-SDK-v1.5.0/pico-sdk/src/rp2_common/hardware_irq/irq.c.obj
 .text.insert_branch_and_link
                0x10000988       0x40 CMakeFiles/gpio_interrupt.dir/H_/Metropolia/IOT/Pico/Pico-SDK-v1.5.0/pico-sdk/src/rp2_common/hardware_irq/irq.c.obj
 .text.irq_is_enabled
                0x100009c8       0x18 CMakeFiles/gpio_interrupt.dir/H_/Metropolia/IOT/Pico/Pico-SDK-v1.5.0/pico-sdk/src/rp2_common/hardware_irq/irq.c.obj
                0x100009c8                irq_is_enabled
 .text.irq_set_mask_enabled
                0x100009e0       0x20 CMakeFiles/gpio_interrupt.dir/H_/Metropolia/IOT/Pico/Pico-SDK-v1.5.0/pico-sdk/src/rp2_common/hardware_irq/irq.c.obj
                0x100009e0                irq_set_mask_enabled
 .text.irq_set_enabled
                0x10000a00        0xe CMakeFiles/gpio_interrupt.dir/H_/Metropolia/IOT/Pico/Pico-SDK-v1.5.0/pico-sdk/src/rp2_common/hardware_irq/irq.c.obj
                0x10000a00                irq_set_enabled
 *fill*         0x10000a0e        0x2 
 .text.irq_set_pending
                0x10000a10       0x10 CMakeFiles/gpio_interrupt.dir/H_/Metropolia/IOT/Pico/Pico-SDK-v1.5.0/pico-sdk/src/rp2_common/hardware_irq/irq.c.obj
                0x10000a10                irq_set_pending
 .text.irq_get_vtable_handler
                0x10000a20       0x10 CMakeFiles/gpio_interrupt.dir/H_/Metropolia/IOT/Pico/Pico-SDK-v1.5.0/pico-sdk/src/rp2_common/hardware_irq/irq.c.obj
                0x10000a20                irq_get_vtable_handler
 .text.irq_has_shared_handler
                0x10000a30       0x24 CMakeFiles/gpio_interrupt.dir/H_/Metropolia/IOT/Pico/Pico-SDK-v1.5.0/pico-sdk/src/rp2_common/hardware_irq/irq.c.obj
                0x10000a30                irq_has_shared_handler
 .text.irq_set_exclusive_handler
                0x10000a54       0x54 CMakeFiles/gpio_interrupt.dir/H_/Metropolia/IOT/Pico/Pico-SDK-v1.5.0/pico-sdk/src/rp2_common/hardware_irq/irq.c.obj
                0x10000a54                irq_set_exclusive_handler
 .text.irq_add_shared_handler
                0x10000aa8      0x234 CMakeFiles/gpio_interrupt.dir/H_/Metropolia/IOT/Pico/Pico-SDK-v1.5.0/pico-sdk/src/rp2_common/hardware_irq/irq.c.obj
                0x10000aa8                irq_add_shared_handler
 .text.irq_remove_handler
                0x10000cdc      0x1ac CMakeFiles/gpio_interrupt.dir/H_/Metropolia/IOT/Pico/Pico-SDK-v1.5.0/pico-sdk/src/rp2_common/hardware_irq/irq.c.obj
                0x10000cdc                irq_remove_handler
 .text.irq_add_tail_to_free_list
                0x10000e88       0xf0 CMakeFiles/gpio_interrupt.dir/H_/Metropolia/IOT/Pico/Pico-SDK-v1.5.0/pico-sdk/src/rp2_common/hardware_irq/irq.c.obj
                0x10000e88                irq_add_tail_to_free_list
 .text.irq_init_priorities
                0x10000f78       0x1c CMakeFiles/gpio_interrupt.dir/H_/Metropolia/IOT/Pico/Pico-SDK-v1.5.0/pico-sdk/src/rp2_common/hardware_irq/irq.c.obj
                0x10000f78                irq_init_priorities
 .text.user_irq_claim_unused
                0x10000f94       0x28 CMakeFiles/gpio_interrupt.dir/H_/Metropolia/IOT/Pico/Pico-SDK-v1.5.0/pico-sdk/src/rp2_common/hardware_irq/irq.c.obj
                0x10000f94                user_irq_claim_unused
 .text.lock_init
                0x10000fbc       0x10 CMakeFiles/gpio_interrupt.dir/H_/Metropolia/IOT/Pico/Pico-SDK-v1.5.0/pico-sdk/src/common/pico_sync/lock_core.c.obj
                0x10000fbc                lock_init
 .text.mutex_init
                0x10000fcc       0x1a CMakeFiles/gpio_interrupt.dir/H_/Metropolia/IOT/Pico/Pico-SDK-v1.5.0/pico-sdk/src/common/pico_sync/mutex.c.obj
                0x10000fcc                mutex_init
 .text.recursive_mutex_init
                0x10000fe6       0x1e CMakeFiles/gpio_interrupt.dir/H_/Metropolia/IOT/Pico/Pico-SDK-v1.5.0/pico-sdk/src/common/pico_sync/mutex.c.obj
                0x10000fe6                recursive_mutex_init
 .text.critical_section_init_with_lock_num
                0x10001004       0x14 CMakeFiles/gpio_interrupt.dir/H_/Metropolia/IOT/Pico/Pico-SDK-v1.5.0/pico-sdk/src/common/pico_sync/critical_section.c.obj
                0x10001004                critical_section_init_with_lock_num
 .text.critical_section_init
                0x10001018       0x14 CMakeFiles/gpio_interrupt.dir/H_/Metropolia/IOT/Pico/Pico-SDK-v1.5.0/pico-sdk/src/common/pico_sync/critical_section.c.obj
                0x10001018                critical_section_init
 .text.alarm_pool_post_alloc_init
                0x1000102c       0x40 CMakeFiles/gpio_interrupt.dir/H_/Metropolia/IOT/Pico/Pico-SDK-v1.5.0/pico-sdk/src/common/pico_time/time.c.obj
 .text.sleep_until_callback
                0x1000106c       0x30 CMakeFiles/gpio_interrupt.dir/H_/Metropolia/IOT/Pico/Pico-SDK-v1.5.0/pico-sdk/src/common/pico_time/time.c.obj
 .text.timer_pool_entry_comparator
                0x1000109c       0x7c CMakeFiles/gpio_interrupt.dir/H_/Metropolia/IOT/Pico/Pico-SDK-v1.5.0/pico-sdk/src/common/pico_time/time.c.obj
                0x1000109c                timer_pool_entry_comparator
 .text.ph_add_child_node
                0x10001118       0xa4 CMakeFiles/gpio_interrupt.dir/H_/Metropolia/IOT/Pico/Pico-SDK-v1.5.0/pico-sdk/src/common/pico_time/time.c.obj
 .text.ph_merge_nodes
                0x100011bc       0x3e CMakeFiles/gpio_interrupt.dir/H_/Metropolia/IOT/Pico/Pico-SDK-v1.5.0/pico-sdk/src/common/pico_time/time.c.obj
 *fill*         0x100011fa        0x2 
 .text.add_alarm_under_lock
                0x100011fc      0x174 CMakeFiles/gpio_interrupt.dir/H_/Metropolia/IOT/Pico/Pico-SDK-v1.5.0/pico-sdk/src/common/pico_time/time.c.obj
 .text.alarm_pool_alarm_callback
                0x10001370      0x33c CMakeFiles/gpio_interrupt.dir/H_/Metropolia/IOT/Pico/Pico-SDK-v1.5.0/pico-sdk/src/common/pico_time/time.c.obj
 .text.alarm_pool_init_default
                0x100016ac       0x40 CMakeFiles/gpio_interrupt.dir/H_/Metropolia/IOT/Pico/Pico-SDK-v1.5.0/pico-sdk/src/common/pico_time/time.c.obj
                0x100016ac                alarm_pool_init_default
 .text.alarm_pool_get_default
                0x100016ec       0x2c CMakeFiles/gpio_interrupt.dir/H_/Metropolia/IOT/Pico/Pico-SDK-v1.5.0/pico-sdk/src/common/pico_time/time.c.obj
                0x100016ec                alarm_pool_get_default
 .text.alarm_pool_add_alarm_at
                0x10001718      0x168 CMakeFiles/gpio_interrupt.dir/H_/Metropolia/IOT/Pico/Pico-SDK-v1.5.0/pico-sdk/src/common/pico_time/time.c.obj
                0x10001718                alarm_pool_add_alarm_at
 .text.alarm_pool_cancel_alarm
                0x10001880       0xf0 CMakeFiles/gpio_interrupt.dir/H_/Metropolia/IOT/Pico/Pico-SDK-v1.5.0/pico-sdk/src/common/pico_time/time.c.obj
                0x10001880                alarm_pool_cancel_alarm
 .text.alarm_pool_core_num
                0x10001970        0x4 CMakeFiles/gpio_interrupt.dir/H_/Metropolia/IOT/Pico/Pico-SDK-v1.5.0/pico-sdk/src/common/pico_time/time.c.obj
                0x10001970                alarm_pool_core_num
 .text.best_effort_wfe_or_timeout
                0x10001974       0xac CMakeFiles/gpio_interrupt.dir/H_/Metropolia/IOT/Pico/Pico-SDK-v1.5.0/pico-sdk/src/common/pico_time/time.c.obj
                0x10001974                best_effort_wfe_or_timeout
 .text.hardware_alarm_irq_handler
                0x10001a20       0x90 CMakeFiles/gpio_interrupt.dir/H_/Metropolia/IOT/Pico/Pico-SDK-v1.5.0/pico-sdk/src/rp2_common/hardware_timer/timer.c.obj
 .text.hardware_alarm_claim
                0x10001ab0       0x18 CMakeFiles/gpio_interrupt.dir/H_/Metropolia/IOT/Pico/Pico-SDK-v1.5.0/pico-sdk/src/rp2_common/hardware_timer/timer.c.obj
                0x10001ab0                hardware_alarm_claim
 .text.time_us_64
                0x10001ac8       0x18 CMakeFiles/gpio_interrupt.dir/H_/Metropolia/IOT/Pico/Pico-SDK-v1.5.0/pico-sdk/src/rp2_common/hardware_timer/timer.c.obj
                0x10001ac8                time_us_64
 .text.busy_wait_until
                0x10001ae0       0x28 CMakeFiles/gpio_interrupt.dir/H_/Metropolia/IOT/Pico/Pico-SDK-v1.5.0/pico-sdk/src/rp2_common/hardware_timer/timer.c.obj
                0x10001ae0                busy_wait_until
 .text.busy_wait_us
                0x10001b08       0x48 CMakeFiles/gpio_interrupt.dir/H_/Metropolia/IOT/Pico/Pico-SDK-v1.5.0/pico-sdk/src/rp2_common/hardware_timer/timer.c.obj
                0x10001b08                busy_wait_us
 .text.busy_wait_us_32
                0x10001b50       0x24 CMakeFiles/gpio_interrupt.dir/H_/Metropolia/IOT/Pico/Pico-SDK-v1.5.0/pico-sdk/src/rp2_common/hardware_timer/timer.c.obj
                0x10001b50                busy_wait_us_32
 .text.busy_wait_ms
                0x10001b74       0x30 CMakeFiles/gpio_interrupt.dir/H_/Metropolia/IOT/Pico/Pico-SDK-v1.5.0/pico-sdk/src/rp2_common/hardware_timer/timer.c.obj
                0x10001b74                busy_wait_ms
 .text.hardware_alarm_set_callback
                0x10001ba4       0x90 CMakeFiles/gpio_interrupt.dir/H_/Metropolia/IOT/Pico/Pico-SDK-v1.5.0/pico-sdk/src/rp2_common/hardware_timer/timer.c.obj
                0x10001ba4                hardware_alarm_set_callback
 .text.hardware_alarm_set_target
                0x10001c34       0xe8 CMakeFiles/gpio_interrupt.dir/H_/Metropolia/IOT/Pico/Pico-SDK-v1.5.0/pico-sdk/src/rp2_common/hardware_timer/timer.c.obj
                0x10001c34                hardware_alarm_set_target
 .text.hardware_alarm_cancel
                0x10001d1c       0x40 CMakeFiles/gpio_interrupt.dir/H_/Metropolia/IOT/Pico/Pico-SDK-v1.5.0/pico-sdk/src/rp2_common/hardware_timer/timer.c.obj
                0x10001d1c                hardware_alarm_cancel
 .text.ph_add_child_node
                0x10001d5c       0xa4 CMakeFiles/gpio_interrupt.dir/H_/Metropolia/IOT/Pico/Pico-SDK-v1.5.0/pico-sdk/src/common/pico_util/pheap.c.obj
 .text.ph_merge_nodes
                0x10001e00       0x3e CMakeFiles/gpio_interrupt.dir/H_/Metropolia/IOT/Pico/Pico-SDK-v1.5.0/pico-sdk/src/common/pico_util/pheap.c.obj
 *fill*         0x10001e3e        0x2 
 .text.ph_clear
                0x10001e40       0x70 CMakeFiles/gpio_interrupt.dir/H_/Metropolia/IOT/Pico/Pico-SDK-v1.5.0/pico-sdk/src/common/pico_util/pheap.c.obj
                0x10001e40                ph_clear
 .text.ph_post_alloc_init
                0x10001eb0        0xe CMakeFiles/gpio_interrupt.dir/H_/Metropolia/IOT/Pico/Pico-SDK-v1.5.0/pico-sdk/src/common/pico_util/pheap.c.obj
                0x10001eb0                ph_post_alloc_init
 *fill*         0x10001ebe        0x2 
 .text.ph_merge_two_pass
                0x10001ec0       0xa8 CMakeFiles/gpio_interrupt.dir/H_/Metropolia/IOT/Pico/Pico-SDK-v1.5.0/pico-sdk/src/common/pico_util/pheap.c.obj
                0x10001ec0                ph_merge_two_pass
 .text.ph_remove_any_head
                0x10001f68      0x128 CMakeFiles/gpio_interrupt.dir/H_/Metropolia/IOT/Pico/Pico-SDK-v1.5.0/pico-sdk/src/common/pico_util/pheap.c.obj
 .text.ph_remove_head
                0x10002090       0x14 CMakeFiles/gpio_interrupt.dir/H_/Metropolia/IOT/Pico/Pico-SDK-v1.5.0/pico-sdk/src/common/pico_util/pheap.c.obj
                0x10002090                ph_remove_head
 .text.ph_remove_and_free_node
                0x100020a4       0xf8 CMakeFiles/gpio_interrupt.dir/H_/Metropolia/IOT/Pico/Pico-SDK-v1.5.0/pico-sdk/src/common/pico_util/pheap.c.obj
                0x100020a4                ph_remove_and_free_node
 .text.queue_add_internal
                0x1000219c       0xa0 CMakeFiles/gpio_interrupt.dir/H_/Metropolia/IOT/Pico/Pico-SDK-v1.5.0/pico-sdk/src/common/pico_util/queue.c.obj
 .text.queue_remove_internal
                0x1000223c       0xa4 CMakeFiles/gpio_interrupt.dir/H_/Metropolia/IOT/Pico/Pico-SDK-v1.5.0/pico-sdk/src/common/pico_util/queue.c.obj
 .text.queue_init_with_spinlock
                0x100022e0       0x24 CMakeFiles/gpio_interrupt.dir/H_/Metropolia/IOT/Pico/Pico-SDK-v1.5.0/pico-sdk/src/common/pico_util/queue.c.obj
                0x100022e0                queue_init_with_spinlock
 .text.queue_try_add
                0x10002304        0xa CMakeFiles/gpio_interrupt.dir/H_/Metropolia/IOT/Pico/Pico-SDK-v1.5.0/pico-sdk/src/common/pico_util/queue.c.obj
                0x10002304                queue_try_add
 .text.queue_try_remove
                0x1000230e        0xa CMakeFiles/gpio_interrupt.dir/H_/Metropolia/IOT/Pico/Pico-SDK-v1.5.0/pico-sdk/src/common/pico_util/queue.c.obj
                0x1000230e                queue_try_remove
 .text.clock_configure
                0x10002318      0x104 CMakeFiles/gpio_interrupt.dir/H_/Metropolia/IOT/Pico/Pico-SDK-v1.5.0/pico-sdk/src/rp2_common/hardware_clocks/clocks.c.obj
                0x10002318                clock_configure
 .text.clocks_init
                0x1000241c      0x100 CMakeFiles/gpio_interrupt.dir/H_/Metropolia/IOT/Pico/Pico-SDK-v1.5.0/pico-sdk/src/rp2_common/hardware_clocks/clocks.c.obj
                0x1000241c                clocks_init
 .text.pll_init
                0x1000251c      0x12c CMakeFiles/gpio_interrupt.dir/H_/Metropolia/IOT/Pico/Pico-SDK-v1.5.0/pico-sdk/src/rp2_common/hardware_pll/pll.c.obj
                0x1000251c                pll_init
 .text.watchdog_start_tick
                0x10002648       0x10 CMakeFiles/gpio_interrupt.dir/H_/Metropolia/IOT/Pico/Pico-SDK-v1.5.0/pico-sdk/src/rp2_common/hardware_watchdog/watchdog.c.obj
                0x10002648                watchdog_start_tick
 .text.watchdog_update
                0x10002658       0x14 CMakeFiles/gpio_interrupt.dir/H_/Metropolia/IOT/Pico/Pico-SDK-v1.5.0/pico-sdk/src/rp2_common/hardware_watchdog/watchdog.c.obj
                0x10002658                watchdog_update
 .text._watchdog_enable
                0x1000266c       0x78 CMakeFiles/gpio_interrupt.dir/H_/Metropolia/IOT/Pico/Pico-SDK-v1.5.0/pico-sdk/src/rp2_common/hardware_watchdog/watchdog.c.obj
                0x1000266c                _watchdog_enable
 .text.watchdog_reboot
                0x100026e4       0x48 CMakeFiles/gpio_interrupt.dir/H_/Metropolia/IOT/Pico/Pico-SDK-v1.5.0/pico-sdk/src/rp2_common/hardware_watchdog/watchdog.c.obj
                0x100026e4                watchdog_reboot
 .text.xosc_init
                0x1000272c       0x28 CMakeFiles/gpio_interrupt.dir/H_/Metropolia/IOT/Pico/Pico-SDK-v1.5.0/pico-sdk/src/rp2_common/hardware_xosc/xosc.c.obj
                0x1000272c                xosc_init
 .text._exit    0x10002754        0x4 CMakeFiles/gpio_interrupt.dir/H_/Metropolia/IOT/Pico/Pico-SDK-v1.5.0/pico-sdk/src/rp2_common/pico_runtime/runtime.c.obj
                0x10002754                _exit
 .text._sbrk    0x10002758       0x38 CMakeFiles/gpio_interrupt.dir/H_/Metropolia/IOT/Pico/Pico-SDK-v1.5.0/pico-sdk/src/rp2_common/pico_runtime/runtime.c.obj
                0x10002758                _sbrk
 .text.exit     0x10002790        0x6 CMakeFiles/gpio_interrupt.dir/H_/Metropolia/IOT/Pico/Pico-SDK-v1.5.0/pico-sdk/src/rp2_common/pico_runtime/runtime.c.obj
                0x10002790                exit
 *fill*         0x10002796        0x2 
 .text.__assert_func
                0x10002798       0x3c CMakeFiles/gpio_interrupt.dir/H_/Metropolia/IOT/Pico/Pico-SDK-v1.5.0/pico-sdk/src/rp2_common/pico_runtime/runtime.c.obj
                0x10002798                __assert_func
 .text.runtime_init
                0x100027d4       0xf8 CMakeFiles/gpio_interrupt.dir/H_/Metropolia/IOT/Pico/Pico-SDK-v1.5.0/pico-sdk/src/rp2_common/pico_runtime/runtime.c.obj
                0x100027d4                runtime_init
 .text.panic    0x100028cc       0x30 CMakeFiles/gpio_interrupt.dir/H_/Metropolia/IOT/Pico/Pico-SDK-v1.5.0/pico-sdk/src/rp2_common/pico_runtime/runtime.c.obj
                0x100028cc                panic
 .text._out_null
                0x100028fc        0x2 CMakeFiles/gpio_interrupt.dir/H_/Metropolia/IOT/Pico/Pico-SDK-v1.5.0/pico-sdk/src/rp2_common/pico_printf/printf.c.obj
 .text._out_fct
                0x100028fe        0xe CMakeFiles/gpio_interrupt.dir/H_/Metropolia/IOT/Pico/Pico-SDK-v1.5.0/pico-sdk/src/rp2_common/pico_printf/printf.c.obj
 .text._atoi    0x1000290c       0x24 CMakeFiles/gpio_interrupt.dir/H_/Metropolia/IOT/Pico/Pico-SDK-v1.5.0/pico-sdk/src/rp2_common/pico_printf/printf.c.obj
 .text._out_rev
                0x10002930       0xae CMakeFiles/gpio_interrupt.dir/H_/Metropolia/IOT/Pico/Pico-SDK-v1.5.0/pico-sdk/src/rp2_common/pico_printf/printf.c.obj
 .text._ntoa_format
                0x100029de      0x112 CMakeFiles/gpio_interrupt.dir/H_/Metropolia/IOT/Pico/Pico-SDK-v1.5.0/pico-sdk/src/rp2_common/pico_printf/printf.c.obj
 .text._ntoa_long
                0x10002af0       0xbc CMakeFiles/gpio_interrupt.dir/H_/Metropolia/IOT/Pico/Pico-SDK-v1.5.0/pico-sdk/src/rp2_common/pico_printf/printf.c.obj
 .text._ntoa_long_long
                0x10002bac       0xe2 CMakeFiles/gpio_interrupt.dir/H_/Metropolia/IOT/Pico/Pico-SDK-v1.5.0/pico-sdk/src/rp2_common/pico_printf/printf.c.obj
 *fill*         0x10002c8e        0x2 
 .text._etoa    0x10002c90      0x414 CMakeFiles/gpio_interrupt.dir/H_/Metropolia/IOT/Pico/Pico-SDK-v1.5.0/pico-sdk/src/rp2_common/pico_printf/printf.c.obj
 .text._ftoa    0x100030a4      0x354 CMakeFiles/gpio_interrupt.dir/H_/Metropolia/IOT/Pico/Pico-SDK-v1.5.0/pico-sdk/src/rp2_common/pico_printf/printf.c.obj
 .text._vsnprintf
                0x100033f8      0x624 CMakeFiles/gpio_interrupt.dir/H_/Metropolia/IOT/Pico/Pico-SDK-v1.5.0/pico-sdk/src/rp2_common/pico_printf/printf.c.obj
 .text.vfctprintf
                0x10003a1c       0x20 CMakeFiles/gpio_interrupt.dir/H_/Metropolia/IOT/Pico/Pico-SDK-v1.5.0/pico-sdk/src/rp2_common/pico_printf/printf.c.obj
                0x10003a1c                vfctprintf
 .text          0x10003a3c       0x10 CMakeFiles/gpio_interrupt.dir/H_/Metropolia/IOT/Pico/Pico-SDK-v1.5.0/pico-sdk/src/rp2_common/pico_bit_ops/bit_ops_aeabi.S.obj
 .text.rom_func_lookup
                0x10003a4c       0x10 CMakeFiles/gpio_interrupt.dir/H_/Metropolia/IOT/Pico/Pico-SDK-v1.5.0/pico-sdk/src/rp2_common/pico_bootrom/bootrom.c.obj
                0x10003a4c                rom_func_lookup
 .text.rom_data_lookup
                0x10003a5c       0x10 CMakeFiles/gpio_interrupt.dir/H_/Metropolia/IOT/Pico/Pico-SDK-v1.5.0/pico-sdk/src/rp2_common/pico_bootrom/bootrom.c.obj
                0x10003a5c                rom_data_lookup
 .text.rom_funcs_lookup
                0x10003a6c       0x36 CMakeFiles/gpio_interrupt.dir/H_/Metropolia/IOT/Pico/Pico-SDK-v1.5.0/pico-sdk/src/rp2_common/pico_bootrom/bootrom.c.obj
                0x10003a6c                rom_funcs_lookup
 *fill*         0x10003aa2        0x2 
 .text.__wrap___aeabi_idiv
                0x10003aa4       0x50 CMakeFiles/gpio_interrupt.dir/H_/Metropolia/IOT/Pico/Pico-SDK-v1.5.0/pico-sdk/src/rp2_common/pico_divider/divider.S.obj
                0x10003aa4                __wrap___aeabi_idivmod
                0x10003aa4                divmod_s32s32
                0x10003aa4                div_s32s32
                0x10003aa4                __wrap___aeabi_idiv
                0x10003aac                divmod_s32s32_unsafe
                0x10003ad8                divmod_s32s32_savestate
 .text.__wrap___aeabi_uidiv
                0x10003af4       0x4c CMakeFiles/gpio_interrupt.dir/H_/Metropolia/IOT/Pico/Pico-SDK-v1.5.0/pico-sdk/src/rp2_common/pico_divider/divider.S.obj
                0x10003af4                __wrap___aeabi_uidiv
                0x10003af4                __wrap___aeabi_uidivmod
                0x10003af4                div_u32u32
                0x10003af4                divmod_u32u32
                0x10003afc                divmod_u32u32_unsafe
                0x10003b24                divmod_u32u32_savestate
 .text.__wrap___aeabi_ldiv
                0x10003b40      0x424 CMakeFiles/gpio_interrupt.dir/H_/Metropolia/IOT/Pico/Pico-SDK-v1.5.0/pico-sdk/src/rp2_common/pico_divider/divider.S.obj
                0x10003b40                div_s64s64
                0x10003b40                divmod_s64s64
                0x10003b40                __wrap___aeabi_ldivmod
                0x10003b70                divmod_u64u64
                0x10003b70                div_u64u64
                0x10003b70                __wrap___aeabi_uldivmod
                0x10003b80                divmod_u64u64_savestate
                0x10003ba0                divmod_s64s64_unsafe
                0x10003c28                divmod_u64u64_unsafe
 .text.__wrap___aeabi_darithmetic
                0x10003f64       0x60 CMakeFiles/gpio_interrupt.dir/H_/Metropolia/IOT/Pico/Pico-SDK-v1.5.0/pico-sdk/src/rp2_common/pico_double/double_aeabi.S.obj
                0x10003f64                __wrap___aeabi_drsub
                0x10003f6a                __wrap___aeabi_dsub
                0x10003f74                __wrap___aeabi_dadd
                0x10003f7e                __wrap___aeabi_ddiv
                0x10003fb2                __wrap___aeabi_dmul
 .text.__wrap___aeabi_cdcmple
                0x10003fc4       0x6c CMakeFiles/gpio_interrupt.dir/H_/Metropolia/IOT/Pico/Pico-SDK-v1.5.0/pico-sdk/src/rp2_common/pico_double/double_aeabi.S.obj
                0x10003fc4                __wrap___aeabi_cdrcmple
                0x10003fd4                __wrap___aeabi_cdcmpeq
                0x10003fd4                __wrap___aeabi_cdcmple
 .text.__wrap___aeabi_dcmplt
                0x10004030        0xc CMakeFiles/gpio_interrupt.dir/H_/Metropolia/IOT/Pico/Pico-SDK-v1.5.0/pico-sdk/src/rp2_common/pico_double/double_aeabi.S.obj
                0x10004030                __wrap___aeabi_dcmplt
 .text.__wrap___aeabi_dcmple
                0x1000403c       0x10 CMakeFiles/gpio_interrupt.dir/H_/Metropolia/IOT/Pico/Pico-SDK-v1.5.0/pico-sdk/src/rp2_common/pico_double/double_aeabi.S.obj
                0x1000403c                __wrap___aeabi_dcmple
 .text.__wrap___aeabi_dcmpge
                0x1000404c       0x10 CMakeFiles/gpio_interrupt.dir/H_/Metropolia/IOT/Pico/Pico-SDK-v1.5.0/pico-sdk/src/rp2_common/pico_double/double_aeabi.S.obj
                0x1000404c                __wrap___aeabi_dcmpge
 .text.__wrap___aeabi_dcmpgt
                0x1000405c        0xa CMakeFiles/gpio_interrupt.dir/H_/Metropolia/IOT/Pico/Pico-SDK-v1.5.0/pico-sdk/src/rp2_common/pico_double/double_aeabi.S.obj
                0x1000405c                __wrap___aeabi_dcmpgt
 .text.__wrap___aeabi_dcmpun
                0x10004066       0x1c CMakeFiles/gpio_interrupt.dir/H_/Metropolia/IOT/Pico/Pico-SDK-v1.5.0/pico-sdk/src/rp2_common/pico_double/double_aeabi.S.obj
                0x10004066                __wrap___aeabi_dcmpun
 *fill*         0x10004082        0x2 
 .text.__wrap___aeabi_i2d
                0x10004084       0x38 CMakeFiles/gpio_interrupt.dir/H_/Metropolia/IOT/Pico/Pico-SDK-v1.5.0/pico-sdk/src/rp2_common/pico_double/double_aeabi.S.obj
                0x10004084                __wrap___aeabi_ui2d
                0x1000408c                __wrap___aeabi_i2d
 .text.__wrap___aeabi_d2iz
                0x100040bc       0x48 CMakeFiles/gpio_interrupt.dir/H_/Metropolia/IOT/Pico/Pico-SDK-v1.5.0/pico-sdk/src/rp2_common/pico_double/double_aeabi.S.obj
                0x100040bc                double2int_z
                0x100040bc                __wrap___aeabi_d2iz
 .text.__wrap___aeabi_d2uiz
                0x10004104       0x10 CMakeFiles/gpio_interrupt.dir/H_/Metropolia/IOT/Pico/Pico-SDK-v1.5.0/pico-sdk/src/rp2_common/pico_double/double_aeabi.S.obj
                0x10004104                __wrap___aeabi_d2uiz
                0x10004104                double2uint
 .text.missing_double_func_shim
                0x10004114        0xc CMakeFiles/gpio_interrupt.dir/H_/Metropolia/IOT/Pico/Pico-SDK-v1.5.0/pico-sdk/src/rp2_common/pico_double/double_init_rom.c.obj
 .text.__aeabi_double_init
                0x10004120       0xcc CMakeFiles/gpio_interrupt.dir/H_/Metropolia/IOT/Pico/Pico-SDK-v1.5.0/pico-sdk/src/rp2_common/pico_double/double_init_rom.c.obj
                0x10004120                __aeabi_double_init
 .text.double_table_shim_on_use_helper
                0x100041ec       0x34 CMakeFiles/gpio_interrupt.dir/H_/Metropolia/IOT/Pico/Pico-SDK-v1.5.0/pico-sdk/src/rp2_common/pico_double/double_v1_rom_shim.S.obj
                0x100041ec                double_table_shim_on_use_helper
 .text.__aeabi_lmul
                0x10004220       0x32 CMakeFiles/gpio_interrupt.dir/H_/Metropolia/IOT/Pico/Pico-SDK-v1.5.0/pico-sdk/src/rp2_common/pico_int64_ops/pico_int64_ops_aeabi.S.obj
                0x10004220                __wrap___aeabi_lmul
 *fill*         0x10004252        0x2 
 .text.missing_float_func_shim
                0x10004254        0xc CMakeFiles/gpio_interrupt.dir/H_/Metropolia/IOT/Pico/Pico-SDK-v1.5.0/pico-sdk/src/rp2_common/pico_float/float_init_rom.c.obj
 .text.__aeabi_float_init
                0x10004260       0x88 CMakeFiles/gpio_interrupt.dir/H_/Metropolia/IOT/Pico/Pico-SDK-v1.5.0/pico-sdk/src/rp2_common/pico_float/float_init_rom.c.obj
                0x10004260                __aeabi_float_init
 .text.__wrap_calloc
                0x100042e8       0x24 CMakeFiles/gpio_interrupt.dir/H_/Metropolia/IOT/Pico/Pico-SDK-v1.5.0/pico-sdk/src/rp2_common/pico_malloc/pico_malloc.c.obj
                0x100042e8                __wrap_calloc
 .text          0x1000430c       0x10 CMakeFiles/gpio_interrupt.dir/H_/Metropolia/IOT/Pico/Pico-SDK-v1.5.0/pico-sdk/src/rp2_common/pico_mem_ops/mem_ops_aeabi.S.obj
                0x1000430c                __aeabi_mem_init
 .text.memset   0x1000431c        0xc CMakeFiles/gpio_interrupt.dir/H_/Metropolia/IOT/Pico/Pico-SDK-v1.5.0/pico-sdk/src/rp2_common/pico_mem_ops/mem_ops_aeabi.S.obj
                0x1000431c                __wrap_memset
 .text.memcpy   0x10004328        0xc CMakeFiles/gpio_interrupt.dir/H_/Metropolia/IOT/Pico/Pico-SDK-v1.5.0/pico-sdk/src/rp2_common/pico_mem_ops/mem_ops_aeabi.S.obj
                0x10004328                __wrap_memcpy
                0x10004328                __wrap___aeabi_memcpy
 .text.stdio_out_chars_no_crlf
                0x10004334        0xe CMakeFiles/gpio_interrupt.dir/H_/Metropolia/IOT/Pico/Pico-SDK-v1.5.0/pico-sdk/src/rp2_common/pico_stdio/stdio.c.obj
 *fill*         0x10004342        0x2 
 .text.stdio_out_chars_crlf
                0x10004344       0x80 CMakeFiles/gpio_interrupt.dir/H_/Metropolia/IOT/Pico/Pico-SDK-v1.5.0/pico-sdk/src/rp2_common/pico_stdio/stdio.c.obj
 .text.stdio_stack_buffer_flush
                0x100043c4       0x44 CMakeFiles/gpio_interrupt.dir/H_/Metropolia/IOT/Pico/Pico-SDK-v1.5.0/pico-sdk/src/rp2_common/pico_stdio/stdio.c.obj
 .text.stdio_buffered_printer
                0x10004408       0x20 CMakeFiles/gpio_interrupt.dir/H_/Metropolia/IOT/Pico/Pico-SDK-v1.5.0/pico-sdk/src/rp2_common/pico_stdio/stdio.c.obj
 .text.stdout_serialize_begin
                0x10004428       0x5c CMakeFiles/gpio_interrupt.dir/H_/Metropolia/IOT/Pico/Pico-SDK-v1.5.0/pico-sdk/src/rp2_common/pico_stdio/stdio.c.obj
                0x10004428                stdout_serialize_begin
 .text.stdout_serialize_end
                0x10004484       0x10 CMakeFiles/gpio_interrupt.dir/H_/Metropolia/IOT/Pico/Pico-SDK-v1.5.0/pico-sdk/src/rp2_common/pico_stdio/stdio.c.obj
                0x10004484                stdout_serialize_end
 .text.stdio_put_string
                0x10004494       0x98 CMakeFiles/gpio_interrupt.dir/H_/Metropolia/IOT/Pico/Pico-SDK-v1.5.0/pico-sdk/src/rp2_common/pico_stdio/stdio.c.obj
 .text.stdio_set_driver_enabled
                0x1000452c       0x2c CMakeFiles/gpio_interrupt.dir/H_/Metropolia/IOT/Pico/Pico-SDK-v1.5.0/pico-sdk/src/rp2_common/pico_stdio/stdio.c.obj
                0x1000452c                stdio_set_driver_enabled
 .text.stdio_flush
                0x10004558       0x20 CMakeFiles/gpio_interrupt.dir/H_/Metropolia/IOT/Pico/Pico-SDK-v1.5.0/pico-sdk/src/rp2_common/pico_stdio/stdio.c.obj
                0x10004558                stdio_flush
 .text.__wrap_puts
                0x10004578       0x1e CMakeFiles/gpio_interrupt.dir/H_/Metropolia/IOT/Pico/Pico-SDK-v1.5.0/pico-sdk/src/rp2_common/pico_stdio/stdio.c.obj
                0x10004578                __wrap_puts
 *fill*         0x10004596        0x2 
 .text.__wrap_vprintf
                0x10004598       0x40 CMakeFiles/gpio_interrupt.dir/H_/Metropolia/IOT/Pico/Pico-SDK-v1.5.0/pico-sdk/src/rp2_common/pico_stdio/stdio.c.obj
                0x10004598                __wrap_vprintf
 .text.__wrap_printf
                0x100045d8       0x18 CMakeFiles/gpio_interrupt.dir/H_/Metropolia/IOT/Pico/Pico-SDK-v1.5.0/pico-sdk/src/rp2_common/pico_stdio/stdio.c.obj
                0x100045d8                __wrap_printf
 .text.stdio_init_all
                0x100045f0        0x8 CMakeFiles/gpio_interrupt.dir/H_/Metropolia/IOT/Pico/Pico-SDK-v1.5.0/pico-sdk/src/rp2_common/pico_stdio/stdio.c.obj
                0x100045f0                stdio_init_all
 .text.resetd_init
                0x100045f8        0x2 CMakeFiles/gpio_interrupt.dir/H_/Metropolia/IOT/Pico/Pico-SDK-v1.5.0/pico-sdk/src/rp2_common/pico_stdio_usb/reset_interface.c.obj
 *fill*         0x100045fa        0x2 
 .text.resetd_reset
                0x100045fc        0xc CMakeFiles/gpio_interrupt.dir/H_/Metropolia/IOT/Pico/Pico-SDK-v1.5.0/pico-sdk/src/rp2_common/pico_stdio_usb/reset_interface.c.obj
 .text.resetd_open
                0x10004608       0x34 CMakeFiles/gpio_interrupt.dir/H_/Metropolia/IOT/Pico/Pico-SDK-v1.5.0/pico-sdk/src/rp2_common/pico_stdio_usb/reset_interface.c.obj
 .text.resetd_xfer_cb
                0x1000463c        0x4 CMakeFiles/gpio_interrupt.dir/H_/Metropolia/IOT/Pico/Pico-SDK-v1.5.0/pico-sdk/src/rp2_common/pico_stdio_usb/reset_interface.c.obj
 .text.reset_usb_boot
                0x10004640       0x18 CMakeFiles/gpio_interrupt.dir/H_/Metropolia/IOT/Pico/Pico-SDK-v1.5.0/pico-sdk/src/rp2_common/pico_stdio_usb/reset_interface.c.obj
 .text.resetd_control_xfer_cb
                0x10004658       0x5c CMakeFiles/gpio_interrupt.dir/H_/Metropolia/IOT/Pico/Pico-SDK-v1.5.0/pico-sdk/src/rp2_common/pico_stdio_usb/reset_interface.c.obj
 .text.usbd_app_driver_get_cb
                0x100046b4        0xc CMakeFiles/gpio_interrupt.dir/H_/Metropolia/IOT/Pico/Pico-SDK-v1.5.0/pico-sdk/src/rp2_common/pico_stdio_usb/reset_interface.c.obj
                0x100046b4                usbd_app_driver_get_cb
 .text.tud_cdc_line_coding_cb
                0x100046c0       0x28 CMakeFiles/gpio_interrupt.dir/H_/Metropolia/IOT/Pico/Pico-SDK-v1.5.0/pico-sdk/src/rp2_common/pico_stdio_usb/reset_interface.c.obj
                0x100046c0                tud_cdc_line_coding_cb
 .text.stdio_usb_set_chars_available_callback
                0x100046e8       0x14 CMakeFiles/gpio_interrupt.dir/H_/Metropolia/IOT/Pico/Pico-SDK-v1.5.0/pico-sdk/src/rp2_common/pico_stdio_usb/stdio_usb.c.obj
                0x100046e8                stdio_usb_set_chars_available_callback
 .text.usb_irq  0x100046fc       0x10 CMakeFiles/gpio_interrupt.dir/H_/Metropolia/IOT/Pico/Pico-SDK-v1.5.0/pico-sdk/src/rp2_common/pico_stdio_usb/stdio_usb.c.obj
 .text.timer_task
                0x1000470c       0x58 CMakeFiles/gpio_interrupt.dir/H_/Metropolia/IOT/Pico/Pico-SDK-v1.5.0/pico-sdk/src/rp2_common/pico_stdio_usb/stdio_usb.c.obj
 .text.low_priority_worker_irq
                0x10004764       0xd8 CMakeFiles/gpio_interrupt.dir/H_/Metropolia/IOT/Pico/Pico-SDK-v1.5.0/pico-sdk/src/rp2_common/pico_stdio_usb/stdio_usb.c.obj
 .text.tud_cdc_rx_cb
                0x1000483c       0x20 CMakeFiles/gpio_interrupt.dir/H_/Metropolia/IOT/Pico/Pico-SDK-v1.5.0/pico-sdk/src/rp2_common/pico_stdio_usb/stdio_usb.c.obj
                0x1000483c                tud_cdc_rx_cb
 .text.stdio_usb_init
                0x1000485c      0x12c CMakeFiles/gpio_interrupt.dir/H_/Metropolia/IOT/Pico/Pico-SDK-v1.5.0/pico-sdk/src/rp2_common/pico_stdio_usb/stdio_usb.c.obj
                0x1000485c                stdio_usb_init
 .text.stdio_usb_connected
                0x10004988        0xa CMakeFiles/gpio_interrupt.dir/H_/Metropolia/IOT/Pico/Pico-SDK-v1.5.0/pico-sdk/src/rp2_common/pico_stdio_usb/stdio_usb.c.obj
                0x10004988                stdio_usb_connected
 *fill*         0x10004992        0x2 
 .text.stdio_usb_in_chars
                0x10004994       0xc4 CMakeFiles/gpio_interrupt.dir/H_/Metropolia/IOT/Pico/Pico-SDK-v1.5.0/pico-sdk/src/rp2_common/pico_stdio_usb/stdio_usb.c.obj
                0x10004994                stdio_usb_in_chars
 .text.stdio_usb_out_chars
                0x10004a58      0x114 CMakeFiles/gpio_interrupt.dir/H_/Metropolia/IOT/Pico/Pico-SDK-v1.5.0/pico-sdk/src/rp2_common/pico_stdio_usb/stdio_usb.c.obj
 .text.tud_descriptor_device_cb
                0x10004b6c        0x8 CMakeFiles/gpio_interrupt.dir/H_/Metropolia/IOT/Pico/Pico-SDK-v1.5.0/pico-sdk/src/rp2_common/pico_stdio_usb/stdio_usb_descriptors.c.obj
                0x10004b6c                tud_descriptor_device_cb
 .text.tud_descriptor_configuration_cb
                0x10004b74        0x8 CMakeFiles/gpio_interrupt.dir/H_/Metropolia/IOT/Pico/Pico-SDK-v1.5.0/pico-sdk/src/rp2_common/pico_stdio_usb/stdio_usb_descriptors.c.obj
                0x10004b74                tud_descriptor_configuration_cb
 .text.tud_descriptor_string_cb
                0x10004b7c       0x6c CMakeFiles/gpio_interrupt.dir/H_/Metropolia/IOT/Pico/Pico-SDK-v1.5.0/pico-sdk/src/rp2_common/pico_stdio_usb/stdio_usb_descriptors.c.obj
                0x10004b7c                tud_descriptor_string_cb
 .text._retrieve_unique_id_on_boot
                0x10004be8       0x10 CMakeFiles/gpio_interrupt.dir/H_/Metropolia/IOT/Pico/Pico-SDK-v1.5.0/pico-sdk/src/rp2_common/pico_unique_id/unique_id.c.obj
 .text.pico_get_unique_board_id_string
                0x10004bf8       0x60 CMakeFiles/gpio_interrupt.dir/H_/Metropolia/IOT/Pico/Pico-SDK-v1.5.0/pico-sdk/src/rp2_common/pico_unique_id/unique_id.c.obj
                0x10004bf8                pico_get_unique_board_id_string
 .text.flash_get_unique_id
                0x10004c58       0x46 CMakeFiles/gpio_interrupt.dir/H_/Metropolia/IOT/Pico/Pico-SDK-v1.5.0/pico-sdk/src/rp2_common/hardware_flash/flash.c.obj
                0x10004c58                flash_get_unique_id
 *fill*         0x10004c9e        0x2 
 .text.hw_endpoint_get_by_addr
                0x10004ca0       0x18 CMakeFiles/gpio_interrupt.dir/H_/Metropolia/IOT/Pico/Pico-SDK-v1.5.0/pico-sdk/lib/tinyusb/src/portable/raspberrypi/rp2040/dcd_rp2040.c.obj
 .text._hw_endpoint_alloc
                0x10004cb8       0x70 CMakeFiles/gpio_interrupt.dir/H_/Metropolia/IOT/Pico/Pico-SDK-v1.5.0/pico-sdk/lib/tinyusb/src/portable/raspberrypi/rp2040/dcd_rp2040.c.obj
 .text.hw_endpoint_init
                0x10004d28       0x88 CMakeFiles/gpio_interrupt.dir/H_/Metropolia/IOT/Pico/Pico-SDK-v1.5.0/pico-sdk/lib/tinyusb/src/portable/raspberrypi/rp2040/dcd_rp2040.c.obj
 .text.hw_endpoint_xfer
                0x10004db0       0x14 CMakeFiles/gpio_interrupt.dir/H_/Metropolia/IOT/Pico/Pico-SDK-v1.5.0/pico-sdk/lib/tinyusb/src/portable/raspberrypi/rp2040/dcd_rp2040.c.obj
 .text.dcd_int_enable
                0x10004dc4       0x2c CMakeFiles/gpio_interrupt.dir/H_/Metropolia/IOT/Pico/Pico-SDK-v1.5.0/pico-sdk/lib/tinyusb/src/portable/raspberrypi/rp2040/dcd_rp2040.c.obj
                0x10004dc4                dcd_int_enable
 .text.dcd_set_address
                0x10004df0       0x2c CMakeFiles/gpio_interrupt.dir/H_/Metropolia/IOT/Pico/Pico-SDK-v1.5.0/pico-sdk/lib/tinyusb/src/portable/raspberrypi/rp2040/dcd_rp2040.c.obj
                0x10004df0                dcd_set_address
 .text.dcd_connect
                0x10004e1c       0x10 CMakeFiles/gpio_interrupt.dir/H_/Metropolia/IOT/Pico/Pico-SDK-v1.5.0/pico-sdk/lib/tinyusb/src/portable/raspberrypi/rp2040/dcd_rp2040.c.obj
                0x10004e1c                dcd_connect
 .text.dcd_init
                0x10004e2c       0x80 CMakeFiles/gpio_interrupt.dir/H_/Metropolia/IOT/Pico/Pico-SDK-v1.5.0/pico-sdk/lib/tinyusb/src/portable/raspberrypi/rp2040/dcd_rp2040.c.obj
                0x10004e2c                dcd_init
 .text.dcd_edpt0_status_complete
                0x10004eac       0x1c CMakeFiles/gpio_interrupt.dir/H_/Metropolia/IOT/Pico/Pico-SDK-v1.5.0/pico-sdk/lib/tinyusb/src/portable/raspberrypi/rp2040/dcd_rp2040.c.obj
                0x10004eac                dcd_edpt0_status_complete
 .text.dcd_edpt_open
                0x10004ec8       0x40 CMakeFiles/gpio_interrupt.dir/H_/Metropolia/IOT/Pico/Pico-SDK-v1.5.0/pico-sdk/lib/tinyusb/src/portable/raspberrypi/rp2040/dcd_rp2040.c.obj
                0x10004ec8                dcd_edpt_open
 .text.dcd_edpt_close_all
                0x10004f08        0x8 CMakeFiles/gpio_interrupt.dir/H_/Metropolia/IOT/Pico/Pico-SDK-v1.5.0/pico-sdk/lib/tinyusb/src/portable/raspberrypi/rp2040/dcd_rp2040.c.obj
                0x10004f08                dcd_edpt_close_all
 .text.dcd_edpt_xfer
                0x10004f10       0x34 CMakeFiles/gpio_interrupt.dir/H_/Metropolia/IOT/Pico/Pico-SDK-v1.5.0/pico-sdk/lib/tinyusb/src/portable/raspberrypi/rp2040/dcd_rp2040.c.obj
                0x10004f10                dcd_edpt_xfer
 .text.dcd_edpt_stall
                0x10004f44       0x2c CMakeFiles/gpio_interrupt.dir/H_/Metropolia/IOT/Pico/Pico-SDK-v1.5.0/pico-sdk/lib/tinyusb/src/portable/raspberrypi/rp2040/dcd_rp2040.c.obj
                0x10004f44                dcd_edpt_stall
 .text.dcd_edpt_clear_stall
                0x10004f70       0x20 CMakeFiles/gpio_interrupt.dir/H_/Metropolia/IOT/Pico/Pico-SDK-v1.5.0/pico-sdk/lib/tinyusb/src/portable/raspberrypi/rp2040/dcd_rp2040.c.obj
                0x10004f70                dcd_edpt_clear_stall
 .text.rp2040_usb_init
                0x10004f90       0x4c CMakeFiles/gpio_interrupt.dir/H_/Metropolia/IOT/Pico/Pico-SDK-v1.5.0/pico-sdk/lib/tinyusb/src/portable/raspberrypi/rp2040/rp2040_usb.c.obj
                0x10004f90                rp2040_usb_init
 .text.hw_endpoint_xfer_start
                0x10004fdc       0x50 CMakeFiles/gpio_interrupt.dir/H_/Metropolia/IOT/Pico/Pico-SDK-v1.5.0/pico-sdk/lib/tinyusb/src/portable/raspberrypi/rp2040/rp2040_usb.c.obj
                0x10004fdc                hw_endpoint_xfer_start
 .text.configuration_reset
                0x1000502c       0x84 CMakeFiles/gpio_interrupt.dir/H_/Metropolia/IOT/Pico/Pico-SDK-v1.5.0/pico-sdk/lib/tinyusb/src/device/usbd.c.obj
 .text.usbd_reset
                0x100050b0        0xc CMakeFiles/gpio_interrupt.dir/H_/Metropolia/IOT/Pico/Pico-SDK-v1.5.0/pico-sdk/lib/tinyusb/src/device/usbd.c.obj
 .text.invoke_class_control
                0x100050bc       0x1a CMakeFiles/gpio_interrupt.dir/H_/Metropolia/IOT/Pico/Pico-SDK-v1.5.0/pico-sdk/lib/tinyusb/src/device/usbd.c.obj
 *fill*         0x100050d6        0x2 
 .text.process_set_config
                0x100050d8      0x178 CMakeFiles/gpio_interrupt.dir/H_/Metropolia/IOT/Pico/Pico-SDK-v1.5.0/pico-sdk/lib/tinyusb/src/device/usbd.c.obj
 .text.process_get_descriptor
                0x10005250       0xdc CMakeFiles/gpio_interrupt.dir/H_/Metropolia/IOT/Pico/Pico-SDK-v1.5.0/pico-sdk/lib/tinyusb/src/device/usbd.c.obj
 .text.tud_mounted
                0x1000532c       0x10 CMakeFiles/gpio_interrupt.dir/H_/Metropolia/IOT/Pico/Pico-SDK-v1.5.0/pico-sdk/lib/tinyusb/src/device/usbd.c.obj
                0x1000532c                tud_mounted
 .text.tud_suspended
                0x1000533c       0x10 CMakeFiles/gpio_interrupt.dir/H_/Metropolia/IOT/Pico/Pico-SDK-v1.5.0/pico-sdk/lib/tinyusb/src/device/usbd.c.obj
                0x1000533c                tud_suspended
 .text.tud_inited
                0x1000534c       0x14 CMakeFiles/gpio_interrupt.dir/H_/Metropolia/IOT/Pico/Pico-SDK-v1.5.0/pico-sdk/lib/tinyusb/src/device/usbd.c.obj
                0x1000534c                tud_inited
 .text.tud_init
                0x10005360       0xcc CMakeFiles/gpio_interrupt.dir/H_/Metropolia/IOT/Pico/Pico-SDK-v1.5.0/pico-sdk/lib/tinyusb/src/device/usbd.c.obj
                0x10005360                tud_init
 .text.usbd_defer_func
                0x1000542c       0x2a CMakeFiles/gpio_interrupt.dir/H_/Metropolia/IOT/Pico/Pico-SDK-v1.5.0/pico-sdk/lib/tinyusb/src/device/usbd.c.obj
                0x1000542c                usbd_defer_func
 *fill*         0x10005456        0x2 
 .text.usbd_edpt_open
                0x10005458       0x34 CMakeFiles/gpio_interrupt.dir/H_/Metropolia/IOT/Pico/Pico-SDK-v1.5.0/pico-sdk/lib/tinyusb/src/device/usbd.c.obj
                0x10005458                usbd_edpt_open
 .text.usbd_open_edpt_pair
                0x1000548c       0x62 CMakeFiles/gpio_interrupt.dir/H_/Metropolia/IOT/Pico/Pico-SDK-v1.5.0/pico-sdk/lib/tinyusb/src/device/usbd.c.obj
                0x1000548c                usbd_open_edpt_pair
 *fill*         0x100054ee        0x2 
 .text.usbd_edpt_claim
                0x100054f0       0x28 CMakeFiles/gpio_interrupt.dir/H_/Metropolia/IOT/Pico/Pico-SDK-v1.5.0/pico-sdk/lib/tinyusb/src/device/usbd.c.obj
                0x100054f0                usbd_edpt_claim
 .text.usbd_edpt_release
                0x10005518       0x28 CMakeFiles/gpio_interrupt.dir/H_/Metropolia/IOT/Pico/Pico-SDK-v1.5.0/pico-sdk/lib/tinyusb/src/device/usbd.c.obj
                0x10005518                usbd_edpt_release
 .text.usbd_edpt_xfer
                0x10005540       0x78 CMakeFiles/gpio_interrupt.dir/H_/Metropolia/IOT/Pico/Pico-SDK-v1.5.0/pico-sdk/lib/tinyusb/src/device/usbd.c.obj
                0x10005540                usbd_edpt_xfer
 .text.usbd_edpt_stall
                0x100055b8       0x48 CMakeFiles/gpio_interrupt.dir/H_/Metropolia/IOT/Pico/Pico-SDK-v1.5.0/pico-sdk/lib/tinyusb/src/device/usbd.c.obj
                0x100055b8                usbd_edpt_stall
 .text.usbd_edpt_clear_stall
                0x10005600       0x48 CMakeFiles/gpio_interrupt.dir/H_/Metropolia/IOT/Pico/Pico-SDK-v1.5.0/pico-sdk/lib/tinyusb/src/device/usbd.c.obj
                0x10005600                usbd_edpt_clear_stall
 .text.usbd_edpt_stalled
                0x10005648       0x1c CMakeFiles/gpio_interrupt.dir/H_/Metropolia/IOT/Pico/Pico-SDK-v1.5.0/pico-sdk/lib/tinyusb/src/device/usbd.c.obj
                0x10005648                usbd_edpt_stalled
 .text.process_control_request
                0x10005664      0x37c CMakeFiles/gpio_interrupt.dir/H_/Metropolia/IOT/Pico/Pico-SDK-v1.5.0/pico-sdk/lib/tinyusb/src/device/usbd.c.obj
 .text.tud_task_ext
                0x100059e0      0x1b4 CMakeFiles/gpio_interrupt.dir/H_/Metropolia/IOT/Pico/Pico-SDK-v1.5.0/pico-sdk/lib/tinyusb/src/device/usbd.c.obj
                0x100059e0                tud_task_ext
 .text._data_stage_xact
                0x10005b94       0x58 CMakeFiles/gpio_interrupt.dir/H_/Metropolia/IOT/Pico/Pico-SDK-v1.5.0/pico-sdk/lib/tinyusb/src/device/usbd_control.c.obj
 .text.tud_control_status
                0x10005bec       0x38 CMakeFiles/gpio_interrupt.dir/H_/Metropolia/IOT/Pico/Pico-SDK-v1.5.0/pico-sdk/lib/tinyusb/src/device/usbd_control.c.obj
                0x10005bec                tud_control_status
 .text.tud_control_xfer
                0x10005c24       0x74 CMakeFiles/gpio_interrupt.dir/H_/Metropolia/IOT/Pico/Pico-SDK-v1.5.0/pico-sdk/lib/tinyusb/src/device/usbd_control.c.obj
                0x10005c24                tud_control_xfer
 .text.usbd_control_reset
                0x10005c98       0x14 CMakeFiles/gpio_interrupt.dir/H_/Metropolia/IOT/Pico/Pico-SDK-v1.5.0/pico-sdk/lib/tinyusb/src/device/usbd_control.c.obj
                0x10005c98                usbd_control_reset
 .text.usbd_control_set_complete_callback
                0x10005cac        0xc CMakeFiles/gpio_interrupt.dir/H_/Metropolia/IOT/Pico/Pico-SDK-v1.5.0/pico-sdk/lib/tinyusb/src/device/usbd_control.c.obj
                0x10005cac                usbd_control_set_complete_callback
 .text.usbd_control_set_request
                0x10005cb8       0x1c CMakeFiles/gpio_interrupt.dir/H_/Metropolia/IOT/Pico/Pico-SDK-v1.5.0/pico-sdk/lib/tinyusb/src/device/usbd_control.c.obj
                0x10005cb8                usbd_control_set_request
 .text.usbd_control_xfer_cb
                0x10005cd4       0xcc CMakeFiles/gpio_interrupt.dir/H_/Metropolia/IOT/Pico/Pico-SDK-v1.5.0/pico-sdk/lib/tinyusb/src/device/usbd_control.c.obj
                0x10005cd4                usbd_control_xfer_cb
 .text._prep_out_transaction
                0x10005da0       0x4a CMakeFiles/gpio_interrupt.dir/H_/Metropolia/IOT/Pico/Pico-SDK-v1.5.0/pico-sdk/lib/tinyusb/src/class/cdc/cdc_device.c.obj
 *fill*         0x10005dea        0x2 
 .text.tud_cdc_n_connected
                0x10005dec       0x44 CMakeFiles/gpio_interrupt.dir/H_/Metropolia/IOT/Pico/Pico-SDK-v1.5.0/pico-sdk/lib/tinyusb/src/class/cdc/cdc_device.c.obj
                0x10005dec                tud_cdc_n_connected
 .text.tud_cdc_n_available
                0x10005e30       0x18 CMakeFiles/gpio_interrupt.dir/H_/Metropolia/IOT/Pico/Pico-SDK-v1.5.0/pico-sdk/lib/tinyusb/src/class/cdc/cdc_device.c.obj
                0x10005e30                tud_cdc_n_available
 .text.tud_cdc_n_read
                0x10005e48       0x28 CMakeFiles/gpio_interrupt.dir/H_/Metropolia/IOT/Pico/Pico-SDK-v1.5.0/pico-sdk/lib/tinyusb/src/class/cdc/cdc_device.c.obj
                0x10005e48                tud_cdc_n_read
 .text.tud_cdc_n_write_flush
                0x10005e70       0xb8 CMakeFiles/gpio_interrupt.dir/H_/Metropolia/IOT/Pico/Pico-SDK-v1.5.0/pico-sdk/lib/tinyusb/src/class/cdc/cdc_device.c.obj
                0x10005e70                tud_cdc_n_write_flush
 .text.tud_cdc_n_write
                0x10005f28       0x38 CMakeFiles/gpio_interrupt.dir/H_/Metropolia/IOT/Pico/Pico-SDK-v1.5.0/pico-sdk/lib/tinyusb/src/class/cdc/cdc_device.c.obj
                0x10005f28                tud_cdc_n_write
 .text.tud_cdc_n_write_available
                0x10005f60       0x1c CMakeFiles/gpio_interrupt.dir/H_/Metropolia/IOT/Pico/Pico-SDK-v1.5.0/pico-sdk/lib/tinyusb/src/class/cdc/cdc_device.c.obj
                0x10005f60                tud_cdc_n_write_available
 .text.cdcd_init
                0x10005f7c       0xbc CMakeFiles/gpio_interrupt.dir/H_/Metropolia/IOT/Pico/Pico-SDK-v1.5.0/pico-sdk/lib/tinyusb/src/class/cdc/cdc_device.c.obj
                0x10005f7c                cdcd_init
 .text.cdcd_reset
                0x10006038       0x44 CMakeFiles/gpio_interrupt.dir/H_/Metropolia/IOT/Pico/Pico-SDK-v1.5.0/pico-sdk/lib/tinyusb/src/class/cdc/cdc_device.c.obj
                0x10006038                cdcd_reset
 .text.cdcd_open
                0x1000607c       0xcc CMakeFiles/gpio_interrupt.dir/H_/Metropolia/IOT/Pico/Pico-SDK-v1.5.0/pico-sdk/lib/tinyusb/src/class/cdc/cdc_device.c.obj
                0x1000607c                cdcd_open
 .text.cdcd_control_xfer_cb
                0x10006148      0x134 CMakeFiles/gpio_interrupt.dir/H_/Metropolia/IOT/Pico/Pico-SDK-v1.5.0/pico-sdk/lib/tinyusb/src/class/cdc/cdc_device.c.obj
                0x10006148                cdcd_control_xfer_cb
 .text.cdcd_xfer_cb
                0x1000627c      0x130 CMakeFiles/gpio_interrupt.dir/H_/Metropolia/IOT/Pico/Pico-SDK-v1.5.0/pico-sdk/lib/tinyusb/src/class/cdc/cdc_device.c.obj
                0x1000627c                cdcd_xfer_cb
 .text.tusb_init
                0x100063ac        0xa CMakeFiles/gpio_interrupt.dir/H_/Metropolia/IOT/Pico/Pico-SDK-v1.5.0/pico-sdk/lib/tinyusb/src/tusb.c.obj
                0x100063ac                tusb_init
 .text.tusb_inited
                0x100063b6        0xe CMakeFiles/gpio_interrupt.dir/H_/Metropolia/IOT/Pico/Pico-SDK-v1.5.0/pico-sdk/lib/tinyusb/src/tusb.c.obj
                0x100063b6                tusb_inited
 .text.tu_edpt_claim
                0x100063c4       0x50 CMakeFiles/gpio_interrupt.dir/H_/Metropolia/IOT/Pico/Pico-SDK-v1.5.0/pico-sdk/lib/tinyusb/src/tusb.c.obj
                0x100063c4                tu_edpt_claim
 .text.tu_edpt_release
                0x10006414       0x3c CMakeFiles/gpio_interrupt.dir/H_/Metropolia/IOT/Pico/Pico-SDK-v1.5.0/pico-sdk/lib/tinyusb/src/tusb.c.obj
                0x10006414                tu_edpt_release
 .text.tu_edpt_validate
                0x10006450       0x78 CMakeFiles/gpio_interrupt.dir/H_/Metropolia/IOT/Pico/Pico-SDK-v1.5.0/pico-sdk/lib/tinyusb/src/tusb.c.obj
                0x10006450                tu_edpt_validate
 .text.tu_edpt_bind_driver
                0x100064c8       0x26 CMakeFiles/gpio_interrupt.dir/H_/Metropolia/IOT/Pico/Pico-SDK-v1.5.0/pico-sdk/lib/tinyusb/src/tusb.c.obj
                0x100064c8                tu_edpt_bind_driver
 .text.advance_index
                0x100064ee       0x1a CMakeFiles/gpio_interrupt.dir/H_/Metropolia/IOT/Pico/Pico-SDK-v1.5.0/pico-sdk/lib/tinyusb/src/common/tusb_fifo.c.obj
 .text._tu_fifo_peek
                0x10006508       0x56 CMakeFiles/gpio_interrupt.dir/H_/Metropolia/IOT/Pico/Pico-SDK-v1.5.0/pico-sdk/lib/tinyusb/src/common/tusb_fifo.c.obj
 .text._ff_pull_const_addr
                0x1000655e       0x4c CMakeFiles/gpio_interrupt.dir/H_/Metropolia/IOT/Pico/Pico-SDK-v1.5.0/pico-sdk/lib/tinyusb/src/common/tusb_fifo.c.obj
 .text._ff_pull_n
                0x100065aa      0x110 CMakeFiles/gpio_interrupt.dir/H_/Metropolia/IOT/Pico/Pico-SDK-v1.5.0/pico-sdk/lib/tinyusb/src/common/tusb_fifo.c.obj
 .text._tu_fifo_peek_n
                0x100066ba       0x6a CMakeFiles/gpio_interrupt.dir/H_/Metropolia/IOT/Pico/Pico-SDK-v1.5.0/pico-sdk/lib/tinyusb/src/common/tusb_fifo.c.obj
 .text._tu_fifo_read_n
                0x10006724       0x4e CMakeFiles/gpio_interrupt.dir/H_/Metropolia/IOT/Pico/Pico-SDK-v1.5.0/pico-sdk/lib/tinyusb/src/common/tusb_fifo.c.obj
 .text._ff_push_const_addr
                0x10006772       0x40 CMakeFiles/gpio_interrupt.dir/H_/Metropolia/IOT/Pico/Pico-SDK-v1.5.0/pico-sdk/lib/tinyusb/src/common/tusb_fifo.c.obj
 .text._ff_push_n
                0x100067b2      0x10c CMakeFiles/gpio_interrupt.dir/H_/Metropolia/IOT/Pico/Pico-SDK-v1.5.0/pico-sdk/lib/tinyusb/src/common/tusb_fifo.c.obj
 .text._tu_fifo_write_n
                0x100068be       0xf0 CMakeFiles/gpio_interrupt.dir/H_/Metropolia/IOT/Pico/Pico-SDK-v1.5.0/pico-sdk/lib/tinyusb/src/common/tusb_fifo.c.obj
 .text.tu_fifo_config
                0x100069ae       0x7c CMakeFiles/gpio_interrupt.dir/H_/Metropolia/IOT/Pico/Pico-SDK-v1.5.0/pico-sdk/lib/tinyusb/src/common/tusb_fifo.c.obj
                0x100069ae                tu_fifo_config
 .text.tu_fifo_count
                0x10006a2a       0x2a CMakeFiles/gpio_interrupt.dir/H_/Metropolia/IOT/Pico/Pico-SDK-v1.5.0/pico-sdk/lib/tinyusb/src/common/tusb_fifo.c.obj
                0x10006a2a                tu_fifo_count
 .text.tu_fifo_empty
                0x10006a54       0x10 CMakeFiles/gpio_interrupt.dir/H_/Metropolia/IOT/Pico/Pico-SDK-v1.5.0/pico-sdk/lib/tinyusb/src/common/tusb_fifo.c.obj
                0x10006a54                tu_fifo_empty
 .text.tu_fifo_full
                0x10006a64       0x28 CMakeFiles/gpio_interrupt.dir/H_/Metropolia/IOT/Pico/Pico-SDK-v1.5.0/pico-sdk/lib/tinyusb/src/common/tusb_fifo.c.obj
                0x10006a64                tu_fifo_full
 .text.tu_fifo_remaining
                0x10006a8c       0x2c CMakeFiles/gpio_interrupt.dir/H_/Metropolia/IOT/Pico/Pico-SDK-v1.5.0/pico-sdk/lib/tinyusb/src/common/tusb_fifo.c.obj
                0x10006a8c                tu_fifo_remaining
 .text.tu_fifo_read
                0x10006ab8       0x42 CMakeFiles/gpio_interrupt.dir/H_/Metropolia/IOT/Pico/Pico-SDK-v1.5.0/pico-sdk/lib/tinyusb/src/common/tusb_fifo.c.obj
                0x10006ab8                tu_fifo_read
 .text.tu_fifo_read_n
                0x10006afa        0xa CMakeFiles/gpio_interrupt.dir/H_/Metropolia/IOT/Pico/Pico-SDK-v1.5.0/pico-sdk/lib/tinyusb/src/common/tusb_fifo.c.obj
                0x10006afa                tu_fifo_read_n
 .text.tu_fifo_write
                0x10006b04       0x64 CMakeFiles/gpio_interrupt.dir/H_/Metropolia/IOT/Pico/Pico-SDK-v1.5.0/pico-sdk/lib/tinyusb/src/common/tusb_fifo.c.obj
                0x10006b04                tu_fifo_write
 .text.tu_fifo_write_n
                0x10006b68        0xa CMakeFiles/gpio_interrupt.dir/H_/Metropolia/IOT/Pico/Pico-SDK-v1.5.0/pico-sdk/lib/tinyusb/src/common/tusb_fifo.c.obj
                0x10006b68                tu_fifo_write_n
 .text.tu_fifo_clear
                0x10006b72       0x3e CMakeFiles/gpio_interrupt.dir/H_/Metropolia/IOT/Pico/Pico-SDK-v1.5.0/pico-sdk/lib/tinyusb/src/common/tusb_fifo.c.obj
                0x10006b72                tu_fifo_clear
 .text.tu_fifo_set_overwritable
                0x10006bb0       0x46 CMakeFiles/gpio_interrupt.dir/H_/Metropolia/IOT/Pico/Pico-SDK-v1.5.0/pico-sdk/lib/tinyusb/src/common/tusb_fifo.c.obj
                0x10006bb0                tu_fifo_set_overwritable
 *fill*         0x10006bf6        0x2 
 .text.calloc   0x10006bf8       0x18 h:/metropolia/iot/pico/pico-sdk-v1.5.0/gcc-arm-none-eabi/bin/../lib/gcc/arm-none-eabi/10.3.1/../../../../arm-none-eabi/lib/thumb/v6-m/nofp\libg.a(lib_a-calloc.o)
                0x10006bf8                calloc
 .text._calloc_r
                0x10006c10       0x9c h:/metropolia/iot/pico/pico-sdk-v1.5.0/gcc-arm-none-eabi/bin/../lib/gcc/arm-none-eabi/10.3.1/../../../../arm-none-eabi/lib/thumb/v6-m/nofp\libg.a(lib_a-callocr.o)
                0x10006c10                _calloc_r
 .text.__errno  0x10006cac        0xc h:/metropolia/iot/pico/pico-sdk-v1.5.0/gcc-arm-none-eabi/bin/../lib/gcc/arm-none-eabi/10.3.1/../../../../arm-none-eabi/lib/thumb/v6-m/nofp\libg.a(lib_a-errno.o)
                0x10006cac                __errno
 .text._malloc_r
                0x10006cb8      0x584 h:/metropolia/iot/pico/pico-sdk-v1.5.0/gcc-arm-none-eabi/bin/../lib/gcc/arm-none-eabi/10.3.1/../../../../arm-none-eabi/lib/thumb/v6-m/nofp\libg.a(lib_a-mallocr.o)
                0x10006cb8                _malloc_r
 .text.__malloc_lock
                0x1000723c       0x10 h:/metropolia/iot/pico/pico-sdk-v1.5.0/gcc-arm-none-eabi/bin/../lib/gcc/arm-none-eabi/10.3.1/../../../../arm-none-eabi/lib/thumb/v6-m/nofp\libg.a(lib_a-mlock.o)
                0x1000723c                __malloc_lock
 .text.__malloc_unlock
                0x1000724c       0x10 h:/metropolia/iot/pico/pico-sdk-v1.5.0/gcc-arm-none-eabi/bin/../lib/gcc/arm-none-eabi/10.3.1/../../../../arm-none-eabi/lib/thumb/v6-m/nofp\libg.a(lib_a-mlock.o)
                0x1000724c                __malloc_unlock
 .text._sbrk_r  0x1000725c       0x24 h:/metropolia/iot/pico/pico-sdk-v1.5.0/gcc-arm-none-eabi/bin/../lib/gcc/arm-none-eabi/10.3.1/../../../../arm-none-eabi/lib/thumb/v6-m/nofp\libg.a(lib_a-sbrkr.o)
                0x1000725c                _sbrk_r
 .text.strlen   0x10007280       0x5c h:/metropolia/iot/pico/pico-sdk-v1.5.0/gcc-arm-none-eabi/bin/../lib/gcc/arm-none-eabi/10.3.1/../../../../arm-none-eabi/lib/thumb/v6-m/nofp\libg.a(lib_a-strlen-stub.o)
                0x10007280                strlen
 .text._malloc_trim_r
                0x100072dc       0x9c h:/metropolia/iot/pico/pico-sdk-v1.5.0/gcc-arm-none-eabi/bin/../lib/gcc/arm-none-eabi/10.3.1/../../../../arm-none-eabi/lib/thumb/v6-m/nofp\libg.a(lib_a-freer.o)
                0x100072dc                _malloc_trim_r
 .text._free_r  0x10007378      0x1c4 h:/metropolia/iot/pico/pico-sdk-v1.5.0/gcc-arm-none-eabi/bin/../lib/gcc/arm-none-eabi/10.3.1/../../../../arm-none-eabi/lib/thumb/v6-m/nofp\libg.a(lib_a-freer.o)
                0x10007378                _free_r
 .text.__retarget_lock_acquire_recursive
                0x1000753c        0x4 h:/metropolia/iot/pico/pico-sdk-v1.5.0/gcc-arm-none-eabi/bin/../lib/gcc/arm-none-eabi/10.3.1/../../../../arm-none-eabi/lib/thumb/v6-m/nofp\libg.a(lib_a-lock.o)
                0x1000753c                __retarget_lock_acquire_recursive
 .text.__retarget_lock_release_recursive
                0x10007540        0x4 h:/metropolia/iot/pico/pico-sdk-v1.5.0/gcc-arm-none-eabi/bin/../lib/gcc/arm-none-eabi/10.3.1/../../../../arm-none-eabi/lib/thumb/v6-m/nofp\libg.a(lib_a-lock.o)
                0x10007540                __retarget_lock_release_recursive
 *(.fini)
 .fini          0x10007544        0x4 h:/metropolia/iot/pico/pico-sdk-v1.5.0/gcc-arm-none-eabi/bin/../lib/gcc/arm-none-eabi/10.3.1/thumb/v6-m/nofp/crti.o
                0x10007544                _fini
 .fini.__stub   0x10007548       0xe0 linker stubs
 *crtbegin.o(.ctors)
 *crtbegin?.o(.ctors)
 *(EXCLUDE_FILE(*crtend.o *crtend?.o) .ctors)
 *(SORT_BY_NAME(.ctors.*))
 *(.ctors)
 *crtbegin.o(.dtors)
 *crtbegin?.o(.dtors)
 *(EXCLUDE_FILE(*crtend.o *crtend?.o) .dtors)
 *(SORT_BY_NAME(.dtors.*))
 *(.dtors)
 *(.eh_frame*)
 .eh_frame      0x10007628        0x0 h:/metropolia/iot/pico/pico-sdk-v1.5.0/gcc-arm-none-eabi/bin/../lib/gcc/arm-none-eabi/10.3.1/thumb/v6-m/nofp/crtbegin.o
                0x10007628                . = ALIGN (0x4)

.glue_7         0x10007628        0x0
 .glue_7        0x10007628        0x0 linker stubs

.glue_7t        0x10007628        0x0
 .glue_7t       0x10007628        0x0 linker stubs

.vfp11_veneer   0x10007628        0x0
 .vfp11_veneer  0x10007628        0x0 linker stubs

.v4_bx          0x10007628        0x0
 .v4_bx         0x10007628        0x0 linker stubs

.iplt           0x10007628        0x0
 .iplt          0x10007628        0x0 h:/metropolia/iot/pico/pico-sdk-v1.5.0/gcc-arm-none-eabi/bin/../lib/gcc/arm-none-eabi/10.3.1/thumb/v6-m/nofp/crtbegin.o

.rodata         0x10007628     0x1744
 *(EXCLUDE_FILE(*libm.a: *libc.a:*lib_a-mem*.o *libgcc.a:) .rodata*)
 .rodata.main.str1.4
                0x10007628        0xb CMakeFiles/gpio_interrupt.dir/main.c.obj
 *fill*         0x10007633        0x1 
 .rodata.spin_lock_claim_unused.str1.4
                0x10007634       0x1b CMakeFiles/gpio_interrupt.dir/H_/Metropolia/IOT/Pico/Pico-SDK-v1.5.0/pico-sdk/src/rp2_common/hardware_sync/sync.c.obj
 *fill*         0x1000764f        0x1 
 .rodata.make_branch.str1.4
                0x10007650       0x82 CMakeFiles/gpio_interrupt.dir/H_/Metropolia/IOT/Pico/Pico-SDK-v1.5.0/pico-sdk/src/rp2_common/hardware_irq/irq.c.obj
 *fill*         0x100076d2        0x2 
 .rodata.insert_branch_and_link.str1.4
                0x100076d4       0x10 CMakeFiles/gpio_interrupt.dir/H_/Metropolia/IOT/Pico/Pico-SDK-v1.5.0/pico-sdk/src/rp2_common/hardware_irq/irq.c.obj
 .rodata.irq_set_exclusive_handler.str1.4
                0x100076e4       0x36 CMakeFiles/gpio_interrupt.dir/H_/Metropolia/IOT/Pico/Pico-SDK-v1.5.0/pico-sdk/src/rp2_common/hardware_irq/irq.c.obj
 *fill*         0x1000771a        0x2 
 .rodata.irq_add_shared_handler.str1.4
                0x1000771c       0xd9 CMakeFiles/gpio_interrupt.dir/H_/Metropolia/IOT/Pico/Pico-SDK-v1.5.0/pico-sdk/src/rp2_common/hardware_irq/irq.c.obj
 *fill*         0x100077f5        0x3 
 .rodata.irq_remove_handler.str1.4
                0x100077f8       0x3a CMakeFiles/gpio_interrupt.dir/H_/Metropolia/IOT/Pico/Pico-SDK-v1.5.0/pico-sdk/src/rp2_common/hardware_irq/irq.c.obj
 *fill*         0x10007832        0x2 
 .rodata.irq_add_tail_to_free_list.str1.4
                0x10007834       0x3a CMakeFiles/gpio_interrupt.dir/H_/Metropolia/IOT/Pico/Pico-SDK-v1.5.0/pico-sdk/src/rp2_common/hardware_irq/irq.c.obj
 *fill*         0x1000786e        0x2 
 .rodata.user_irq_claim_unused.str1.4
                0x10007870       0x1b CMakeFiles/gpio_interrupt.dir/H_/Metropolia/IOT/Pico/Pico-SDK-v1.5.0/pico-sdk/src/rp2_common/hardware_irq/irq.c.obj
 *fill*         0x1000788b        0x1 
 .rodata.__func__.0
                0x1000788c       0x1a CMakeFiles/gpio_interrupt.dir/H_/Metropolia/IOT/Pico/Pico-SDK-v1.5.0/pico-sdk/src/rp2_common/hardware_irq/irq.c.obj
 *fill*         0x100078a6        0x2 
 .rodata.__func__.1
                0x100078a8       0x17 CMakeFiles/gpio_interrupt.dir/H_/Metropolia/IOT/Pico/Pico-SDK-v1.5.0/pico-sdk/src/rp2_common/hardware_irq/irq.c.obj
 *fill*         0x100078bf        0x1 
 .rodata.__func__.2
                0x100078c0       0x13 CMakeFiles/gpio_interrupt.dir/H_/Metropolia/IOT/Pico/Pico-SDK-v1.5.0/pico-sdk/src/rp2_common/hardware_irq/irq.c.obj
 *fill*         0x100078d3        0x1 
 .rodata.__func__.3
                0x100078d4        0xc CMakeFiles/gpio_interrupt.dir/H_/Metropolia/IOT/Pico/Pico-SDK-v1.5.0/pico-sdk/src/rp2_common/hardware_irq/irq.c.obj
 .rodata.__func__.4
                0x100078e0        0xf CMakeFiles/gpio_interrupt.dir/H_/Metropolia/IOT/Pico/Pico-SDK-v1.5.0/pico-sdk/src/rp2_common/hardware_irq/irq.c.obj
 *fill*         0x100078ef        0x1 
 .rodata.__func__.5
                0x100078f0       0x17 CMakeFiles/gpio_interrupt.dir/H_/Metropolia/IOT/Pico/Pico-SDK-v1.5.0/pico-sdk/src/rp2_common/hardware_irq/irq.c.obj
 *fill*         0x10007907        0x1 
 .rodata.__func__.6
                0x10007908       0x1a CMakeFiles/gpio_interrupt.dir/H_/Metropolia/IOT/Pico/Pico-SDK-v1.5.0/pico-sdk/src/rp2_common/hardware_irq/irq.c.obj
 *fill*         0x10007922        0x2 
 .rodata.str1.4
                0x10007924      0x119 CMakeFiles/gpio_interrupt.dir/H_/Metropolia/IOT/Pico/Pico-SDK-v1.5.0/pico-sdk/src/common/pico_sync/mutex.c.obj
 *fill*         0x10007a3d        0x3 
 .rodata.__func__.1
                0x10007a40        0xb CMakeFiles/gpio_interrupt.dir/H_/Metropolia/IOT/Pico/Pico-SDK-v1.5.0/pico-sdk/src/common/pico_sync/mutex.c.obj
 *fill*         0x10007a4b        0x1 
 .rodata.__func__.3
                0x10007a4c       0x18 CMakeFiles/gpio_interrupt.dir/H_/Metropolia/IOT/Pico/Pico-SDK-v1.5.0/pico-sdk/src/common/pico_sync/mutex.c.obj
 .rodata.__func__.4
                0x10007a64       0x15 CMakeFiles/gpio_interrupt.dir/H_/Metropolia/IOT/Pico/Pico-SDK-v1.5.0/pico-sdk/src/common/pico_sync/mutex.c.obj
 *fill*         0x10007a79        0x3 
 .rodata.repeating_timer_callback.str1.4
                0x10007a7c       0x60 CMakeFiles/gpio_interrupt.dir/H_/Metropolia/IOT/Pico/Pico-SDK-v1.5.0/pico-sdk/src/common/pico_time/time.c.obj
 .rodata.timer_pool_entry_comparator.str1.4
                0x10007adc       0x22 CMakeFiles/gpio_interrupt.dir/H_/Metropolia/IOT/Pico/Pico-SDK-v1.5.0/pico-sdk/src/common/pico_time/time.c.obj
 *fill*         0x10007afe        0x2 
 .rodata.ph_add_child_node.str1.4
                0x10007b00       0xaa CMakeFiles/gpio_interrupt.dir/H_/Metropolia/IOT/Pico/Pico-SDK-v1.5.0/pico-sdk/src/common/pico_time/time.c.obj
 *fill*         0x10007baa        0x2 
 .rodata.add_alarm_under_lock.str1.4
                0x10007bac       0x28 CMakeFiles/gpio_interrupt.dir/H_/Metropolia/IOT/Pico/Pico-SDK-v1.5.0/pico-sdk/src/common/pico_time/time.c.obj
                                 0x2b (size before relaxing)
 .rodata.alarm_pool_alarm_callback.str1.4
                0x10007bd4       0x98 CMakeFiles/gpio_interrupt.dir/H_/Metropolia/IOT/Pico/Pico-SDK-v1.5.0/pico-sdk/src/common/pico_time/time.c.obj
                                0x110 (size before relaxing)
 .rodata.alarm_pool_get_default.str1.4
                0x10007c6c       0x21 CMakeFiles/gpio_interrupt.dir/H_/Metropolia/IOT/Pico/Pico-SDK-v1.5.0/pico-sdk/src/common/pico_time/time.c.obj
 *fill*         0x10007c8d        0x3 
 .rodata.alarm_pool_cancel_alarm.str1.4
                0x10007c90       0x27 CMakeFiles/gpio_interrupt.dir/H_/Metropolia/IOT/Pico/Pico-SDK-v1.5.0/pico-sdk/src/common/pico_time/time.c.obj
 *fill*         0x10007cb7        0x1 
 .rodata.__func__.1
                0x10007cb8       0x18 CMakeFiles/gpio_interrupt.dir/H_/Metropolia/IOT/Pico/Pico-SDK-v1.5.0/pico-sdk/src/common/pico_time/time.c.obj
 .rodata.__func__.10
                0x10007cd0       0x15 CMakeFiles/gpio_interrupt.dir/H_/Metropolia/IOT/Pico/Pico-SDK-v1.5.0/pico-sdk/src/common/pico_time/time.c.obj
 *fill*         0x10007ce5        0x3 
 .rodata.__func__.11
                0x10007ce8       0x1a CMakeFiles/gpio_interrupt.dir/H_/Metropolia/IOT/Pico/Pico-SDK-v1.5.0/pico-sdk/src/common/pico_time/time.c.obj
 *fill*         0x10007d02        0x2 
 .rodata.__func__.12
                0x10007d04        0xa CMakeFiles/gpio_interrupt.dir/H_/Metropolia/IOT/Pico/Pico-SDK-v1.5.0/pico-sdk/src/common/pico_time/time.c.obj
 *fill*         0x10007d0e        0x2 
 .rodata.__func__.3
                0x10007d10       0x17 CMakeFiles/gpio_interrupt.dir/H_/Metropolia/IOT/Pico/Pico-SDK-v1.5.0/pico-sdk/src/common/pico_time/time.c.obj
 *fill*         0x10007d27        0x1 
 .rodata.__func__.4
                0x10007d28       0x12 CMakeFiles/gpio_interrupt.dir/H_/Metropolia/IOT/Pico/Pico-SDK-v1.5.0/pico-sdk/src/common/pico_time/time.c.obj
 *fill*         0x10007d3a        0x2 
 .rodata.__func__.5
                0x10007d3c        0xd CMakeFiles/gpio_interrupt.dir/H_/Metropolia/IOT/Pico/Pico-SDK-v1.5.0/pico-sdk/src/common/pico_time/time.c.obj
 *fill*         0x10007d49        0x3 
 .rodata.__func__.6
                0x10007d4c       0x12 CMakeFiles/gpio_interrupt.dir/H_/Metropolia/IOT/Pico/Pico-SDK-v1.5.0/pico-sdk/src/common/pico_time/time.c.obj
 *fill*         0x10007d5e        0x2 
 .rodata.__func__.7
                0x10007d60        0xf CMakeFiles/gpio_interrupt.dir/H_/Metropolia/IOT/Pico/Pico-SDK-v1.5.0/pico-sdk/src/common/pico_time/time.c.obj
 *fill*         0x10007d6f        0x1 
 .rodata.__func__.8
                0x10007d70        0xc CMakeFiles/gpio_interrupt.dir/H_/Metropolia/IOT/Pico/Pico-SDK-v1.5.0/pico-sdk/src/common/pico_time/time.c.obj
 .rodata.__func__.9
                0x10007d7c       0x15 CMakeFiles/gpio_interrupt.dir/H_/Metropolia/IOT/Pico/Pico-SDK-v1.5.0/pico-sdk/src/common/pico_time/time.c.obj
 *fill*         0x10007d91        0x3 
 .rodata.hardware_alarm_claim.str1.4
                0x10007d94       0x22 CMakeFiles/gpio_interrupt.dir/H_/Metropolia/IOT/Pico/Pico-SDK-v1.5.0/pico-sdk/src/rp2_common/hardware_timer/timer.c.obj
 .rodata.busy_wait_us.str1.4
                0x10007db6       0x76 CMakeFiles/gpio_interrupt.dir/H_/Metropolia/IOT/Pico/Pico-SDK-v1.5.0/pico-sdk/src/rp2_common/hardware_timer/timer.c.obj
 *fill*         0x10007db6        0x2 
 .rodata.hardware_alarm_set_target.str1.4
                0x10007db8       0x7a CMakeFiles/gpio_interrupt.dir/H_/Metropolia/IOT/Pico/Pico-SDK-v1.5.0/pico-sdk/src/rp2_common/hardware_timer/timer.c.obj
 *fill*         0x10007e32        0x2 
 .rodata.__func__.0
                0x10007e34       0x1a CMakeFiles/gpio_interrupt.dir/H_/Metropolia/IOT/Pico/Pico-SDK-v1.5.0/pico-sdk/src/rp2_common/hardware_timer/timer.c.obj
 *fill*         0x10007e4e        0x2 
 .rodata.__func__.1
                0x10007e50       0x15 CMakeFiles/gpio_interrupt.dir/H_/Metropolia/IOT/Pico/Pico-SDK-v1.5.0/pico-sdk/src/rp2_common/hardware_timer/timer.c.obj
 .rodata.ph_add_child_node.str1.4
                0x10007e65       0xaa CMakeFiles/gpio_interrupt.dir/H_/Metropolia/IOT/Pico/Pico-SDK-v1.5.0/pico-sdk/src/common/pico_util/pheap.c.obj
 *fill*         0x10007e65        0x3 
 .rodata.ph_remove_any_head.str1.4
                0x10007e68       0xa4 CMakeFiles/gpio_interrupt.dir/H_/Metropolia/IOT/Pico/Pico-SDK-v1.5.0/pico-sdk/src/common/pico_util/pheap.c.obj
                                 0xb8 (size before relaxing)
 .rodata.ph_remove_and_free_node.str1.4
                0x10007f0c       0x1e CMakeFiles/gpio_interrupt.dir/H_/Metropolia/IOT/Pico/Pico-SDK-v1.5.0/pico-sdk/src/common/pico_util/pheap.c.obj
                                 0x26 (size before relaxing)
 *fill*         0x10007f2a        0x2 
 .rodata.__func__.0
                0x10007f2c       0x18 CMakeFiles/gpio_interrupt.dir/H_/Metropolia/IOT/Pico/Pico-SDK-v1.5.0/pico-sdk/src/common/pico_util/pheap.c.obj
 .rodata.__func__.1
                0x10007f44       0x13 CMakeFiles/gpio_interrupt.dir/H_/Metropolia/IOT/Pico/Pico-SDK-v1.5.0/pico-sdk/src/common/pico_util/pheap.c.obj
 *fill*         0x10007f57        0x1 
 .rodata.__func__.2
                0x10007f58       0x12 CMakeFiles/gpio_interrupt.dir/H_/Metropolia/IOT/Pico/Pico-SDK-v1.5.0/pico-sdk/src/common/pico_util/pheap.c.obj
 *fill*         0x10007f6a        0x2 
 .rodata.__func__.3
                0x10007f6c        0xc CMakeFiles/gpio_interrupt.dir/H_/Metropolia/IOT/Pico/Pico-SDK-v1.5.0/pico-sdk/src/common/pico_util/pheap.c.obj
 .rodata.queue_add_internal.str1.4
                0x10007f78       0x69 CMakeFiles/gpio_interrupt.dir/H_/Metropolia/IOT/Pico/Pico-SDK-v1.5.0/pico-sdk/src/common/pico_util/queue.c.obj
 *fill*         0x10007fe1        0x3 
 .rodata.__func__.0
                0x10007fe4        0xc CMakeFiles/gpio_interrupt.dir/H_/Metropolia/IOT/Pico/Pico-SDK-v1.5.0/pico-sdk/src/common/pico_util/queue.c.obj
 .rodata.clock_configure.str1.4
                0x10007ff0       0x6c CMakeFiles/gpio_interrupt.dir/H_/Metropolia/IOT/Pico/Pico-SDK-v1.5.0/pico-sdk/src/rp2_common/hardware_clocks/clocks.c.obj
 .rodata.__func__.1
                0x1000805c       0x10 CMakeFiles/gpio_interrupt.dir/H_/Metropolia/IOT/Pico/Pico-SDK-v1.5.0/pico-sdk/src/rp2_common/hardware_clocks/clocks.c.obj
 .rodata.pll_init.str1.4
                0x1000806c      0x137 CMakeFiles/gpio_interrupt.dir/H_/Metropolia/IOT/Pico/Pico-SDK-v1.5.0/pico-sdk/src/rp2_common/hardware_pll/pll.c.obj
 *fill*         0x100081a3        0x1 
 .rodata.__func__.0
                0x100081a4        0x9 CMakeFiles/gpio_interrupt.dir/H_/Metropolia/IOT/Pico/Pico-SDK-v1.5.0/pico-sdk/src/rp2_common/hardware_pll/pll.c.obj
 *fill*         0x100081ad        0x3 
 .rodata.__assert_func.str1.4
                0x100081b0       0x3f CMakeFiles/gpio_interrupt.dir/H_/Metropolia/IOT/Pico/Pico-SDK-v1.5.0/pico-sdk/src/rp2_common/pico_runtime/runtime.c.obj
                                 0x43 (size before relaxing)
 *fill*         0x100081ef        0x1 
 .rodata.runtime_init.str1.4
                0x100081f0       0x76 CMakeFiles/gpio_interrupt.dir/H_/Metropolia/IOT/Pico/Pico-SDK-v1.5.0/pico-sdk/src/rp2_common/pico_runtime/runtime.c.obj
 *fill*         0x10008266        0x2 
 .rodata.panic.str1.4
                0x10008268       0x12 CMakeFiles/gpio_interrupt.dir/H_/Metropolia/IOT/Pico/Pico-SDK-v1.5.0/pico-sdk/src/rp2_common/pico_runtime/runtime.c.obj
 *fill*         0x1000827a        0x2 
 .rodata.__func__.2
                0x1000827c        0xd CMakeFiles/gpio_interrupt.dir/H_/Metropolia/IOT/Pico/Pico-SDK-v1.5.0/pico-sdk/src/rp2_common/pico_runtime/runtime.c.obj
 *fill*         0x10008289        0x3 
 .rodata._ftoa.str1.4
                0x1000828c       0x15 CMakeFiles/gpio_interrupt.dir/H_/Metropolia/IOT/Pico/Pico-SDK-v1.5.0/pico-sdk/src/rp2_common/pico_printf/printf.c.obj
 *fill*         0x100082a1        0x3 
 .rodata._vsnprintf
                0x100082a4      0x1e0 CMakeFiles/gpio_interrupt.dir/H_/Metropolia/IOT/Pico/Pico-SDK-v1.5.0/pico-sdk/src/rp2_common/pico_printf/printf.c.obj
 *fill*         0x10008484        0x4 
 .rodata.pow10.0
                0x10008488       0x50 CMakeFiles/gpio_interrupt.dir/H_/Metropolia/IOT/Pico/Pico-SDK-v1.5.0/pico-sdk/src/rp2_common/pico_printf/printf.c.obj
 .rodata.missing_double_func_shim.str1.4
                0x100084d8       0x18 CMakeFiles/gpio_interrupt.dir/H_/Metropolia/IOT/Pico/Pico-SDK-v1.5.0/pico-sdk/src/rp2_common/pico_double/double_init_rom.c.obj
 .rodata.__aeabi_double_init.str1.4
                0x100084f0       0xbd CMakeFiles/gpio_interrupt.dir/H_/Metropolia/IOT/Pico/Pico-SDK-v1.5.0/pico-sdk/src/rp2_common/pico_double/double_init_rom.c.obj
 *fill*         0x100085ad        0x3 
 .rodata.__func__.0
                0x100085b0       0x14 CMakeFiles/gpio_interrupt.dir/H_/Metropolia/IOT/Pico/Pico-SDK-v1.5.0/pico-sdk/src/rp2_common/pico_double/double_init_rom.c.obj
 .rodata.missing_float_func_shim.str1.4
                0x100085c4        0x1 CMakeFiles/gpio_interrupt.dir/H_/Metropolia/IOT/Pico/Pico-SDK-v1.5.0/pico-sdk/src/rp2_common/pico_float/float_init_rom.c.obj
 .rodata.__aeabi_float_init.str1.4
                0x100085c4       0x8f CMakeFiles/gpio_interrupt.dir/H_/Metropolia/IOT/Pico/Pico-SDK-v1.5.0/pico-sdk/src/rp2_common/pico_float/float_init_rom.c.obj
 *fill*         0x10008653        0x1 
 .rodata.__func__.0
                0x10008654       0x13 CMakeFiles/gpio_interrupt.dir/H_/Metropolia/IOT/Pico/Pico-SDK-v1.5.0/pico-sdk/src/rp2_common/pico_float/float_init_rom.c.obj
 *fill*         0x10008667        0x1 
 .rodata.__wrap_malloc.str1.4
                0x10008668        0xe CMakeFiles/gpio_interrupt.dir/H_/Metropolia/IOT/Pico/Pico-SDK-v1.5.0/pico-sdk/src/rp2_common/pico_malloc/pico_malloc.c.obj
 *fill*         0x10008676        0x2 
 .rodata.str1.4
                0x10008678       0x44 CMakeFiles/gpio_interrupt.dir/H_/Metropolia/IOT/Pico/Pico-SDK-v1.5.0/pico-sdk/src/rp2_common/pico_standard_link/binary_info.c.obj
 .rodata.__bi_44
                0x100086bc        0xc CMakeFiles/gpio_interrupt.dir/H_/Metropolia/IOT/Pico/Pico-SDK-v1.5.0/pico-sdk/src/rp2_common/pico_standard_link/binary_info.c.obj
 .rodata.__bi_75
                0x100086c8        0xc CMakeFiles/gpio_interrupt.dir/H_/Metropolia/IOT/Pico/Pico-SDK-v1.5.0/pico-sdk/src/rp2_common/pico_standard_link/binary_info.c.obj
 .rodata.__bi_81
                0x100086d4        0xc CMakeFiles/gpio_interrupt.dir/H_/Metropolia/IOT/Pico/Pico-SDK-v1.5.0/pico-sdk/src/rp2_common/pico_standard_link/binary_info.c.obj
 .rodata.stdout_serialize_begin.str1.4
                0x100086e0       0x76 CMakeFiles/gpio_interrupt.dir/H_/Metropolia/IOT/Pico/Pico-SDK-v1.5.0/pico-sdk/src/rp2_common/pico_stdio/stdio.c.obj
 .rodata.__func__.3
                0x100086e0       0x15 CMakeFiles/gpio_interrupt.dir/H_/Metropolia/IOT/Pico/Pico-SDK-v1.5.0/pico-sdk/src/rp2_common/pico_stdio/stdio.c.obj
 *fill*         0x100086f5        0x3 
 .rodata.crlf_str.2
                0x100086f8        0x2 CMakeFiles/gpio_interrupt.dir/H_/Metropolia/IOT/Pico/Pico-SDK-v1.5.0/pico-sdk/src/rp2_common/pico_stdio/stdio.c.obj
 *fill*         0x100086fa        0x2 
 .rodata._resetd_driver
                0x100086fc       0x18 CMakeFiles/gpio_interrupt.dir/H_/Metropolia/IOT/Pico/Pico-SDK-v1.5.0/pico-sdk/src/rp2_common/pico_stdio_usb/reset_interface.c.obj
 .rodata.low_priority_worker_irq.str1.4
                0x10008714       0x76 CMakeFiles/gpio_interrupt.dir/H_/Metropolia/IOT/Pico/Pico-SDK-v1.5.0/pico-sdk/src/rp2_common/pico_stdio_usb/stdio_usb.c.obj
 .rodata.stdio_usb_init.str1.4
                0x10008714       0x5a CMakeFiles/gpio_interrupt.dir/H_/Metropolia/IOT/Pico/Pico-SDK-v1.5.0/pico-sdk/src/rp2_common/pico_stdio_usb/stdio_usb.c.obj
                                 0x62 (size before relaxing)
 *fill*         0x1000876e        0x2 
 .rodata.str1.4
                0x10008770       0x13 CMakeFiles/gpio_interrupt.dir/H_/Metropolia/IOT/Pico/Pico-SDK-v1.5.0/pico-sdk/src/rp2_common/pico_stdio_usb/stdio_usb.c.obj
 *fill*         0x10008783        0x1 
 .rodata.__bi_188.0
                0x10008784        0xc CMakeFiles/gpio_interrupt.dir/H_/Metropolia/IOT/Pico/Pico-SDK-v1.5.0/pico-sdk/src/rp2_common/pico_stdio_usb/stdio_usb.c.obj
 .rodata.__func__.1
                0x10008790        0xf CMakeFiles/gpio_interrupt.dir/H_/Metropolia/IOT/Pico/Pico-SDK-v1.5.0/pico-sdk/src/rp2_common/pico_stdio_usb/stdio_usb.c.obj
 *fill*         0x1000879f        0x1 
 .rodata.__func__.3
                0x100087a0       0x15 CMakeFiles/gpio_interrupt.dir/H_/Metropolia/IOT/Pico/Pico-SDK-v1.5.0/pico-sdk/src/rp2_common/pico_stdio_usb/stdio_usb.c.obj
 *fill*         0x100087b5        0x3 
 .rodata.str1.4
                0x100087b8       0x2a CMakeFiles/gpio_interrupt.dir/H_/Metropolia/IOT/Pico/Pico-SDK-v1.5.0/pico-sdk/src/rp2_common/pico_stdio_usb/stdio_usb_descriptors.c.obj
 *fill*         0x100087e2        0x2 
 .rodata.usbd_desc_cfg
                0x100087e4       0x54 CMakeFiles/gpio_interrupt.dir/H_/Metropolia/IOT/Pico/Pico-SDK-v1.5.0/pico-sdk/src/rp2_common/pico_stdio_usb/stdio_usb_descriptors.c.obj
 .rodata.usbd_desc_device
                0x10008838       0x12 CMakeFiles/gpio_interrupt.dir/H_/Metropolia/IOT/Pico/Pico-SDK-v1.5.0/pico-sdk/src/rp2_common/pico_stdio_usb/stdio_usb_descriptors.c.obj
 *fill*         0x1000884a        0x2 
 .rodata.usbd_desc_str
                0x1000884c       0x18 CMakeFiles/gpio_interrupt.dir/H_/Metropolia/IOT/Pico/Pico-SDK-v1.5.0/pico-sdk/src/rp2_common/pico_stdio_usb/stdio_usb_descriptors.c.obj
 .rodata.pico_get_unique_board_id_string.str1.4
                0x10008864       0x62 CMakeFiles/gpio_interrupt.dir/H_/Metropolia/IOT/Pico/Pico-SDK-v1.5.0/pico-sdk/src/rp2_common/pico_unique_id/unique_id.c.obj
 *fill*         0x100088c6        0x2 
 .rodata.__func__.0
                0x100088c8       0x20 CMakeFiles/gpio_interrupt.dir/H_/Metropolia/IOT/Pico/Pico-SDK-v1.5.0/pico-sdk/src/rp2_common/pico_unique_id/unique_id.c.obj
 .rodata.str1.4
                0x100088e8      0x16e CMakeFiles/gpio_interrupt.dir/H_/Metropolia/IOT/Pico/Pico-SDK-v1.5.0/pico-sdk/src/rp2_common/hardware_flash/flash.c.obj
 *fill*         0x10008a56        0x2 
 .rodata.__func__.0
                0x10008a58        0xd CMakeFiles/gpio_interrupt.dir/H_/Metropolia/IOT/Pico/Pico-SDK-v1.5.0/pico-sdk/src/rp2_common/hardware_flash/flash.c.obj
 *fill*         0x10008a65        0x3 
 .rodata._hw_endpoint_alloc.str1.4
                0x10008a68       0xcd CMakeFiles/gpio_interrupt.dir/H_/Metropolia/IOT/Pico/Pico-SDK-v1.5.0/pico-sdk/lib/tinyusb/src/portable/raspberrypi/rp2040/dcd_rp2040.c.obj
 *fill*         0x10008b35        0x3 
 .rodata.str1.4
                0x10008b38       0x14 CMakeFiles/gpio_interrupt.dir/H_/Metropolia/IOT/Pico/Pico-SDK-v1.5.0/pico-sdk/lib/tinyusb/src/portable/raspberrypi/rp2040/dcd_rp2040.c.obj
 .rodata.dcd_int_enable.str1.4
                0x10008b4c        0xc CMakeFiles/gpio_interrupt.dir/H_/Metropolia/IOT/Pico/Pico-SDK-v1.5.0/pico-sdk/lib/tinyusb/src/portable/raspberrypi/rp2040/dcd_rp2040.c.obj
 .rodata.__func__.0
                0x10008b58        0xe CMakeFiles/gpio_interrupt.dir/H_/Metropolia/IOT/Pico/Pico-SDK-v1.5.0/pico-sdk/lib/tinyusb/src/portable/raspberrypi/rp2040/dcd_rp2040.c.obj
 *fill*         0x10008b66        0x2 
 .rodata.__func__.1
                0x10008b68        0xe CMakeFiles/gpio_interrupt.dir/H_/Metropolia/IOT/Pico/Pico-SDK-v1.5.0/pico-sdk/lib/tinyusb/src/portable/raspberrypi/rp2040/dcd_rp2040.c.obj
 *fill*         0x10008b76        0x2 
 .rodata.__func__.3
                0x10008b78       0x10 CMakeFiles/gpio_interrupt.dir/H_/Metropolia/IOT/Pico/Pico-SDK-v1.5.0/pico-sdk/lib/tinyusb/src/portable/raspberrypi/rp2040/dcd_rp2040.c.obj
 .rodata.__func__.5
                0x10008b88        0xf CMakeFiles/gpio_interrupt.dir/H_/Metropolia/IOT/Pico/Pico-SDK-v1.5.0/pico-sdk/lib/tinyusb/src/portable/raspberrypi/rp2040/dcd_rp2040.c.obj
 *fill*         0x10008b97        0x1 
 .rodata.__func__.6
                0x10008b98       0x13 CMakeFiles/gpio_interrupt.dir/H_/Metropolia/IOT/Pico/Pico-SDK-v1.5.0/pico-sdk/lib/tinyusb/src/portable/raspberrypi/rp2040/dcd_rp2040.c.obj
 *fill*         0x10008bab        0x1 
 .rodata.__func__.7
                0x10008bac        0x9 CMakeFiles/gpio_interrupt.dir/H_/Metropolia/IOT/Pico/Pico-SDK-v1.5.0/pico-sdk/lib/tinyusb/src/portable/raspberrypi/rp2040/dcd_rp2040.c.obj
 *fill*         0x10008bb5        0x3 
 .rodata.str1.4
                0x10008bb8       0xff CMakeFiles/gpio_interrupt.dir/H_/Metropolia/IOT/Pico/Pico-SDK-v1.5.0/pico-sdk/lib/tinyusb/src/portable/raspberrypi/rp2040/rp2040_usb.c.obj
 *fill*         0x10008cb7        0x1 
 .rodata.__func__.0
                0x10008cb8        0xf CMakeFiles/gpio_interrupt.dir/H_/Metropolia/IOT/Pico/Pico-SDK-v1.5.0/pico-sdk/lib/tinyusb/src/portable/raspberrypi/rp2040/rp2040_usb.c.obj
 *fill*         0x10008cc7        0x1 
 .rodata.process_get_descriptor
                0x10008cc8       0x40 CMakeFiles/gpio_interrupt.dir/H_/Metropolia/IOT/Pico/Pico-SDK-v1.5.0/pico-sdk/lib/tinyusb/src/device/usbd.c.obj
 .rodata.process_control_request
                0x10008d08       0x28 CMakeFiles/gpio_interrupt.dir/H_/Metropolia/IOT/Pico/Pico-SDK-v1.5.0/pico-sdk/lib/tinyusb/src/device/usbd.c.obj
 .rodata.tud_task_ext
                0x10008d30       0x24 CMakeFiles/gpio_interrupt.dir/H_/Metropolia/IOT/Pico/Pico-SDK-v1.5.0/pico-sdk/lib/tinyusb/src/device/usbd.c.obj
 .rodata._usbd_driver
                0x10008d54       0x18 CMakeFiles/gpio_interrupt.dir/H_/Metropolia/IOT/Pico/Pico-SDK-v1.5.0/pico-sdk/lib/tinyusb/src/device/usbd.c.obj
                0x10008d6c                . = ALIGN (0x4)
 *(SORT_BY_ALIGNMENT(SORT_BY_NAME(.flashdata*)))
                0x10008d6c                . = ALIGN (0x4)

.rel.dyn        0x10008d6c        0x0
 .rel.iplt      0x10008d6c        0x0 h:/metropolia/iot/pico/pico-sdk-v1.5.0/gcc-arm-none-eabi/bin/../lib/gcc/arm-none-eabi/10.3.1/thumb/v6-m/nofp/crtbegin.o

.ARM.extab
 *(.ARM.extab* .gnu.linkonce.armextab.*)
                0x10008d6c                __exidx_start = .

.ARM.exidx
 *(.ARM.exidx* .gnu.linkonce.armexidx.*)
                0x10008d6c                __exidx_end = .
                0x10008d6c                . = ALIGN (0x4)
                0x10008d6c                __binary_info_start = .

.binary_info    0x10008d6c       0x20
 *(.binary_info.keep.*)
 .binary_info.keep.__bi_ptr22
                0x10008d6c        0x4 CMakeFiles/gpio_interrupt.dir/H_/Metropolia/IOT/Pico/Pico-SDK-v1.5.0/pico-sdk/src/rp2_common/pico_standard_link/binary_info.c.obj
 .binary_info.keep.__bi_ptr30
                0x10008d70        0x4 CMakeFiles/gpio_interrupt.dir/H_/Metropolia/IOT/Pico/Pico-SDK-v1.5.0/pico-sdk/src/rp2_common/pico_standard_link/binary_info.c.obj
 .binary_info.keep.__bi_ptr38
                0x10008d74        0x4 CMakeFiles/gpio_interrupt.dir/H_/Metropolia/IOT/Pico/Pico-SDK-v1.5.0/pico-sdk/src/rp2_common/pico_standard_link/binary_info.c.obj
 .binary_info.keep.__bi_ptr44
                0x10008d78        0x4 CMakeFiles/gpio_interrupt.dir/H_/Metropolia/IOT/Pico/Pico-SDK-v1.5.0/pico-sdk/src/rp2_common/pico_standard_link/binary_info.c.obj
 .binary_info.keep.__bi_ptr50
                0x10008d7c        0x4 CMakeFiles/gpio_interrupt.dir/H_/Metropolia/IOT/Pico/Pico-SDK-v1.5.0/pico-sdk/src/rp2_common/pico_standard_link/binary_info.c.obj
 .binary_info.keep.__bi_ptr75
                0x10008d80        0x4 CMakeFiles/gpio_interrupt.dir/H_/Metropolia/IOT/Pico/Pico-SDK-v1.5.0/pico-sdk/src/rp2_common/pico_standard_link/binary_info.c.obj
 .binary_info.keep.__bi_ptr81
                0x10008d84        0x4 CMakeFiles/gpio_interrupt.dir/H_/Metropolia/IOT/Pico/Pico-SDK-v1.5.0/pico-sdk/src/rp2_common/pico_standard_link/binary_info.c.obj
 *(.binary_info.*)
 .binary_info.__bi_ptr188
                0x10008d88        0x4 CMakeFiles/gpio_interrupt.dir/H_/Metropolia/IOT/Pico/Pico-SDK-v1.5.0/pico-sdk/src/rp2_common/pico_stdio_usb/stdio_usb.c.obj
                0x10008d8c                __binary_info_end = .
                0x10008d8c                . = ALIGN (0x4)
                0x10008d8c                __etext = .

.ram_vector_table
                0x20000000       0xc0
 *(.ram_vector_table)
 .ram_vector_table
                0x20000000       0xc0 CMakeFiles/gpio_interrupt.dir/H_/Metropolia/IOT/Pico/Pico-SDK-v1.5.0/pico-sdk/src/rp2_common/pico_runtime/runtime.c.obj
                0x20000000                ram_vector_table

.data           0x200000c0     0x1420 load address 0x10008d8c
                0x200000c0                __data_start__ = .
 *(vtable)
 *(.time_critical*)
 .time_critical.mutex_try_enter
                0x200000c0       0x46 CMakeFiles/gpio_interrupt.dir/H_/Metropolia/IOT/Pico/Pico-SDK-v1.5.0/pico-sdk/src/common/pico_sync/mutex.c.obj
                0x200000c0                mutex_try_enter
 *fill*         0x20000106        0x2 
 .time_critical.mutex_enter_block_until
                0x20000108       0x8c CMakeFiles/gpio_interrupt.dir/H_/Metropolia/IOT/Pico/Pico-SDK-v1.5.0/pico-sdk/src/common/pico_sync/mutex.c.obj
                0x20000108                mutex_enter_block_until
 .time_critical.mutex_try_enter_block_until
                0x20000194       0x34 CMakeFiles/gpio_interrupt.dir/H_/Metropolia/IOT/Pico/Pico-SDK-v1.5.0/pico-sdk/src/common/pico_sync/mutex.c.obj
                0x20000194                mutex_try_enter_block_until
 .time_critical.mutex_enter_timeout_ms
                0x200001c8       0x68 CMakeFiles/gpio_interrupt.dir/H_/Metropolia/IOT/Pico/Pico-SDK-v1.5.0/pico-sdk/src/common/pico_sync/mutex.c.obj
                0x200001c8                mutex_enter_timeout_ms
 .time_critical.mutex_exit
                0x20000230       0x4c CMakeFiles/gpio_interrupt.dir/H_/Metropolia/IOT/Pico/Pico-SDK-v1.5.0/pico-sdk/src/common/pico_sync/mutex.c.obj
                0x20000230                mutex_exit
 .time_critical.flash_init_boot2_copyout