Archive member included to satisfy reference by file (symbol)

c:/picovittusaatana/pico-sdk-v1.5.0/gcc-arm-none-eabi/bin/../lib/gcc/arm-none-eabi/10.3.1/thumb/v6-m/nofp\libgcc.a(_dvmd_tls.o)
                              CMakeFiles/pwm.dir/C_/PicoVittuSaatana/Pico-SDK-v1.5.0/pico-sdk/src/rp2_common/pico_divider/divider.S.obj (__aeabi_idiv0)
c:/picovittusaatana/pico-sdk-v1.5.0/gcc-arm-none-eabi/bin/../lib/gcc/arm-none-eabi/10.3.1/../../../../arm-none-eabi/lib/thumb/v6-m/nofp\libg.a(lib_a-calloc.o)
                              CMakeFiles/pwm.dir/C_/PicoVittuSaatana/Pico-SDK-v1.5.0/pico-sdk/src/rp2_common/pico_malloc/pico_malloc.c.obj (calloc)
c:/picovittusaatana/pico-sdk-v1.5.0/gcc-arm-none-eabi/bin/../lib/gcc/arm-none-eabi/10.3.1/../../../../arm-none-eabi/lib/thumb/v6-m/nofp\libg.a(lib_a-callocr.o)
                              c:/picovittusaatana/pico-sdk-v1.5.0/gcc-arm-none-eabi/bin/../lib/gcc/arm-none-eabi/10.3.1/../../../../arm-none-eabi/lib/thumb/v6-m/nofp\libg.a(lib_a-calloc.o) (_calloc_r)
c:/picovittusaatana/pico-sdk-v1.5.0/gcc-arm-none-eabi/bin/../lib/gcc/arm-none-eabi/10.3.1/../../../../arm-none-eabi/lib/thumb/v6-m/nofp\libg.a(lib_a-errno.o)
                              c:/picovittusaatana/pico-sdk-v1.5.0/gcc-arm-none-eabi/bin/../lib/gcc/arm-none-eabi/10.3.1/../../../../arm-none-eabi/lib/thumb/v6-m/nofp\libg.a(lib_a-callocr.o) (__errno)
c:/picovittusaatana/pico-sdk-v1.5.0/gcc-arm-none-eabi/bin/../lib/gcc/arm-none-eabi/10.3.1/../../../../arm-none-eabi/lib/thumb/v6-m/nofp\libg.a(lib_a-impure.o)
                              c:/picovittusaatana/pico-sdk-v1.5.0/gcc-arm-none-eabi/bin/../lib/gcc/arm-none-eabi/10.3.1/../../../../arm-none-eabi/lib/thumb/v6-m/nofp\libg.a(lib_a-calloc.o) (_impure_ptr)
c:/picovittusaatana/pico-sdk-v1.5.0/gcc-arm-none-eabi/bin/../lib/gcc/arm-none-eabi/10.3.1/../../../../arm-none-eabi/lib/thumb/v6-m/nofp\libg.a(lib_a-init.o)
                              c:/picovittusaatana/pico-sdk-v1.5.0/gcc-arm-none-eabi/bin/../lib/gcc/arm-none-eabi/10.3.1/../../../../arm-none-eabi/lib/thumb/v6-m/nofp/crt0.o (__libc_init_array)
c:/picovittusaatana/pico-sdk-v1.5.0/gcc-arm-none-eabi/bin/../lib/gcc/arm-none-eabi/10.3.1/../../../../arm-none-eabi/lib/thumb/v6-m/nofp\libg.a(lib_a-malloc.o)
                              CMakeFiles/pwm.dir/C_/PicoVittuSaatana/Pico-SDK-v1.5.0/pico-sdk/src/rp2_common/pico_malloc/pico_malloc.c.obj (malloc)
c:/picovittusaatana/pico-sdk-v1.5.0/gcc-arm-none-eabi/bin/../lib/gcc/arm-none-eabi/10.3.1/../../../../arm-none-eabi/lib/thumb/v6-m/nofp\libg.a(lib_a-mallocr.o)
                              c:/picovittusaatana/pico-sdk-v1.5.0/gcc-arm-none-eabi/bin/../lib/gcc/arm-none-eabi/10.3.1/../../../../arm-none-eabi/lib/thumb/v6-m/nofp\libg.a(lib_a-callocr.o) (_malloc_r)
c:/picovittusaatana/pico-sdk-v1.5.0/gcc-arm-none-eabi/bin/../lib/gcc/arm-none-eabi/10.3.1/../../../../arm-none-eabi/lib/thumb/v6-m/nofp\libg.a(lib_a-mlock.o)
                              c:/picovittusaatana/pico-sdk-v1.5.0/gcc-arm-none-eabi/bin/../lib/gcc/arm-none-eabi/10.3.1/../../../../arm-none-eabi/lib/thumb/v6-m/nofp\libg.a(lib_a-mallocr.o) (__malloc_lock)
c:/picovittusaatana/pico-sdk-v1.5.0/gcc-arm-none-eabi/bin/../lib/gcc/arm-none-eabi/10.3.1/../../../../arm-none-eabi/lib/thumb/v6-m/nofp\libg.a(lib_a-realloc.o)
                              CMakeFiles/pwm.dir/C_/PicoVittuSaatana/Pico-SDK-v1.5.0/pico-sdk/src/rp2_common/pico_malloc/pico_malloc.c.obj (realloc)
c:/picovittusaatana/pico-sdk-v1.5.0/gcc-arm-none-eabi/bin/../lib/gcc/arm-none-eabi/10.3.1/../../../../arm-none-eabi/lib/thumb/v6-m/nofp\libg.a(lib_a-reallocr.o)
                              c:/picovittusaatana/pico-sdk-v1.5.0/gcc-arm-none-eabi/bin/../lib/gcc/arm-none-eabi/10.3.1/../../../../arm-none-eabi/lib/thumb/v6-m/nofp\libg.a(lib_a-realloc.o) (_realloc_r)
c:/picovittusaatana/pico-sdk-v1.5.0/gcc-arm-none-eabi/bin/../lib/gcc/arm-none-eabi/10.3.1/../../../../arm-none-eabi/lib/thumb/v6-m/nofp\libg.a(lib_a-sbrkr.o)
                              c:/picovittusaatana/pico-sdk-v1.5.0/gcc-arm-none-eabi/bin/../lib/gcc/arm-none-eabi/10.3.1/../../../../arm-none-eabi/lib/thumb/v6-m/nofp\libg.a(lib_a-mallocr.o) (_sbrk_r)
c:/picovittusaatana/pico-sdk-v1.5.0/gcc-arm-none-eabi/bin/../lib/gcc/arm-none-eabi/10.3.1/../../../../arm-none-eabi/lib/thumb/v6-m/nofp\libg.a(lib_a-strlen-stub.o)
                              CMakeFiles/pwm.dir/C_/PicoVittuSaatana/Pico-SDK-v1.5.0/pico-sdk/src/rp2_common/pico_stdio/stdio.c.obj (strlen)
c:/picovittusaatana/pico-sdk-v1.5.0/gcc-arm-none-eabi/bin/../lib/gcc/arm-none-eabi/10.3.1/../../../../arm-none-eabi/lib/thumb/v6-m/nofp\libg.a(lib_a-freer.o)
                              c:/picovittusaatana/pico-sdk-v1.5.0/gcc-arm-none-eabi/bin/../lib/gcc/arm-none-eabi/10.3.1/../../../../arm-none-eabi/lib/thumb/v6-m/nofp\libg.a(lib_a-malloc.o) (_free_r)
c:/picovittusaatana/pico-sdk-v1.5.0/gcc-arm-none-eabi/bin/../lib/gcc/arm-none-eabi/10.3.1/../../../../arm-none-eabi/lib/thumb/v6-m/nofp\libg.a(lib_a-lock.o)
[...]
Memory Configuration

Name             Origin             Length             Attributes
FLASH            0x10000000         0x00200000         xr
RAM              0x20000000         0x00040000         xrw
SCRATCH_X        0x20040000         0x00001000         xrw
SCRATCH_Y        0x20041000         0x00001000         xrw
*default*        0x00000000         0xffffffff

Linker script and memory map

LOAD c:/picovittusaatana/pico-sdk-v1.5.0/gcc-arm-none-eabi/bin/../lib/gcc/arm-none-eabi/10.3.1/thumb/v6-m/nofp/crti.o
LOAD c:/picovittusaatana/pico-sdk-v1.5.0/gcc-arm-none-eabi/bin/../lib/gcc/arm-none-eabi/10.3.1/thumb/v6-m/nofp/crtbegin.o
LOAD c:/picovittusaatana/pico-sdk-v1.5.0/gcc-arm-none-eabi/bin/../lib/gcc/arm-none-eabi/10.3.1/../../../../arm-none-eabi/lib/thumb/v6-m/nofp/crt0.o

.flash_begin    0x10000000        0x0
                0x10000000                __flash_binary_start = .

.boot2          0x10000000      0x100
                0x10000000                __boot2_start__ = .
 *(.boot2)
 .boot2         0x10000000      0x100 C:\Users\sulof\AppData\Local\Temp\ccQv4wvj.o
                0x10000100                __boot2_end__ = .
                0x00000001                ASSERT (((__boot2_end__ - __boot2_start__) == 0x100), ERROR: Pico second stage bootloader must be 256 bytes in size)

.text           0x10000100     0x45f8
                0x10000100                __logical_binary_start = .
 *(.vectors)
 .vectors       0x10000100       0xd4 CMakeFiles/pwm.dir/C_/PicoVittuSaatana/Pico-SDK-v1.5.0/pico-sdk/src/rp2_common/pico_standard_link/crt0.S.obj
                0x10000100                __VECTOR_TABLE
                0x10000100                __vectors
                0x100001c0                isr_invalid
                0x100001c0                __default_isrs_start
                0x100001c2                isr_nmi
                0x100001c4                isr_hardfault
                0x100001c6                isr_svcall
                0x100001c8                isr_pendsv
                0x100001ca                isr_systick
                0x100001cc                isr_irq23
                0x100001cc                isr_irq18
                0x100001cc                isr_irq11
                0x100001cc                isr_irq28
                0x100001cc                isr_irq19
                0x100001cc                isr_irq0
                0x100001cc                isr_irq6
                0x100001cc                isr_irq5
                0x100001cc                isr_irq12
                0x100001cc                isr_irq22
                0x100001cc                isr_irq31
                0x100001cc                isr_irq17
                0x100001cc                isr_irq27
                0x100001cc                isr_irq30
                0x100001cc                isr_irq2
                0x100001cc                isr_irq10
                0x100001cc                isr_irq8
                0x100001cc                isr_irq24
                0x100001cc                isr_irq1
                0x100001cc                isr_irq7
                0x100001cc                isr_irq21
                0x100001cc                isr_irq20
                0x100001cc                isr_irq15
                0x100001cc                isr_irq25
                0x100001cc                isr_irq13
                0x100001cc                __unhandled_user_irq
                0x100001cc                isr_irq4
                0x100001cc                isr_irq16
                0x100001cc                isr_irq29
                0x100001cc                isr_irq26
                0x100001cc                __default_isrs_end
                0x100001cc                isr_irq3
                0x100001cc                isr_irq14
                0x100001cc                isr_irq9
                0x100001d2                unhandled_user_irq_num_in_r0
 *(.binary_info_header)
 .binary_info_header
                0x100001d4       0x14 CMakeFiles/pwm.dir/C_/PicoVittuSaatana/Pico-SDK-v1.5.0/pico-sdk/src/rp2_common/pico_standard_link/crt0.S.obj
                0x100001e8                __binary_info_header_end = .
 *(.reset)
 .reset         0x100001e8       0xa0 CMakeFiles/pwm.dir/C_/PicoVittuSaatana/Pico-SDK-v1.5.0/pico-sdk/src/rp2_common/pico_standard_link/crt0.S.obj
                0x100001e8                _entry_point
 .reset         0x10000288       0x30 CMakeFiles/pwm.dir/C_/PicoVittuSaatana/Pico-SDK-v1.5.0/pico-sdk/src/rp2_common/pico_standard_link/binary_info.c.obj
 *(.init)
 .init          0x100002b8        0x4 c:/picovittusaatana/pico-sdk-v1.5.0/gcc-arm-none-eabi/bin/../lib/gcc/arm-none-eabi/10.3.1/thumb/v6-m/nofp/crti.o
                0x100002b8                _init
 *(EXCLUDE_FILE(*libm.a: *libc.a:*lib_a-mem*.o *libgcc.a:) .text*)
 .text          0x100002bc       0x48 c:/picovittusaatana/pico-sdk-v1.5.0/gcc-arm-none-eabi/bin/../lib/gcc/arm-none-eabi/10.3.1/thumb/v6-m/nofp/crtbegin.o
 .text.pwm_init
                0x10000304       0x30 CMakeFiles/pwm.dir/main.c.obj
 .text.rotary_isr
                0x10000334       0x48 CMakeFiles/pwm.dir/main.c.obj
                0x10000334                rotary_isr
 .text.main     0x1000037c      0x2b0 CMakeFiles/pwm.dir/main.c.obj
                0x1000037c                main
 .text.gpio_set_function
                0x1000062c       0x30 CMakeFiles/pwm.dir/C_/PicoVittuSaatana/Pico-SDK-v1.5.0/pico-sdk/src/rp2_common/hardware_gpio/gpio.c.obj
                0x1000062c                gpio_set_function
 .text.gpio_set_pulls
                0x1000065c       0x34 CMakeFiles/pwm.dir/C_/PicoVittuSaatana/Pico-SDK-v1.5.0/pico-sdk/src/rp2_common/hardware_gpio/gpio.c.obj
                0x1000065c                gpio_set_pulls
 .text.gpio_set_irq_callback
                0x10000690       0x48 CMakeFiles/pwm.dir/C_/PicoVittuSaatana/Pico-SDK-v1.5.0/pico-sdk/src/rp2_common/hardware_gpio/gpio.c.obj
                0x10000690                gpio_set_irq_callback
 .text.gpio_acknowledge_irq
                0x100006d8       0x18 CMakeFiles/pwm.dir/C_/PicoVittuSaatana/Pico-SDK-v1.5.0/pico-sdk/src/rp2_common/hardware_gpio/gpio.c.obj
                0x100006d8                gpio_acknowledge_irq
 .text._gpio_set_irq_enabled
                0x100006f0       0x34 CMakeFiles/pwm.dir/C_/PicoVittuSaatana/Pico-SDK-v1.5.0/pico-sdk/src/rp2_common/hardware_gpio/gpio.c.obj
 .text.gpio_set_irq_enabled
                0x10000724       0x20 CMakeFiles/pwm.dir/C_/PicoVittuSaatana/Pico-SDK-v1.5.0/pico-sdk/src/rp2_common/hardware_gpio/gpio.c.obj
                0x10000724                gpio_set_irq_enabled
 .text.gpio_set_irq_enabled_with_callback
                0x10000744       0x20 CMakeFiles/pwm.dir/C_/PicoVittuSaatana/Pico-SDK-v1.5.0/pico-sdk/src/rp2_common/hardware_gpio/gpio.c.obj
                0x10000744                gpio_set_irq_enabled_with_callback
 .text.gpio_default_irq_handler
                0x10000764       0x98 CMakeFiles/pwm.dir/C_/PicoVittuSaatana/Pico-SDK-v1.5.0/pico-sdk/src/rp2_common/hardware_gpio/gpio.c.obj
 .text.gpio_init
                0x100007fc       0x16 CMakeFiles/pwm.dir/C_/PicoVittuSaatana/Pico-SDK-v1.5.0/pico-sdk/src/rp2_common/hardware_gpio/gpio.c.obj
                0x100007fc                gpio_init
 *fill*         0x10000812        0x2 
 .text.running_on_fpga
                0x10000814       0x14 CMakeFiles/pwm.dir/C_/PicoVittuSaatana/Pico-SDK-v1.5.0/pico-sdk/src/rp2_common/pico_platform/platform.c.obj
                0x10000814                running_on_fpga
 .text.hw_claim_lock
                0x10000828       0x18 CMakeFiles/pwm.dir/C_/PicoVittuSaatana/Pico-SDK-v1.5.0/pico-sdk/src/rp2_common/hardware_claim/claim.c.obj
                0x10000828                hw_claim_lock
 .text.hw_claim_unlock
                0x10000840       0x14 CMakeFiles/pwm.dir/C_/PicoVittuSaatana/Pico-SDK-v1.5.0/pico-sdk/src/rp2_common/hardware_claim/claim.c.obj
                0x10000840                hw_claim_unlock
 .text.hw_claim_or_assert
                0x10000854       0x32 CMakeFiles/pwm.dir/C_/PicoVittuSaatana/Pico-SDK-v1.5.0/pico-sdk/src/rp2_common/hardware_claim/claim.c.obj
                0x10000854                hw_claim_or_assert
 *fill*         0x10000886        0x2 
 .text.spin_locks_reset
                0x10000888       0x20 CMakeFiles/pwm.dir/C_/PicoVittuSaatana/Pico-SDK-v1.5.0/pico-sdk/src/rp2_common/hardware_sync/sync.c.obj
                0x10000888                spin_locks_reset
 .text.next_striped_spin_lock_num
                0x100008a8       0x1c CMakeFiles/pwm.dir/C_/PicoVittuSaatana/Pico-SDK-v1.5.0/pico-sdk/src/rp2_common/hardware_sync/sync.c.obj
                0x100008a8                next_striped_spin_lock_num
 .text.set_raw_irq_handler_and_unlock
                0x100008c4       0x28 CMakeFiles/pwm.dir/C_/PicoVittuSaatana/Pico-SDK-v1.5.0/pico-sdk/src/rp2_common/hardware_irq/irq.c.obj
 .text.make_branch
                0x100008ec       0x48 CMakeFiles/pwm.dir/C_/PicoVittuSaatana/Pico-SDK-v1.5.0/pico-sdk/src/rp2_common/hardware_irq/irq.c.obj
 .text.insert_branch_and_link
                0x10000934       0x40 CMakeFiles/pwm.dir/C_/PicoVittuSaatana/Pico-SDK-v1.5.0/pico-sdk/src/rp2_common/hardware_irq/irq.c.obj
 .text.irq_is_enabled
                0x10000974       0x18 CMakeFiles/pwm.dir/C_/PicoVittuSaatana/Pico-SDK-v1.5.0/pico-sdk/src/rp2_common/hardware_irq/irq.c.obj
                0x10000974                irq_is_enabled
 .text.irq_set_mask_enabled
                0x1000098c       0x20 CMakeFiles/pwm.dir/C_/PicoVittuSaatana/Pico-SDK-v1.5.0/pico-sdk/src/rp2_common/hardware_irq/irq.c.obj
                0x1000098c                irq_set_mask_enabled
 .text.irq_set_enabled
                0x100009ac        0xe CMakeFiles/pwm.dir/C_/PicoVittuSaatana/Pico-SDK-v1.5.0/pico-sdk/src/rp2_common/hardware_irq/irq.c.obj
                0x100009ac                irq_set_enabled
 *fill*         0x100009ba        0x2 
 .text.irq_get_vtable_handler
                0x100009bc       0x10 CMakeFiles/pwm.dir/C_/PicoVittuSaatana/Pico-SDK-v1.5.0/pico-sdk/src/rp2_common/hardware_irq/irq.c.obj
                0x100009bc                irq_get_vtable_handler
 .text.irq_set_exclusive_handler
                0x100009cc       0x54 CMakeFiles/pwm.dir/C_/PicoVittuSaatana/Pico-SDK-v1.5.0/pico-sdk/src/rp2_common/hardware_irq/irq.c.obj
                0x100009cc                irq_set_exclusive_handler
 .text.irq_add_shared_handler
                0x10000a20      0x234 CMakeFiles/pwm.dir/C_/PicoVittuSaatana/Pico-SDK-v1.5.0/pico-sdk/src/rp2_common/hardware_irq/irq.c.obj
                0x10000a20                irq_add_shared_handler
 .text.irq_remove_handler
                0x10000c54      0x1ac CMakeFiles/pwm.dir/C_/PicoVittuSaatana/Pico-SDK-v1.5.0/pico-sdk/src/rp2_common/hardware_irq/irq.c.obj
                0x10000c54                irq_remove_handler
 .text.irq_add_tail_to_free_list
                0x10000e00       0xf0 CMakeFiles/pwm.dir/C_/PicoVittuSaatana/Pico-SDK-v1.5.0/pico-sdk/src/rp2_common/hardware_irq/irq.c.obj
                0x10000e00                irq_add_tail_to_free_list
 .text.irq_init_priorities
                0x10000ef0       0x1c CMakeFiles/pwm.dir/C_/PicoVittuSaatana/Pico-SDK-v1.5.0/pico-sdk/src/rp2_common/hardware_irq/irq.c.obj
                0x10000ef0                irq_init_priorities
 .text.lock_init
                0x10000f0c       0x10 CMakeFiles/pwm.dir/C_/PicoVittuSaatana/Pico-SDK-v1.5.0/pico-sdk/src/common/pico_sync/lock_core.c.obj
                0x10000f0c                lock_init
 .text.mutex_init
                0x10000f1c       0x1a CMakeFiles/pwm.dir/C_/PicoVittuSaatana/Pico-SDK-v1.5.0/pico-sdk/src/common/pico_sync/mutex.c.obj
                0x10000f1c                mutex_init
 .text.recursive_mutex_init
                0x10000f36       0x1e CMakeFiles/pwm.dir/C_/PicoVittuSaatana/Pico-SDK-v1.5.0/pico-sdk/src/common/pico_sync/mutex.c.obj
                0x10000f36                recursive_mutex_init
 .text.alarm_pool_post_alloc_init
                0x10000f54       0x40 CMakeFiles/pwm.dir/C_/PicoVittuSaatana/Pico-SDK-v1.5.0/pico-sdk/src/common/pico_time/time.c.obj
 .text.sleep_until_callback
                0x10000f94       0x30 CMakeFiles/pwm.dir/C_/PicoVittuSaatana/Pico-SDK-v1.5.0/pico-sdk/src/common/pico_time/time.c.obj
 .text.timer_pool_entry_comparator
                0x10000fc4       0x7c CMakeFiles/pwm.dir/C_/PicoVittuSaatana/Pico-SDK-v1.5.0/pico-sdk/src/common/pico_time/time.c.obj
                0x10000fc4                timer_pool_entry_comparator
 .text.ph_add_child_node
                0x10001040       0xa4 CMakeFiles/pwm.dir/C_/PicoVittuSaatana/Pico-SDK-v1.5.0/pico-sdk/src/common/pico_time/time.c.obj
 .text.ph_merge_nodes
                0x100010e4       0x3e CMakeFiles/pwm.dir/C_/PicoVittuSaatana/Pico-SDK-v1.5.0/pico-sdk/src/common/pico_time/time.c.obj
 *fill*         0x10001122        0x2 
 .text.add_alarm_under_lock
                0x10001124      0x174 CMakeFiles/pwm.dir/C_/PicoVittuSaatana/Pico-SDK-v1.5.0/pico-sdk/src/common/pico_time/time.c.obj
 .text.alarm_pool_alarm_callback
                0x10001298      0x33c CMakeFiles/pwm.dir/C_/PicoVittuSaatana/Pico-SDK-v1.5.0/pico-sdk/src/common/pico_time/time.c.obj
 .text.alarm_pool_init_default
                0x100015d4       0x40 CMakeFiles/pwm.dir/C_/PicoVittuSaatana/Pico-SDK-v1.5.0/pico-sdk/src/common/pico_time/time.c.obj
                0x100015d4                alarm_pool_init_default
 .text.alarm_pool_get_default
                0x10001614       0x2c CMakeFiles/pwm.dir/C_/PicoVittuSaatana/Pico-SDK-v1.5.0/pico-sdk/src/common/pico_time/time.c.obj
                0x10001614                alarm_pool_get_default
 .text.alarm_pool_add_alarm_at
                0x10001640      0x168 CMakeFiles/pwm.dir/C_/PicoVittuSaatana/Pico-SDK-v1.5.0/pico-sdk/src/common/pico_time/time.c.obj
                0x10001640                alarm_pool_add_alarm_at
 .text.alarm_pool_cancel_alarm
                0x100017a8       0xf0 CMakeFiles/pwm.dir/C_/PicoVittuSaatana/Pico-SDK-v1.5.0/pico-sdk/src/common/pico_time/time.c.obj
                0x100017a8                alarm_pool_cancel_alarm
 .text.sleep_until
                0x10001898       0xfc CMakeFiles/pwm.dir/C_/PicoVittuSaatana/Pico-SDK-v1.5.0/pico-sdk/src/common/pico_time/time.c.obj
                0x10001898                sleep_until
 .text.sleep_us
                0x10001994       0x58 CMakeFiles/pwm.dir/C_/PicoVittuSaatana/Pico-SDK-v1.5.0/pico-sdk/src/common/pico_time/time.c.obj
                0x10001994                sleep_us
 .text.sleep_ms
                0x100019ec       0x14 CMakeFiles/pwm.dir/C_/PicoVittuSaatana/Pico-SDK-v1.5.0/pico-sdk/src/common/pico_time/time.c.obj
                0x100019ec                sleep_ms
 .text.best_effort_wfe_or_timeout
                0x10001a00       0xac CMakeFiles/pwm.dir/C_/PicoVittuSaatana/Pico-SDK-v1.5.0/pico-sdk/src/common/pico_time/time.c.obj
                0x10001a00                best_effort_wfe_or_timeout
 .text.hardware_alarm_irq_handler
                0x10001aac       0x90 CMakeFiles/pwm.dir/C_/PicoVittuSaatana/Pico-SDK-v1.5.0/pico-sdk/src/rp2_common/hardware_timer/timer.c.obj
 .text.hardware_alarm_claim
                0x10001b3c       0x18 CMakeFiles/pwm.dir/C_/PicoVittuSaatana/Pico-SDK-v1.5.0/pico-sdk/src/rp2_common/hardware_timer/timer.c.obj
                0x10001b3c                hardware_alarm_claim
 .text.time_us_64
                0x10001b54       0x18 CMakeFiles/pwm.dir/C_/PicoVittuSaatana/Pico-SDK-v1.5.0/pico-sdk/src/rp2_common/hardware_timer/timer.c.obj
                0x10001b54                time_us_64
 .text.busy_wait_until
                0x10001b6c       0x28 CMakeFiles/pwm.dir/C_/PicoVittuSaatana/Pico-SDK-v1.5.0/pico-sdk/src/rp2_common/hardware_timer/timer.c.obj
                0x10001b6c                busy_wait_until
 .text.hardware_alarm_set_callback
                0x10001b94       0x90 CMakeFiles/pwm.dir/C_/PicoVittuSaatana/Pico-SDK-v1.5.0/pico-sdk/src/rp2_common/hardware_timer/timer.c.obj
                0x10001b94                hardware_alarm_set_callback
 .text.hardware_alarm_set_target
                0x10001c24       0xe8 CMakeFiles/pwm.dir/C_/PicoVittuSaatana/Pico-SDK-v1.5.0/pico-sdk/src/rp2_common/hardware_timer/timer.c.obj
                0x10001c24                hardware_alarm_set_target
 .text.hardware_alarm_cancel
                0x10001d0c       0x40 CMakeFiles/pwm.dir/C_/PicoVittuSaatana/Pico-SDK-v1.5.0/pico-sdk/src/rp2_common/hardware_timer/timer.c.obj
                0x10001d0c                hardware_alarm_cancel
 .text.ph_add_child_node
                0x10001d4c       0xa4 CMakeFiles/pwm.dir/C_/PicoVittuSaatana/Pico-SDK-v1.5.0/pico-sdk/src/common/pico_util/pheap.c.obj
 .text.ph_merge_nodes
                0x10001df0       0x3e CMakeFiles/pwm.dir/C_/PicoVittuSaatana/Pico-SDK-v1.5.0/pico-sdk/src/common/pico_util/pheap.c.obj
 *fill*         0x10001e2e        0x2 
 .text.ph_clear
                0x10001e30       0x70 CMakeFiles/pwm.dir/C_/PicoVittuSaatana/Pico-SDK-v1.5.0/pico-sdk/src/common/pico_util/pheap.c.obj
                0x10001e30                ph_clear
 .text.ph_post_alloc_init
                0x10001ea0        0xe CMakeFiles/pwm.dir/C_/PicoVittuSaatana/Pico-SDK-v1.5.0/pico-sdk/src/common/pico_util/pheap.c.obj
                0x10001ea0                ph_post_alloc_init
 *fill*         0x10001eae        0x2 
 .text.ph_merge_two_pass
                0x10001eb0       0xa8 CMakeFiles/pwm.dir/C_/PicoVittuSaatana/Pico-SDK-v1.5.0/pico-sdk/src/common/pico_util/pheap.c.obj
                0x10001eb0                ph_merge_two_pass
 .text.ph_remove_any_head
                0x10001f58      0x128 CMakeFiles/pwm.dir/C_/PicoVittuSaatana/Pico-SDK-v1.5.0/pico-sdk/src/common/pico_util/pheap.c.obj
 .text.ph_remove_head
                0x10002080       0x14 CMakeFiles/pwm.dir/C_/PicoVittuSaatana/Pico-SDK-v1.5.0/pico-sdk/src/common/pico_util/pheap.c.obj
                0x10002080                ph_remove_head
 .text.ph_remove_and_free_node
                0x10002094       0xf8 CMakeFiles/pwm.dir/C_/PicoVittuSaatana/Pico-SDK-v1.5.0/pico-sdk/src/common/pico_util/pheap.c.obj
                0x10002094                ph_remove_and_free_node
 .text.uart_set_baudrate
                0x1000218c       0x5c CMakeFiles/pwm.dir/C_/PicoVittuSaatana/Pico-SDK-v1.5.0/pico-sdk/src/rp2_common/hardware_uart/uart.c.obj
                0x1000218c                uart_set_baudrate
 .text.uart_set_translate_crlf
                0x100021e8       0x28 CMakeFiles/pwm.dir/C_/PicoVittuSaatana/Pico-SDK-v1.5.0/pico-sdk/src/rp2_common/hardware_uart/uart.c.obj
                0x100021e8                uart_set_translate_crlf
 .text.uart_init
                0x10002210       0x80 CMakeFiles/pwm.dir/C_/PicoVittuSaatana/Pico-SDK-v1.5.0/pico-sdk/src/rp2_common/hardware_uart/uart.c.obj
                0x10002210                uart_init
 .text.clock_configure
                0x10002290      0x104 CMakeFiles/pwm.dir/C_/PicoVittuSaatana/Pico-SDK-v1.5.0/pico-sdk/src/rp2_common/hardware_clocks/clocks.c.obj
                0x10002290                clock_configure
 .text.clocks_init
                0x10002394      0x100 CMakeFiles/pwm.dir/C_/PicoVittuSaatana/Pico-SDK-v1.5.0/pico-sdk/src/rp2_common/hardware_clocks/clocks.c.obj
                0x10002394                clocks_init
 .text.clock_get_hz
                0x10002494        0xc CMakeFiles/pwm.dir/C_/PicoVittuSaatana/Pico-SDK-v1.5.0/pico-sdk/src/rp2_common/hardware_clocks/clocks.c.obj
                0x10002494                clock_get_hz
 .text.pll_init
                0x100024a0      0x12c CMakeFiles/pwm.dir/C_/PicoVittuSaatana/Pico-SDK-v1.5.0/pico-sdk/src/rp2_common/hardware_pll/pll.c.obj
                0x100024a0                pll_init
 .text.watchdog_start_tick
                0x100025cc       0x10 CMakeFiles/pwm.dir/C_/PicoVittuSaatana/Pico-SDK-v1.5.0/pico-sdk/src/rp2_common/hardware_watchdog/watchdog.c.obj
                0x100025cc                watchdog_start_tick
 .text.xosc_init
                0x100025dc       0x28 CMakeFiles/pwm.dir/C_/PicoVittuSaatana/Pico-SDK-v1.5.0/pico-sdk/src/rp2_common/hardware_xosc/xosc.c.obj
                0x100025dc                xosc_init
 .text._exit    0x10002604        0x4 CMakeFiles/pwm.dir/C_/PicoVittuSaatana/Pico-SDK-v1.5.0/pico-sdk/src/rp2_common/pico_runtime/runtime.c.obj
                0x10002604                _exit
 .text.exit     0x10002608        0x6 CMakeFiles/pwm.dir/C_/PicoVittuSaatana/Pico-SDK-v1.5.0/pico-sdk/src/rp2_common/pico_runtime/runtime.c.obj
                0x10002608                exit
 *fill*         0x1000260e        0x2 
 .text.__assert_func
                0x10002610       0x3c CMakeFiles/pwm.dir/C_/PicoVittuSaatana/Pico-SDK-v1.5.0/pico-sdk/src/rp2_common/pico_runtime/runtime.c.obj
                0x10002610                __assert_func
 .text.runtime_init
                0x1000264c       0xf8 CMakeFiles/pwm.dir/C_/PicoVittuSaatana/Pico-SDK-v1.5.0/pico-sdk/src/rp2_common/pico_runtime/runtime.c.obj
                0x1000264c                runtime_init
 .text.panic    0x10002744       0x30 CMakeFiles/pwm.dir/C_/PicoVittuSaatana/Pico-SDK-v1.5.0/pico-sdk/src/rp2_common/pico_runtime/runtime.c.obj
                0x10002744                panic
 .text._out_null
                0x10002774        0x2 CMakeFiles/pwm.dir/C_/PicoVittuSaatana/Pico-SDK-v1.5.0/pico-sdk/src/rp2_common/pico_printf/printf.c.obj
 .text._out_fct
                0x10002776        0xe CMakeFiles/pwm.dir/C_/PicoVittuSaatana/Pico-SDK-v1.5.0/pico-sdk/src/rp2_common/pico_printf/printf.c.obj
 .text._atoi    0x10002784       0x24 CMakeFiles/pwm.dir/C_/PicoVittuSaatana/Pico-SDK-v1.5.0/pico-sdk/src/rp2_common/pico_printf/printf.c.obj
 .text._out_rev
                0x100027a8       0xae CMakeFiles/pwm.dir/C_/PicoVittuSaatana/Pico-SDK-v1.5.0/pico-sdk/src/rp2_common/pico_printf/printf.c.obj
 .text._ntoa_format
                0x10002856      0x112 CMakeFiles/pwm.dir/C_/PicoVittuSaatana/Pico-SDK-v1.5.0/pico-sdk/src/rp2_common/pico_printf/printf.c.obj
 .text._ntoa_long
                0x10002968       0xbc CMakeFiles/pwm.dir/C_/PicoVittuSaatana/Pico-SDK-v1.5.0/pico-sdk/src/rp2_common/pico_printf/printf.c.obj
 .text._ntoa_long_long
                0x10002a24       0xe2 CMakeFiles/pwm.dir/C_/PicoVittuSaatana/Pico-SDK-v1.5.0/pico-sdk/src/rp2_common/pico_printf/printf.c.obj
 *fill*         0x10002b06        0x2 
 .text._etoa    0x10002b08      0x414 CMakeFiles/pwm.dir/C_/PicoVittuSaatana/Pico-SDK-v1.5.0/pico-sdk/src/rp2_common/pico_printf/printf.c.obj
 .text._ftoa    0x10002f1c      0x354 CMakeFiles/pwm.dir/C_/PicoVittuSaatana/Pico-SDK-v1.5.0/pico-sdk/src/rp2_common/pico_printf/printf.c.obj
 .text._vsnprintf
                0x10003270      0x624 CMakeFiles/pwm.dir/C_/PicoVittuSaatana/Pico-SDK-v1.5.0/pico-sdk/src/rp2_common/pico_printf/printf.c.obj
 .text.vfctprintf
                0x10003894       0x20 CMakeFiles/pwm.dir/C_/PicoVittuSaatana/Pico-SDK-v1.5.0/pico-sdk/src/rp2_common/pico_printf/printf.c.obj
                0x10003894                vfctprintf
 .text          0x100038b4       0x10 CMakeFiles/pwm.dir/C_/PicoVittuSaatana/Pico-SDK-v1.5.0/pico-sdk/src/rp2_common/pico_bit_ops/bit_ops_aeabi.S.obj
 .text.rom_func_lookup
                0x100038c4       0x10 CMakeFiles/pwm.dir/C_/PicoVittuSaatana/Pico-SDK-v1.5.0/pico-sdk/src/rp2_common/pico_bootrom/bootrom.c.obj
                0x100038c4                rom_func_lookup
 .text.rom_data_lookup
                0x100038d4       0x10 CMakeFiles/pwm.dir/C_/PicoVittuSaatana/Pico-SDK-v1.5.0/pico-sdk/src/rp2_common/pico_bootrom/bootrom.c.obj
                0x100038d4                rom_data_lookup
 .text.rom_funcs_lookup
                0x100038e4       0x36 CMakeFiles/pwm.dir/C_/PicoVittuSaatana/Pico-SDK-v1.5.0/pico-sdk/src/rp2_common/pico_bootrom/bootrom.c.obj
                0x100038e4                rom_funcs_lookup
 *fill*         0x1000391a        0x2 
 .text.__wrap___aeabi_idiv
                0x1000391c       0x50 CMakeFiles/pwm.dir/C_/PicoVittuSaatana/Pico-SDK-v1.5.0/pico-sdk/src/rp2_common/pico_divider/divider.S.obj
                0x1000391c                __wrap___aeabi_idivmod
                0x1000391c                divmod_s32s32
                0x1000391c                div_s32s32
                0x1000391c                __wrap___aeabi_idiv
                0x10003924                divmod_s32s32_unsafe
                0x10003950                divmod_s32s32_savestate
 .text.__wrap___aeabi_uidiv
                0x1000396c       0x4c CMakeFiles/pwm.dir/C_/PicoVittuSaatana/Pico-SDK-v1.5.0/pico-sdk/src/rp2_common/pico_divider/divider.S.obj
                0x1000396c                __wrap___aeabi_uidiv
                0x1000396c                __wrap___aeabi_uidivmod
                0x1000396c                div_u32u32
                0x1000396c                divmod_u32u32
                0x10003974                divmod_u32u32_unsafe
                0x1000399c                divmod_u32u32_savestate
 .text.__wrap___aeabi_ldiv
                0x100039b8      0x424 CMakeFiles/pwm.dir/C_/PicoVittuSaatana/Pico-SDK-v1.5.0/pico-sdk/src/rp2_common/pico_divider/divider.S.obj
                0x100039b8                div_s64s64
                0x100039b8                divmod_s64s64
                0x100039b8                __wrap___aeabi_ldivmod
                0x100039e8                divmod_u64u64
                0x100039e8                div_u64u64
                0x100039e8                __wrap___aeabi_uldivmod
                0x100039f8                divmod_u64u64_savestate
                0x10003a18                divmod_s64s64_unsafe
                0x10003aa0                divmod_u64u64_unsafe
 .text.__wrap___aeabi_darithmetic
                0x10003ddc       0x60 CMakeFiles/pwm.dir/C_/PicoVittuSaatana/Pico-SDK-v1.5.0/pico-sdk/src/rp2_common/pico_double/double_aeabi.S.obj
                0x10003ddc                __wrap___aeabi_drsub
                0x10003de2                __wrap___aeabi_dsub
                0x10003dec                __wrap___aeabi_dadd
                0x10003df6                __wrap___aeabi_ddiv
                0x10003e2a                __wrap___aeabi_dmul
 .text.__wrap___aeabi_cdcmple
                0x10003e3c       0x6c CMakeFiles/pwm.dir/C_/PicoVittuSaatana/Pico-SDK-v1.5.0/pico-sdk/src/rp2_common/pico_double/double_aeabi.S.obj
                0x10003e3c                __wrap___aeabi_cdrcmple
                0x10003e4c                __wrap___aeabi_cdcmpeq
                0x10003e4c                __wrap___aeabi_cdcmple
 .text.__wrap___aeabi_dcmplt
                0x10003ea8        0xc CMakeFiles/pwm.dir/C_/PicoVittuSaatana/Pico-SDK-v1.5.0/pico-sdk/src/rp2_common/pico_double/double_aeabi.S.obj
                0x10003ea8                __wrap___aeabi_dcmplt
 .text.__wrap___aeabi_dcmple
                0x10003eb4       0x10 CMakeFiles/pwm.dir/C_/PicoVittuSaatana/Pico-SDK-v1.5.0/pico-sdk/src/rp2_common/pico_double/double_aeabi.S.obj
                0x10003eb4                __wrap___aeabi_dcmple
 .text.__wrap___aeabi_dcmpge
                0x10003ec4       0x10 CMakeFiles/pwm.dir/C_/PicoVittuSaatana/Pico-SDK-v1.5.0/pico-sdk/src/rp2_common/pico_double/double_aeabi.S.obj
                0x10003ec4                __wrap___aeabi_dcmpge
 .text.__wrap___aeabi_dcmpgt
                0x10003ed4        0xa CMakeFiles/pwm.dir/C_/PicoVittuSaatana/Pico-SDK-v1.5.0/pico-sdk/src/rp2_common/pico_double/double_aeabi.S.obj
                0x10003ed4                __wrap___aeabi_dcmpgt
 .text.__wrap___aeabi_dcmpun
                0x10003ede       0x1c CMakeFiles/pwm.dir/C_/PicoVittuSaatana/Pico-SDK-v1.5.0/pico-sdk/src/rp2_common/pico_double/double_aeabi.S.obj
                0x10003ede                __wrap___aeabi_dcmpun
 *fill*         0x10003efa        0x2 
 .text.__wrap___aeabi_i2d
                0x10003efc       0x38 CMakeFiles/pwm.dir/C_/PicoVittuSaatana/Pico-SDK-v1.5.0/pico-sdk/src/rp2_common/pico_double/double_aeabi.S.obj
                0x10003efc                __wrap___aeabi_ui2d
                0x10003f04                __wrap___aeabi_i2d
 .text.__wrap___aeabi_d2iz
                0x10003f34       0x48 CMakeFiles/pwm.dir/C_/PicoVittuSaatana/Pico-SDK-v1.5.0/pico-sdk/src/rp2_common/pico_double/double_aeabi.S.obj
                0x10003f34                double2int_z
                0x10003f34                __wrap___aeabi_d2iz
 .text.__wrap___aeabi_d2uiz
                0x10003f7c       0x10 CMakeFiles/pwm.dir/C_/PicoVittuSaatana/Pico-SDK-v1.5.0/pico-sdk/src/rp2_common/pico_double/double_aeabi.S.obj
                0x10003f7c                __wrap___aeabi_d2uiz
                0x10003f7c                double2uint
 .text.missing_double_func_shim
                0x10003f8c        0xc CMakeFiles/pwm.dir/C_/PicoVittuSaatana/Pico-SDK-v1.5.0/pico-sdk/src/rp2_common/pico_double/double_init_rom.c.obj
 .text.__aeabi_double_init
                0x10003f98       0xcc CMakeFiles/pwm.dir/C_/PicoVittuSaatana/Pico-SDK-v1.5.0/pico-sdk/src/rp2_common/pico_double/double_init_rom.c.obj
                0x10003f98                __aeabi_double_init
 .text.double_table_shim_on_use_helper
                0x10004064       0x34 CMakeFiles/pwm.dir/C_/PicoVittuSaatana/Pico-SDK-v1.5.0/pico-sdk/src/rp2_common/pico_double/double_v1_rom_shim.S.obj
                0x10004064                double_table_shim_on_use_helper
 .text.__aeabi_lmul
                0x10004098       0x32 CMakeFiles/pwm.dir/C_/PicoVittuSaatana/Pico-SDK-v1.5.0/pico-sdk/src/rp2_common/pico_int64_ops/pico_int64_ops_aeabi.S.obj
                0x10004098                __wrap___aeabi_lmul
 *fill*         0x100040ca        0x2 
 .text.missing_float_func_shim
                0x100040cc        0xc CMakeFiles/pwm.dir/C_/PicoVittuSaatana/Pico-SDK-v1.5.0/pico-sdk/src/rp2_common/pico_float/float_init_rom.c.obj
 .text.__aeabi_float_init
                0x100040d8       0x88 CMakeFiles/pwm.dir/C_/PicoVittuSaatana/Pico-SDK-v1.5.0/pico-sdk/src/rp2_common/pico_float/float_init_rom.c.obj
                0x100040d8                __aeabi_float_init
 .text          0x10004160       0x10 CMakeFiles/pwm.dir/C_/PicoVittuSaatana/Pico-SDK-v1.5.0/pico-sdk/src/rp2_common/pico_mem_ops/mem_ops_aeabi.S.obj
                0x10004160                __aeabi_mem_init
 .text.memcpy   0x10004170        0xc CMakeFiles/pwm.dir/C_/PicoVittuSaatana/Pico-SDK-v1.5.0/pico-sdk/src/rp2_common/pico_mem_ops/mem_ops_aeabi.S.obj
                0x10004170                __wrap_memcpy
                0x10004170                __wrap___aeabi_memcpy
 .text.stdio_out_chars_no_crlf
                0x1000417c        0xe CMakeFiles/pwm.dir/C_/PicoVittuSaatana/Pico-SDK-v1.5.0/pico-sdk/src/rp2_common/pico_stdio/stdio.c.obj
 *fill*         0x1000418a        0x2 
 .text.stdio_out_chars_crlf
                0x1000418c       0x80 CMakeFiles/pwm.dir/C_/PicoVittuSaatana/Pico-SDK-v1.5.0/pico-sdk/src/rp2_common/pico_stdio/stdio.c.obj
 .text.stdio_stack_buffer_flush
                0x1000420c       0x44 CMakeFiles/pwm.dir/C_/PicoVittuSaatana/Pico-SDK-v1.5.0/pico-sdk/src/rp2_common/pico_stdio/stdio.c.obj
 .text.stdio_buffered_printer
                0x10004250       0x20 CMakeFiles/pwm.dir/C_/PicoVittuSaatana/Pico-SDK-v1.5.0/pico-sdk/src/rp2_common/pico_stdio/stdio.c.obj
 .text.stdout_serialize_begin
                0x10004270       0x5c CMakeFiles/pwm.dir/C_/PicoVittuSaatana/Pico-SDK-v1.5.0/pico-sdk/src/rp2_common/pico_stdio/stdio.c.obj
                0x10004270                stdout_serialize_begin
 .text.stdout_serialize_end
                0x100042cc       0x10 CMakeFiles/pwm.dir/C_/PicoVittuSaatana/Pico-SDK-v1.5.0/pico-sdk/src/rp2_common/pico_stdio/stdio.c.obj
                0x100042cc                stdout_serialize_end
 .text.stdio_put_string
                0x100042dc       0x98 CMakeFiles/pwm.dir/C_/PicoVittuSaatana/Pico-SDK-v1.5.0/pico-sdk/src/rp2_common/pico_stdio/stdio.c.obj
 .text.stdio_set_driver_enabled
                0x10004374       0x2c CMakeFiles/pwm.dir/C_/PicoVittuSaatana/Pico-SDK-v1.5.0/pico-sdk/src/rp2_common/pico_stdio/stdio.c.obj
                0x10004374                stdio_set_driver_enabled
 .text.stdio_flush
                0x100043a0       0x20 CMakeFiles/pwm.dir/C_/PicoVittuSaatana/Pico-SDK-v1.5.0/pico-sdk/src/rp2_common/pico_stdio/stdio.c.obj
                0x100043a0                stdio_flush
 .text.__wrap_puts
                0x100043c0       0x1e CMakeFiles/pwm.dir/C_/PicoVittuSaatana/Pico-SDK-v1.5.0/pico-sdk/src/rp2_common/pico_stdio/stdio.c.obj
                0x100043c0                __wrap_puts
 *fill*         0x100043de        0x2 
 .text.__wrap_vprintf
                0x100043e0       0x40 CMakeFiles/pwm.dir/C_/PicoVittuSaatana/Pico-SDK-v1.5.0/pico-sdk/src/rp2_common/pico_stdio/stdio.c.obj
                0x100043e0                __wrap_vprintf
 .text.__wrap_printf
                0x10004420       0x18 CMakeFiles/pwm.dir/C_/PicoVittuSaatana/Pico-SDK-v1.5.0/pico-sdk/src/rp2_common/pico_stdio/stdio.c.obj
                0x10004420                __wrap_printf
 .text.stdio_init_all
                0x10004438        0xa CMakeFiles/pwm.dir/C_/PicoVittuSaatana/Pico-SDK-v1.5.0/pico-sdk/src/rp2_common/pico_stdio/stdio.c.obj
                0x10004438                stdio_init_all
 *fill*         0x10004442        0x2 
 .text.stdio_uart_out_chars
                0x10004444       0x74 CMakeFiles/pwm.dir/C_/PicoVittuSaatana/Pico-SDK-v1.5.0/pico-sdk/src/rp2_common/pico_stdio_uart/stdio_uart.c.obj
 .text.stdio_uart_in_chars
                0x100044b8       0x80 CMakeFiles/pwm.dir/C_/PicoVittuSaatana/Pico-SDK-v1.5.0/pico-sdk/src/rp2_common/pico_stdio_uart/stdio_uart.c.obj
                0x100044b8                stdio_uart_in_chars
 .text.on_uart_rx
                0x10004538       0x28 CMakeFiles/pwm.dir/C_/PicoVittuSaatana/Pico-SDK-v1.5.0/pico-sdk/src/rp2_common/pico_stdio_uart/stdio_uart.c.obj
 .text.stdio_uart_set_chars_available_callback
                0x10004560       0x8c CMakeFiles/pwm.dir/C_/PicoVittuSaatana/Pico-SDK-v1.5.0/pico-sdk/src/rp2_common/pico_stdio_uart/stdio_uart.c.obj
 .text.stdio_uart_init_full
                0x100045ec       0x44 CMakeFiles/pwm.dir/C_/PicoVittuSaatana/Pico-SDK-v1.5.0/pico-sdk/src/rp2_common/pico_stdio_uart/stdio_uart.c.obj
                0x100045ec                stdio_uart_init_full
 .text.stdio_uart_init
                0x10004630       0x28 CMakeFiles/pwm.dir/C_/PicoVittuSaatana/Pico-SDK-v1.5.0/pico-sdk/src/rp2_common/pico_stdio_uart/stdio_uart.c.obj
                0x10004630                stdio_uart_init
 .text.strlen   0x10004658       0x5c c:/picovittusaatana/pico-sdk-v1.5.0/gcc-arm-none-eabi/bin/../lib/gcc/arm-none-eabi/10.3.1/../../../../arm-none-eabi/lib/thumb/v6-m/nofp\libg.a(lib_a-strlen-stub.o)
                0x10004658                strlen
 *(.fini)
 .fini          0x100046b4        0x4 c:/picovittusaatana/pico-sdk-v1.5.0/gcc-arm-none-eabi/bin/../lib/gcc/arm-none-eabi/10.3.1/thumb/v6-m/nofp/crti.o
                0x100046b4                _fini
 .fini.__stub   0x100046b8       0x40 linker stubs
 *crtbegin.o(.ctors)
 *crtbegin?.o(.ctors)
 *(EXCLUDE_FILE(*crtend.o *crtend?.o) .ctors)
 *(SORT_BY_NAME(.ctors.*))
 *(.ctors)
 *crtbegin.o(.dtors)
 *crtbegin?.o(.dtors)
 *(EXCLUDE_FILE(*crtend.o *crtend?.o) .dtors)
 *(SORT_BY_NAME(.dtors.*))
 *(.dtors)
 *(.eh_frame*)
 .eh_frame      0x100046f8        0x0 c:/picovittusaatana/pico-sdk-v1.5.0/gcc-arm-none-eabi/bin/../lib/gcc/arm-none-eabi/10.3.1/thumb/v6-m/nofp/crtbegin.o
                0x100046f8                . = ALIGN (0x4)

.glue_7         0x100046f8        0x0
 .glue_7        0x100046f8        0x0 linker stubs

.glue_7t        0x100046f8        0x0
 .glue_7t       0x100046f8        0x0 linker stubs

.vfp11_veneer   0x100046f8        0x0
 .vfp11_veneer  0x100046f8        0x0 linker stubs

.v4_bx          0x100046f8        0x0
 .v4_bx         0x100046f8        0x0 linker stubs

.iplt           0x100046f8        0x0
 .iplt          0x100046f8        0x0 c:/picovittusaatana/pico-sdk-v1.5.0/gcc-arm-none-eabi/bin/../lib/gcc/arm-none-eabi/10.3.1/thumb/v6-m/nofp/crtbegin.o

.rodata         0x100046f8     0x1030
 *(EXCLUDE_FILE(*libm.a: *libc.a:*lib_a-mem*.o *libgcc.a:) .rodata*)
 .rodata.make_branch.str1.4
                0x100046f8       0x7f CMakeFiles/pwm.dir/C_/PicoVittuSaatana/Pico-SDK-v1.5.0/pico-sdk/src/rp2_common/hardware_irq/irq.c.obj
 *fill*         0x10004777        0x1 
 .rodata.insert_branch_and_link.str1.4
                0x10004778       0x10 CMakeFiles/pwm.dir/C_/PicoVittuSaatana/Pico-SDK-v1.5.0/pico-sdk/src/rp2_common/hardware_irq/irq.c.obj
 .rodata.irq_set_exclusive_handler.str1.4
                0x10004788       0x36 CMakeFiles/pwm.dir/C_/PicoVittuSaatana/Pico-SDK-v1.5.0/pico-sdk/src/rp2_common/hardware_irq/irq.c.obj
 *fill*         0x100047be        0x2 
 .rodata.irq_add_shared_handler.str1.4
                0x100047c0       0xd9 CMakeFiles/pwm.dir/C_/PicoVittuSaatana/Pico-SDK-v1.5.0/pico-sdk/src/rp2_common/hardware_irq/irq.c.obj
 *fill*         0x10004899        0x3 
 .rodata.irq_remove_handler.str1.4
                0x1000489c       0x3a CMakeFiles/pwm.dir/C_/PicoVittuSaatana/Pico-SDK-v1.5.0/pico-sdk/src/rp2_common/hardware_irq/irq.c.obj
 *fill*         0x100048d6        0x2 
 .rodata.irq_add_tail_to_free_list.str1.4
                0x100048d8       0x3a CMakeFiles/pwm.dir/C_/PicoVittuSaatana/Pico-SDK-v1.5.0/pico-sdk/src/rp2_common/hardware_irq/irq.c.obj
 *fill*         0x10004912        0x2 
 .rodata.__func__.0
                0x10004914       0x1a CMakeFiles/pwm.dir/C_/PicoVittuSaatana/Pico-SDK-v1.5.0/pico-sdk/src/rp2_common/hardware_irq/irq.c.obj
 *fill*         0x1000492e        0x2 
 .rodata.__func__.1
                0x10004930       0x17 CMakeFiles/pwm.dir/C_/PicoVittuSaatana/Pico-SDK-v1.5.0/pico-sdk/src/rp2_common/hardware_irq/irq.c.obj
 *fill*         0x10004947        0x1 
 .rodata.__func__.2
                0x10004948       0x13 CMakeFiles/pwm.dir/C_/PicoVittuSaatana/Pico-SDK-v1.5.0/pico-sdk/src/rp2_common/hardware_irq/irq.c.obj
 *fill*         0x1000495b        0x1 
 .rodata.__func__.3
                0x1000495c        0xc CMakeFiles/pwm.dir/C_/PicoVittuSaatana/Pico-SDK-v1.5.0/pico-sdk/src/rp2_common/hardware_irq/irq.c.obj
 .rodata.__func__.4
                0x10004968        0xf CMakeFiles/pwm.dir/C_/PicoVittuSaatana/Pico-SDK-v1.5.0/pico-sdk/src/rp2_common/hardware_irq/irq.c.obj
 *fill*         0x10004977        0x1 
 .rodata.__func__.5
                0x10004978       0x17 CMakeFiles/pwm.dir/C_/PicoVittuSaatana/Pico-SDK-v1.5.0/pico-sdk/src/rp2_common/hardware_irq/irq.c.obj
 *fill*         0x1000498f        0x1 
 .rodata.__func__.6
                0x10004990       0x1a CMakeFiles/pwm.dir/C_/PicoVittuSaatana/Pico-SDK-v1.5.0/pico-sdk/src/rp2_common/hardware_irq/irq.c.obj
 *fill*         0x100049aa        0x2 
 .rodata.str1.4
                0x100049ac      0x111 CMakeFiles/pwm.dir/C_/PicoVittuSaatana/Pico-SDK-v1.5.0/pico-sdk/src/common/pico_sync/mutex.c.obj
 *fill*         0x10004abd        0x3 
 .rodata.__func__.1
                0x10004ac0        0xb CMakeFiles/pwm.dir/C_/PicoVittuSaatana/Pico-SDK-v1.5.0/pico-sdk/src/common/pico_sync/mutex.c.obj
 *fill*         0x10004acb        0x1 
 .rodata.__func__.3
                0x10004acc       0x18 CMakeFiles/pwm.dir/C_/PicoVittuSaatana/Pico-SDK-v1.5.0/pico-sdk/src/common/pico_sync/mutex.c.obj
 .rodata.repeating_timer_callback.str1.4
                0x10004ae4       0x5d CMakeFiles/pwm.dir/C_/PicoVittuSaatana/Pico-SDK-v1.5.0/pico-sdk/src/common/pico_time/time.c.obj
 *fill*         0x10004b41        0x3 
 .rodata.timer_pool_entry_comparator.str1.4
                0x10004b44       0x22 CMakeFiles/pwm.dir/C_/PicoVittuSaatana/Pico-SDK-v1.5.0/pico-sdk/src/common/pico_time/time.c.obj
 *fill*         0x10004b66        0x2 
 .rodata.ph_add_child_node.str1.4
                0x10004b68       0xa6 CMakeFiles/pwm.dir/C_/PicoVittuSaatana/Pico-SDK-v1.5.0/pico-sdk/src/common/pico_time/time.c.obj
 *fill*         0x10004c0e        0x2 
 .rodata.add_alarm_under_lock.str1.4
                0x10004c10       0x28 CMakeFiles/pwm.dir/C_/PicoVittuSaatana/Pico-SDK-v1.5.0/pico-sdk/src/common/pico_time/time.c.obj
                                 0x2b (size before relaxing)
 .rodata.alarm_pool_alarm_callback.str1.4
                0x10004c38       0x98 CMakeFiles/pwm.dir/C_/PicoVittuSaatana/Pico-SDK-v1.5.0/pico-sdk/src/common/pico_time/time.c.obj
                                0x10c (size before relaxing)
 .rodata.alarm_pool_get_default.str1.4
                0x10004cd0       0x21 CMakeFiles/pwm.dir/C_/PicoVittuSaatana/Pico-SDK-v1.5.0/pico-sdk/src/common/pico_time/time.c.obj
 *fill*         0x10004cf1        0x3 
 .rodata.alarm_pool_cancel_alarm.str1.4
                0x10004cf4       0x27 CMakeFiles/pwm.dir/C_/PicoVittuSaatana/Pico-SDK-v1.5.0/pico-sdk/src/common/pico_time/time.c.obj
 *fill*         0x10004d1b        0x1 
 .rodata.sleep_until.str1.4
                0x10004d1c       0x4d CMakeFiles/pwm.dir/C_/PicoVittuSaatana/Pico-SDK-v1.5.0/pico-sdk/src/common/pico_time/time.c.obj
 *fill*         0x10004d69        0x3 
 .rodata.__func__.1
                0x10004d6c       0x18 CMakeFiles/pwm.dir/C_/PicoVittuSaatana/Pico-SDK-v1.5.0/pico-sdk/src/common/pico_time/time.c.obj
 .rodata.__func__.10
                0x10004d84       0x15 CMakeFiles/pwm.dir/C_/PicoVittuSaatana/Pico-SDK-v1.5.0/pico-sdk/src/common/pico_time/time.c.obj
 *fill*         0x10004d99        0x3 
 .rodata.__func__.11
                0x10004d9c       0x1a CMakeFiles/pwm.dir/C_/PicoVittuSaatana/Pico-SDK-v1.5.0/pico-sdk/src/common/pico_time/time.c.obj
 *fill*         0x10004db6        0x2 
 .rodata.__func__.12
                0x10004db8        0xa CMakeFiles/pwm.dir/C_/PicoVittuSaatana/Pico-SDK-v1.5.0/pico-sdk/src/common/pico_time/time.c.obj
 *fill*         0x10004dc2        0x2 
 .rodata.__func__.3
                0x10004dc4       0x17 CMakeFiles/pwm.dir/C_/PicoVittuSaatana/Pico-SDK-v1.5.0/pico-sdk/src/common/pico_time/time.c.obj
 *fill*         0x10004ddb        0x1 
 .rodata.__func__.4
                0x10004ddc       0x12 CMakeFiles/pwm.dir/C_/PicoVittuSaatana/Pico-SDK-v1.5.0/pico-sdk/src/common/pico_time/time.c.obj
 *fill*         0x10004dee        0x2 
 .rodata.__func__.5
                0x10004df0        0xd CMakeFiles/pwm.dir/C_/PicoVittuSaatana/Pico-SDK-v1.5.0/pico-sdk/src/common/pico_time/time.c.obj
 *fill*         0x10004dfd        0x3 
 .rodata.__func__.6
                0x10004e00       0x12 CMakeFiles/pwm.dir/C_/PicoVittuSaatana/Pico-SDK-v1.5.0/pico-sdk/src/common/pico_time/time.c.obj
 *fill*         0x10004e12        0x2 
 .rodata.__func__.7
                0x10004e14        0xf CMakeFiles/pwm.dir/C_/PicoVittuSaatana/Pico-SDK-v1.5.0/pico-sdk/src/common/pico_time/time.c.obj
 *fill*         0x10004e23        0x1 
 .rodata.__func__.8
                0x10004e24        0xc CMakeFiles/pwm.dir/C_/PicoVittuSaatana/Pico-SDK-v1.5.0/pico-sdk/src/common/pico_time/time.c.obj
 .rodata.__func__.9
                0x10004e30       0x15 CMakeFiles/pwm.dir/C_/PicoVittuSaatana/Pico-SDK-v1.5.0/pico-sdk/src/common/pico_time/time.c.obj
 *fill*         0x10004e45        0x3 
 .rodata.hardware_alarm_claim.str1.4
                0x10004e48       0x22 CMakeFiles/pwm.dir/C_/PicoVittuSaatana/Pico-SDK-v1.5.0/pico-sdk/src/rp2_common/hardware_timer/timer.c.obj
 *fill*         0x10004e6a        0x2 
 .rodata.hardware_alarm_set_target.str1.4
                0x10004e6c       0x77 CMakeFiles/pwm.dir/C_/PicoVittuSaatana/Pico-SDK-v1.5.0/pico-sdk/src/rp2_common/hardware_timer/timer.c.obj
 *fill*         0x10004ee3        0x1 
 .rodata.__func__.0
                0x10004ee4       0x1a CMakeFiles/pwm.dir/C_/PicoVittuSaatana/Pico-SDK-v1.5.0/pico-sdk/src/rp2_common/hardware_timer/timer.c.obj
 .rodata.ph_add_child_node.str1.4
                0x10004efe       0xa6 CMakeFiles/pwm.dir/C_/PicoVittuSaatana/Pico-SDK-v1.5.0/pico-sdk/src/common/pico_util/pheap.c.obj
 *fill*         0x10004efe        0x2 
 .rodata.ph_remove_any_head.str1.4
                0x10004f00       0xa0 CMakeFiles/pwm.dir/C_/PicoVittuSaatana/Pico-SDK-v1.5.0/pico-sdk/src/common/pico_util/pheap.c.obj
                                 0xb4 (size before relaxing)
 .rodata.ph_remove_and_free_node.str1.4
                0x10004fa0       0x1e CMakeFiles/pwm.dir/C_/PicoVittuSaatana/Pico-SDK-v1.5.0/pico-sdk/src/common/pico_util/pheap.c.obj
                                 0x26 (size before relaxing)
 *fill*         0x10004fbe        0x2 
 .rodata.__func__.0
                0x10004fc0       0x18 CMakeFiles/pwm.dir/C_/PicoVittuSaatana/Pico-SDK-v1.5.0/pico-sdk/src/common/pico_util/pheap.c.obj
 .rodata.__func__.1
                0x10004fd8       0x13 CMakeFiles/pwm.dir/C_/PicoVittuSaatana/Pico-SDK-v1.5.0/pico-sdk/src/common/pico_util/pheap.c.obj
 *fill*         0x10004feb        0x1 
 .rodata.__func__.2
                0x10004fec       0x12 CMakeFiles/pwm.dir/C_/PicoVittuSaatana/Pico-SDK-v1.5.0/pico-sdk/src/common/pico_util/pheap.c.obj
 *fill*         0x10004ffe        0x2 
 .rodata.__func__.3
                0x10005000        0xc CMakeFiles/pwm.dir/C_/PicoVittuSaatana/Pico-SDK-v1.5.0/pico-sdk/src/common/pico_util/pheap.c.obj
 .rodata.clock_configure.str1.4
                0x1000500c       0x69 CMakeFiles/pwm.dir/C_/PicoVittuSaatana/Pico-SDK-v1.5.0/pico-sdk/src/rp2_common/hardware_clocks/clocks.c.obj
 *fill*         0x10005075        0x3 
 .rodata.__func__.1
                0x10005078       0x10 CMakeFiles/pwm.dir/C_/PicoVittuSaatana/Pico-SDK-v1.5.0/pico-sdk/src/rp2_common/hardware_clocks/clocks.c.obj
 .rodata.pll_init.str1.4
                0x10005088      0x133 CMakeFiles/pwm.dir/C_/PicoVittuSaatana/Pico-SDK-v1.5.0/pico-sdk/src/rp2_common/hardware_pll/pll.c.obj
 *fill*         0x100051bb        0x1 
 .rodata.__func__.0
                0x100051bc        0x9 CMakeFiles/pwm.dir/C_/PicoVittuSaatana/Pico-SDK-v1.5.0/pico-sdk/src/rp2_common/hardware_pll/pll.c.obj
 *fill*         0x100051c5        0x3 
 .rodata.__assert_func.str1.4
                0x100051c8       0x3f CMakeFiles/pwm.dir/C_/PicoVittuSaatana/Pico-SDK-v1.5.0/pico-sdk/src/rp2_common/pico_runtime/runtime.c.obj
                                 0x43 (size before relaxing)
 *fill*         0x10005207        0x1 
 .rodata.runtime_init.str1.4
                0x10005208       0x73 CMakeFiles/pwm.dir/C_/PicoVittuSaatana/Pico-SDK-v1.5.0/pico-sdk/src/rp2_common/pico_runtime/runtime.c.obj
 *fill*         0x1000527b        0x1 
 .rodata.panic.str1.4
                0x1000527c       0x12 CMakeFiles/pwm.dir/C_/PicoVittuSaatana/Pico-SDK-v1.5.0/pico-sdk/src/rp2_common/pico_runtime/runtime.c.obj
 *fill*         0x1000528e        0x2 
 .rodata.__func__.2
                0x10005290        0xd CMakeFiles/pwm.dir/C_/PicoVittuSaatana/Pico-SDK-v1.5.0/pico-sdk/src/rp2_common/pico_runtime/runtime.c.obj
 *fill*         0x1000529d        0x3 
 .rodata._ftoa.str1.4
                0x100052a0       0x15 CMakeFiles/pwm.dir/C_/PicoVittuSaatana/Pico-SDK-v1.5.0/pico-sdk/src/rp2_common/pico_printf/printf.c.obj
 *fill*         0x100052b5        0x3 
 .rodata._vsnprintf
                0x100052b8      0x1e0 CMakeFiles/pwm.dir/C_/PicoVittuSaatana/Pico-SDK-v1.5.0/pico-sdk/src/rp2_common/pico_printf/printf.c.obj
 .rodata.pow10.0
                0x10005498       0x50 CMakeFiles/pwm.dir/C_/PicoVittuSaatana/Pico-SDK-v1.5.0/pico-sdk/src/rp2_common/pico_printf/printf.c.obj
 .rodata.missing_double_func_shim.str1.4
                0x100054e8       0x18 CMakeFiles/pwm.dir/C_/PicoVittuSaatana/Pico-SDK-v1.5.0/pico-sdk/src/rp2_common/pico_double/double_init_rom.c.obj
 .rodata.__aeabi_double_init.str1.4
                0x10005500       0xba CMakeFiles/pwm.dir/C_/PicoVittuSaatana/Pico-SDK-v1.5.0/pico-sdk/src/rp2_common/pico_double/double_init_rom.c.obj
 *fill*         0x100055ba        0x2 
 .rodata.__func__.0
                0x100055bc       0x14 CMakeFiles/pwm.dir/C_/PicoVittuSaatana/Pico-SDK-v1.5.0/pico-sdk/src/rp2_common/pico_double/double_init_rom.c.obj
 .rodata.missing_float_func_shim.str1.4
                0x100055d0        0x1 CMakeFiles/pwm.dir/C_/PicoVittuSaatana/Pico-SDK-v1.5.0/pico-sdk/src/rp2_common/pico_float/float_init_rom.c.obj
 .rodata.__aeabi_float_init.str1.4
                0x100055d0       0x8c CMakeFiles/pwm.dir/C_/PicoVittuSaatana/Pico-SDK-v1.5.0/pico-sdk/src/rp2_common/pico_float/float_init_rom.c.obj
 .rodata.__func__.0
                0x1000565c       0x13 CMakeFiles/pwm.dir/C_/PicoVittuSaatana/Pico-SDK-v1.5.0/pico-sdk/src/rp2_common/pico_float/float_init_rom.c.obj
 *fill*         0x1000566f        0x1 
 .rodata.str1.4
                0x10005670       0x38 CMakeFiles/pwm.dir/C_/PicoVittuSaatana/Pico-SDK-v1.5.0/pico-sdk/src/rp2_common/pico_standard_link/binary_info.c.obj
 .rodata.__bi_44
                0x100056a8        0xc CMakeFiles/pwm.dir/C_/PicoVittuSaatana/Pico-SDK-v1.5.0/pico-sdk/src/rp2_common/pico_standard_link/binary_info.c.obj
 .rodata.__bi_75
                0x100056b4        0xc CMakeFiles/pwm.dir/C_/PicoVittuSaatana/Pico-SDK-v1.5.0/pico-sdk/src/rp2_common/pico_standard_link/binary_info.c.obj
 .rodata.__bi_81
                0x100056c0        0xc CMakeFiles/pwm.dir/C_/PicoVittuSaatana/Pico-SDK-v1.5.0/pico-sdk/src/rp2_common/pico_standard_link/binary_info.c.obj
 .rodata.stdout_serialize_begin.str1.4
                0x100056cc       0x73 CMakeFiles/pwm.dir/C_/PicoVittuSaatana/Pico-SDK-v1.5.0/pico-sdk/src/rp2_common/pico_stdio/stdio.c.obj
 .rodata.__func__.3
                0x100056cc       0x15 CMakeFiles/pwm.dir/C_/PicoVittuSaatana/Pico-SDK-v1.5.0/pico-sdk/src/rp2_common/pico_stdio/stdio.c.obj
 *fill*         0x100056e1        0x3 
 .rodata.crlf_str.2
                0x100056e4        0x2 CMakeFiles/pwm.dir/C_/PicoVittuSaatana/Pico-SDK-v1.5.0/pico-sdk/src/rp2_common/pico_stdio/stdio.c.obj
 *fill*         0x100056e6        0x2 
 .rodata.str1.4
                0x100056e8       0x2c CMakeFiles/pwm.dir/C_/PicoVittuSaatana/Pico-SDK-v1.5.0/pico-sdk/src/rp2_common/pico_stdio_uart/stdio_uart.c.obj
 .rodata.__bi_33.4
                0x10005714        0xc CMakeFiles/pwm.dir/C_/PicoVittuSaatana/Pico-SDK-v1.5.0/pico-sdk/src/rp2_common/pico_stdio_uart/stdio_uart.c.obj
 .rodata.__bi_34.5
                0x10005720        0x8 CMakeFiles/pwm.dir/C_/PicoVittuSaatana/Pico-SDK-v1.5.0/pico-sdk/src/rp2_common/pico_stdio_uart/stdio_uart.c.obj
                0x10005728                . = ALIGN (0x4)
 *(SORT_BY_ALIGNMENT(SORT_BY_NAME(.flashdata*)))
                0x10005728                . = ALIGN (0x4)

.rel.dyn        0x10005728        0x0
 .rel.iplt      0x10005728        0x0 c:/picovittusaatana/pico-sdk-v1.5.0/gcc-arm-none-eabi/bin/../lib/gcc/arm-none-eabi/10.3.1/thumb/v6-m/nofp/crtbegin.o

.ARM.extab
 *(.ARM.extab* .gnu.linkonce.armextab.*)
                0x10005728                __exidx_start = .

.ARM.exidx
 *(.ARM.exidx* .gnu.linkonce.armexidx.*)
                0x10005728                __exidx_end = .
                0x10005728                . = ALIGN (0x4)
                0x10005728                __binary_info_start = .

.binary_info    0x10005728       0x24
 *(.binary_info.keep.*)
 .binary_info.keep.__bi_ptr22
                0x10005728        0x4 CMakeFiles/pwm.dir/C_/PicoVittuSaatana/Pico-SDK-v1.5.0/pico-sdk/src/rp2_common/pico_standard_link/binary_info.c.obj
 .binary_info.keep.__bi_ptr30
                0x1000572c        0x4 CMakeFiles/pwm.dir/C_/PicoVittuSaatana/Pico-SDK-v1.5.0/pico-sdk/src/rp2_common/pico_standard_link/binary_info.c.obj
 .binary_info.keep.__bi_ptr38
                0x10005730        0x4 CMakeFiles/pwm.dir/C_/PicoVittuSaatana/Pico-SDK-v1.5.0/pico-sdk/src/rp2_common/pico_standard_link/binary_info.c.obj
 .binary_info.keep.__bi_ptr44
                0x10005734        0x4 CMakeFiles/pwm.dir/C_/PicoVittuSaatana/Pico-SDK-v1.5.0/pico-sdk/src/rp2_common/pico_standard_link/binary_info.c.obj
 .binary_info.keep.__bi_ptr50
                0x10005738        0x4 CMakeFiles/pwm.dir/C_/PicoVittuSaatana/Pico-SDK-v1.5.0/pico-sdk/src/rp2_common/pico_standard_link/binary_info.c.obj
 .binary_info.keep.__bi_ptr75
                0x1000573c        0x4 CMakeFiles/pwm.dir/C_/PicoVittuSaatana/Pico-SDK-v1.5.0/pico-sdk/src/rp2_common/pico_standard_link/binary_info.c.obj
 .binary_info.keep.__bi_ptr81
                0x10005740        0x4 CMakeFiles/pwm.dir/C_/PicoVittuSaatana/Pico-SDK-v1.5.0/pico-sdk/src/rp2_common/pico_standard_link/binary_info.c.obj
 *(.binary_info.*)
 .binary_info.__bi_ptr33
                0x10005744        0x4 CMakeFiles/pwm.dir/C_/PicoVittuSaatana/Pico-SDK-v1.5.0/pico-sdk/src/rp2_common/pico_stdio_uart/stdio_uart.c.obj
 .binary_info.__bi_ptr34
                0x10005748        0x4 CMakeFiles/pwm.dir/C_/PicoVittuSaatana/Pico-SDK-v1.5.0/pico-sdk/src/rp2_common/pico_stdio_uart/stdio_uart.c.obj
                0x1000574c                __binary_info_end = .
                0x1000574c                . = ALIGN (0x4)
                0x1000574c                __etext = .

.ram_vector_table
                0x20000000       0xc0
 *(.ram_vector_table)
 .ram_vector_table
                0x20000000       0xc0 CMakeFiles/pwm.dir/C_/PicoVittuSaatana/Pico-SDK-v1.5.0/pico-sdk/src/rp2_common/pico_runtime/runtime.c.obj
                0x20000000                ram_vector_table

.data           0x200000c0      0x244 load address 0x1000574c
                0x200000c0                __data_start__ = .
 *(vtable)
 *(.time_critical*)
 .time_critical.mutex_try_enter
                0x200000c0       0x46 CMakeFiles/pwm.dir/C_/PicoVittuSaatana/Pico-SDK-v1.5.0/pico-sdk/src/common/pico_sync/mutex.c.obj
                0x200000c0                mutex_try_enter
 *fill*         0x20000106        0x2 
 .time_critical.mutex_enter_block_until
                0x20000108       0x8c CMakeFiles/pwm.dir/C_/PicoVittuSaatana/Pico-SDK-v1.5.0/pico-sdk/src/common/pico_sync/mutex.c.obj
                0x20000108                mutex_enter_block_until
 .time_critical.mutex_try_enter_block_until
                0x20000194       0x34 CMakeFiles/pwm.dir/C_/PicoVittuSaatana/Pico-SDK-v1.5.0/pico-sdk/src/common/pico_sync/mutex.c.obj
                0x20000194                mutex_try_enter_block_until
 .time_critical.mutex_exit
                0x200001c8       0x4c CMakeFiles/pwm.dir/C_/PicoVittuSaatana/Pico-SDK-v1.5.0/pico-sdk/src/common/pico_sync/mutex.c.obj
                0x200001c8                mutex_exit
 *(.text*)
 .text          0x20000214        0x4 c:/picovittusaatana/pico-sdk-v1.5.0/gcc-arm-none-eabi/bin/../lib/gcc/arm-none-eabi/10.3.1/thumb/v6-m/nofp\libgcc.a(_dvmd_tls.o)
                0x20000214                __aeabi_idiv0
                0x20000214                __aeabi_ldiv0
 .text.__stub   0x20000218       0x20 linker stubs
                0x20000238                . = ALIGN (0x4)
 *(.rodata*)
                0x20000238                . = ALIGN (0x4)
 *(.data*)
 .data.led_brightness
                0x20000238        0x4 CMakeFiles/pwm.dir/main.c.obj
                0x20000238                led_brightness
 .data.striped_spin_lock_num
                0x2000023c        0x1 CMakeFiles/pwm.dir/C_/PicoVittuSaatana/Pico-SDK-v1.5.0/pico-sdk/src/rp2_common/hardware_sync/sync.c.obj
 *fill*         0x2000023d        0x3 
 .data          0x20000240       0x48 CMakeFiles/pwm.dir/C_/PicoVittuSaatana/Pico-SDK-v1.5.0/pico-sdk/src/rp2_common/hardware_irq/irq_handler_chain.S.obj
                0x20000240                irq_handler_chain_slots
                0x20000270                irq_handler_chain_first_slot
                0x2000027a                irq_handler_chain_remove_tail
 .data.default_alarm_pool
                0x20000288       0x18 CMakeFiles/pwm.dir/C_/PicoVittuSaatana/Pico-SDK-v1.5.0/pico-sdk/src/common/pico_time/time.c.obj
 .data.default_alarm_pool_heap
                0x200002a0       0x10 CMakeFiles/pwm.dir/C_/PicoVittuSaatana/Pico-SDK-v1.5.0/pico-sdk/src/common/pico_time/time.c.obj
 .data.aeabi_bits_funcs
                0x200002b0       0x10 CMakeFiles/pwm.dir/C_/PicoVittuSaatana/Pico-SDK-v1.5.0/pico-sdk/src/rp2_common/pico_bit_ops/bit_ops_aeabi.S.obj
                0x200002b0                aeabi_bits_funcs
                0x200002c0                aeabi_bits_funcs_end
 .data.aeabi_mem_funcs
                0x200002c0       0x10 CMakeFiles/pwm.dir/C_/PicoVittuSaatana/Pico-SDK-v1.5.0/pico-sdk/src/rp2_common/pico_mem_ops/mem_ops_aeabi.S.obj
                0x200002c0                aeabi_mem_funcs
                0x200002d0                aeabi_mem_funcs_end
 .data.stdio_uart
                0x200002d0       0x18 CMakeFiles/pwm.dir/C_/PicoVittuSaatana/Pico-SDK-v1.5.0/pico-sdk/src/rp2_common/pico_stdio_uart/stdio_uart.c.obj
                0x200002d0                stdio_uart
                0x200002e8                . = ALIGN (0x4)
 *(.after_data.*)
                0x200002e8                . = ALIGN (0x4)
                0x200002e8                PROVIDE (__mutex_array_start = .)
 *(SORT_BY_NAME(.mutex_array.*))
 *(.mutex_array)
 .mutex_array   0x200002e8        0x8 CMakeFiles/pwm.dir/C_/PicoVittuSaatana/Pico-SDK-v1.5.0/pico-sdk/src/rp2_common/pico_stdio/stdio.c.obj
                0x200002f0                PROVIDE (__mutex_array_end = .)
                0x200002f0                . = ALIGN (0x4)
                0x200002f0                PROVIDE (__preinit_array_start = .)
 *(SORT_BY_NAME(.preinit_array.*))
 .preinit_array.00001
                0x200002f0        0x4 CMakeFiles/pwm.dir/C_/PicoVittuSaatana/Pico-SDK-v1.5.0/pico-sdk/src/rp2_common/pico_mem_ops/mem_ops_aeabi.S.obj
 .preinit_array.00010
                0x200002f4        0x4 CMakeFiles/pwm.dir/C_/PicoVittuSaatana/Pico-SDK-v1.5.0/pico-sdk/src/rp2_common/pico_bit_ops/bit_ops_aeabi.S.obj
 .preinit_array.00020
                0x200002f8        0x4 CMakeFiles/pwm.dir/C_/PicoVittuSaatana/Pico-SDK-v1.5.0/pico-sdk/src/rp2_common/pico_double/double_aeabi.S.obj
 .preinit_array.00020
                0x200002fc        0x4 CMakeFiles/pwm.dir/C_/PicoVittuSaatana/Pico-SDK-v1.5.0/pico-sdk/src/rp2_common/pico_float/float_aeabi.S.obj
 *(.preinit_array)
                0x20000300                PROVIDE (__preinit_array_end = .)
                0x20000300                . = ALIGN (0x4)
                0x20000300                PROVIDE (__init_array_start = .)
 *(SORT_BY_NAME(.init_array.*))
 *(.init_array)
 .init_array    0x20000300        0x4 c:/picovittusaatana/pico-sdk-v1.5.0/gcc-arm-none-eabi/bin/../lib/gcc/arm-none-eabi/10.3.1/thumb/v6-m/nofp/crtbegin.o
                0x20000304                PROVIDE (__init_array_end = .)
                0x20000304                . = ALIGN (0x4)
                [!provide]                PROVIDE (__fini_array_start = .)
 *(SORT_BY_NAME(.fini_array.*))
 *(.fini_array)
                [!provide]                PROVIDE (__fini_array_end = .)
 *(.jcr)
                0x20000304                . = ALIGN (0x4)
                0x20000304                __data_end__ = .

.igot.plt       0x20000304        0x0 load address 0x10005990
 .igot.plt      0x20000304        0x0 c:/picovittusaatana/pico-sdk-v1.5.0/gcc-arm-none-eabi/bin/../lib/gcc/arm-none-eabi/10.3.1/thumb/v6-m/nofp/crtbegin.o

.uninitialized_data
                0x20000304        0x0 load address 0x10005990
                0x20000304                . = ALIGN (0x4)
 *(.uninitialized_data*)

.scratch_x      0x20040000        0x0 load address 0x10005990
                0x20040000                __scratch_x_start__ = .
 *(.scratch_x.*)
                0x20040000                . = ALIGN (0x4)
                0x20040000                __scratch_x_end__ = .
                0x10005990                __scratch_x_source__ = LOADADDR (.scratch_x)

.scratch_y      0x20041000        0x0 load address 0x10005990
                0x20041000                __scratch_y_start__ = .
 *(.scratch_y.*)
                0x20041000                . = ALIGN (0x4)
                0x20041000                __scratch_y_end__ = .
                0x10005990                __scratch_y_source__ = LOADADDR (.scratch_y)

.bss            0x20000308      0x3ec
                0x20000308                . = ALIGN (0x4)
                0x20000308                __bss_start__ = .
 *(SORT_BY_ALIGNMENT(SORT_BY_NAME(.bss*)))
 .bss.default_alarm_pool_entries
                0x20000308      0x100 CMakeFiles/pwm.dir/C_/PicoVittuSaatana/Pico-SDK-v1.5.0/pico-sdk/src/common/pico_time/time.c.obj
 .bss           0x20000408       0x1c c:/picovittusaatana/pico-sdk-v1.5.0/gcc-arm-none-eabi/bin/../lib/gcc/arm-none-eabi/10.3.1/thumb/v6-m/nofp/crtbegin.o
 .bss.alarm_callbacks
                0x20000424       0x10 CMakeFiles/pwm.dir/C_/PicoVittuSaatana/Pico-SDK-v1.5.0/pico-sdk/src/rp2_common/hardware_timer/timer.c.obj
 .bss.callbacks
                0x20000434        0x8 CMakeFiles/pwm.dir/C_/PicoVittuSaatana/Pico-SDK-v1.5.0/pico-sdk/src/rp2_common/hardware_gpio/gpio.c.obj
 .bss.chars_available_callback
                0x2000043c        0x4 CMakeFiles/pwm.dir/C_/PicoVittuSaatana/Pico-SDK-v1.5.0/pico-sdk/src/rp2_common/pico_stdio_uart/stdio_uart.c.obj
 .bss.chars_available_param
                0x20000440        0x4 CMakeFiles/pwm.dir/C_/PicoVittuSaatana/Pico-SDK-v1.5.0/pico-sdk/src/rp2_common/pico_stdio_uart/stdio_uart.c.obj
 .bss.configured_freq
                0x20000444       0x28 CMakeFiles/pwm.dir/C_/PicoVittuSaatana/Pico-SDK-v1.5.0/pico-sdk/src/rp2_common/hardware_clocks/clocks.c.obj
 .bss.default_alarm_pool_entry_ids_high
                0x2000046c       0x10 CMakeFiles/pwm.dir/C_/PicoVittuSaatana/Pico-SDK-v1.5.0/pico-sdk/src/common/pico_time/time.c.obj
 .bss.default_alarm_pool_heap_nodes
                0x2000047c       0x30 CMakeFiles/pwm.dir/C_/PicoVittuSaatana/Pico-SDK-v1.5.0/pico-sdk/src/common/pico_time/time.c.obj
 .bss.drivers   0x200004ac        0x4 CMakeFiles/pwm.dir/C_/PicoVittuSaatana/Pico-SDK-v1.5.0/pico-sdk/src/rp2_common/pico_stdio/stdio.c.obj
 .bss.filter    0x200004b0        0x4 CMakeFiles/pwm.dir/C_/PicoVittuSaatana/Pico-SDK-v1.5.0/pico-sdk/src/rp2_common/pico_stdio/stdio.c.obj
 .bss.pools     0x200004b4       0x10 CMakeFiles/pwm.dir/C_/PicoVittuSaatana/Pico-SDK-v1.5.0/pico-sdk/src/common/pico_time/time.c.obj
 .bss.raw_irq_mask
                0x200004c4        0x8 CMakeFiles/pwm.dir/C_/PicoVittuSaatana/Pico-SDK-v1.5.0/pico-sdk/src/rp2_common/hardware_gpio/gpio.c.obj
 .bss.sd_table  0x200004cc      0x100 CMakeFiles/pwm.dir/C_/PicoVittuSaatana/Pico-SDK-v1.5.0/pico-sdk/src/rp2_common/pico_double/double_init_rom.c.obj
                0x200004cc                sd_table
 .bss.sf_clz_func
                0x200005cc        0x4 CMakeFiles/pwm.dir/C_/PicoVittuSaatana/Pico-SDK-v1.5.0/pico-sdk/src/rp2_common/pico_double/double_init_rom.c.obj
                0x200005cc                sf_clz_func
 .bss.sf_table  0x200005d0      0x100 CMakeFiles/pwm.dir/C_/PicoVittuSaatana/Pico-SDK-v1.5.0/pico-sdk/src/rp2_common/pico_float/float_init_rom.c.obj
                0x200005d0                sf_table
 .bss.sleep_notifier
                0x200006d0        0x4 CMakeFiles/pwm.dir/C_/PicoVittuSaatana/Pico-SDK-v1.5.0/pico-sdk/src/common/pico_time/time.c.obj
 .bss.target_hi
                0x200006d4       0x10 CMakeFiles/pwm.dir/C_/PicoVittuSaatana/Pico-SDK-v1.5.0/pico-sdk/src/rp2_common/hardware_timer/timer.c.obj
 .bss.uart_char_to_line_feed
                0x200006e4        0x4 CMakeFiles/pwm.dir/C_/PicoVittuSaatana/Pico-SDK-v1.5.0/pico-sdk/src/rp2_common/hardware_uart/uart.c.obj
                0x200006e4                uart_char_to_line_feed
 .bss.uart_instance
                0x200006e8        0x4 CMakeFiles/pwm.dir/C_/PicoVittuSaatana/Pico-SDK-v1.5.0/pico-sdk/src/rp2_common/pico_stdio_uart/stdio_uart.c.obj
 .bss.claimed   0x200006ec        0x1 CMakeFiles/pwm.dir/C_/PicoVittuSaatana/Pico-SDK-v1.5.0/pico-sdk/src/rp2_common/hardware_timer/timer.c.obj
 .bss.dim_down  0x200006ed        0x1 CMakeFiles/pwm.dir/main.c.obj
                0x200006ed                dim_down
 .bss.dim_up    0x200006ee        0x1 CMakeFiles/pwm.dir/main.c.obj
                0x200006ee                dim_up
 .bss.irq_hander_chain_free_slot_head
                0x200006ef        0x1 CMakeFiles/pwm.dir/C_/PicoVittuSaatana/Pico-SDK-v1.5.0/pico-sdk/src/rp2_common/hardware_irq/irq.c.obj
 .bss.prevStateA.1
                0x200006f0        0x1 CMakeFiles/pwm.dir/main.c.obj
 .bss.prevStateB.0
                0x200006f1        0x1 CMakeFiles/pwm.dir/main.c.obj
 .bss.timer_callbacks_pending
                0x200006f2        0x1 CMakeFiles/pwm.dir/C_/PicoVittuSaatana/Pico-SDK-v1.5.0/pico-sdk/src/rp2_common/hardware_timer/timer.c.obj
 *(COMMON)
                0x200006f4                . = ALIGN (0x4)
 *fill*         0x200006f3        0x1 
                0x200006f4                __bss_end__ = .

.heap           0x200006f4      0x800
                0x200006f4                __end__ = .
                0x200006f4                end = __end__
 *(.heap*)
 .heap          0x200006f4      0x800 CMakeFiles/pwm.dir/C_/PicoVittuSaatana/Pico-SDK-v1.5.0/pico-sdk/src/rp2_common/pico_standard_link/crt0.S.obj
                0x20000ef4                __HeapLimit = .

.stack1_dummy   0x20040000        0x0
 *(.stack1*)

.stack_dummy    0x20041000      0x800
 *(.stack*)
 .stack         0x20041000      0x800 CMakeFiles/pwm.dir/C_/PicoVittuSaatana/Pico-SDK-v1.5.0/pico-sdk/src/rp2_common/pico_standard_link/crt0.S.obj

.flash_end      0x10005990        0x0
                0x10005990                __flash_binary_end = .
                0x20040000                __StackLimit = (ORIGIN (RAM) + LENGTH (RAM))
                0x20041000                __StackOneTop = (ORIGIN (SCRATCH_X) + LENGTH (SCRATCH_X))
                0x20042000                __StackTop = (ORIGIN (SCRATCH_Y) + LENGTH (SCRATCH_Y))
                0x20041000                __StackOneBottom = (__StackOneTop - SIZEOF (.stack1_dummy))
                0x20041800                __StackBottom = (__StackTop - SIZEOF (.stack_dummy))
                0x20042000                PROVIDE (__stack = __StackTop)
                0x00000001                ASSERT ((__StackLimit >= __HeapLimit), region RAM overflowed)
                0x00000001                ASSERT (((__binary_info_header_end - __logical_binary_start) <= 0x100), Binary info must be in first 256 bytes of the binary)
LOAD CMakeFiles/pwm.dir/main.c.obj
LOAD CMakeFiles/pwm.dir/C_/PicoVittuSaatana/Pico-SDK-v1.5.0/pico-sdk/src/rp2_common/pico_stdlib/stdlib.c.obj
LOAD CMakeFiles/pwm.dir/C_/PicoVittuSaatana/Pico-SDK-v1.5.0/pico-sdk/src/rp2_common/hardware_gpio/gpio.c.obj
LOAD CMakeFiles/pwm.dir/C_/PicoVittuSaatana/Pico-SDK-v1.5.0/pico-sdk/src/rp2_common/pico_platform/platform.c.obj
LOAD CMakeFiles/pwm.dir/C_/PicoVittuSaatana/Pico-SDK-v1.5.0/pico-sdk/src/rp2_common/hardware_claim/claim.c.obj
LOAD CMakeFiles/pwm.dir/C_/PicoVittuSaatana/Pico-SDK-v1.5.0/pico-sdk/src/rp2_common/hardware_sync/sync.c.obj
LOAD CMakeFiles/pwm.dir/C_/PicoVittuSaatana/Pico-SDK-v1.5.0/pico-sdk/src/rp2_common/hardware_irq/irq.c.obj
LOAD CMakeFiles/pwm.dir/C_/PicoVittuSaatana/Pico-SDK-v1.5.0/pico-sdk/src/rp2_common/hardware_irq/irq_handler_chain.S.obj
LOAD CMakeFiles/pwm.dir/C_/PicoVittuSaatana/Pico-SDK-v1.5.0/pico-sdk/src/common/pico_sync/sem.c.obj
LOAD CMakeFiles/pwm.dir/C_/PicoVittuSaatana/Pico-SDK-v1.5.0/pico-sdk/src/common/pico_sync/lock_core.c.obj
LOAD CMakeFiles/pwm.dir/C_/PicoVittuSaatana/Pico-SDK-v1.5.0/pico-sdk/src/common/pico_sync/mutex.c.obj
LOAD CMakeFiles/pwm.dir/C_/PicoVittuSaatana/Pico-SDK-v1.5.0/pico-sdk/src/common/pico_sync/critical_section.c.obj
LOAD CMakeFiles/pwm.dir/C_/PicoVittuSaatana/Pico-SDK-v1.5.0/pico-sdk/src/common/pico_time/time.c.obj
LOAD CMakeFiles/pwm.dir/C_/PicoVittuSaatana/Pico-SDK-v1.5.0/pico-sdk/src/common/pico_time/timeout_helper.c.obj
LOAD CMakeFiles/pwm.dir/C_/PicoVittuSaatana/Pico-SDK-v1.5.0/pico-sdk/src/rp2_common/hardware_timer/timer.c.obj
LOAD CMakeFiles/pwm.dir/C_/PicoVittuSaatana/Pico-SDK-v1.5.0/pico-sdk/src/common/pico_util/datetime.c.obj
LOAD CMakeFiles/pwm.dir/C_/PicoVittuSaatana/Pico-SDK-v1.5.0/pico-sdk/src/common/pico_util/pheap.c.obj
LOAD CMakeFiles/pwm.dir/C_/PicoVittuSaatana/Pico-SDK-v1.5.0/pico-sdk/src/common/pico_util/queue.c.obj
LOAD CMakeFiles/pwm.dir/C_/PicoVittuSaatana/Pico-SDK-v1.5.0/pico-sdk/src/rp2_common/hardware_uart/uart.c.obj
LOAD CMakeFiles/pwm.dir/C_/PicoVittuSaatana/Pico-SDK-v1.5.0/pico-sdk/src/rp2_common/hardware_clocks/clocks.c.obj
LOAD CMakeFiles/pwm.dir/C_/PicoVittuSaatana/Pico-SDK-v1.5.0/pico-sdk/src/rp2_common/hardware_pll/pll.c.obj
LOAD CMakeFiles/pwm.dir/C_/PicoVittuSaatana/Pico-SDK-v1.5.0/pico-sdk/src/rp2_common/hardware_vreg/vreg.c.obj
LOAD CMakeFiles/pwm.dir/C_/PicoVittuSaatana/Pico-SDK-v1.5.0/pico-sdk/src/rp2_common/hardware_watchdog/watchdog.c.obj
LOAD CMakeFiles/pwm.dir/C_/PicoVittuSaatana/Pico-SDK-v1.5.0/pico-sdk/src/rp2_common/hardware_xosc/xosc.c.obj
LOAD CMakeFiles/pwm.dir/C_/PicoVittuSaatana/Pico-SDK-v1.5.0/pico-sdk/src/rp2_common/hardware_divider/divider.S.obj
LOAD CMakeFiles/pwm.dir/C_/PicoVittuSaatana/Pico-SDK-v1.5.0/pico-sdk/src/rp2_common/pico_runtime/runtime.c.obj
LOAD CMakeFiles/pwm.dir/C_/PicoVittuSaatana/Pico-SDK-v1.5.0/pico-sdk/src/rp2_common/pico_printf/printf.c.obj
LOAD CMakeFiles/pwm.dir/C_/PicoVittuSaatana/Pico-SDK-v1.5.0/pico-sdk/src/rp2_common/pico_bit_ops/bit_ops_aeabi.S.obj
LOAD CMakeFiles/pwm.dir/C_/PicoVittuSaatana/Pico-SDK-v1.5.0/pico-sdk/src/rp2_common/pico_bootrom/bootrom.c.obj
LOAD CMakeFiles/pwm.dir/C_/PicoVittuSaatana/Pico-SDK-v1.5.0/pico-sdk/src/rp2_common/pico_divider/divider.S.obj
LOAD CMakeFiles/pwm.dir/C_/PicoVittuSaatana/Pico-SDK-v1.5.0/pico-sdk/src/rp2_common/pico_double/double_aeabi.S.obj
LOAD CMakeFiles/pwm.dir/C_/PicoVittuSaatana/Pico-SDK-v1.5.0/pico-sdk/src/rp2_common/pico_double/double_init_rom.c.obj
LOAD CMakeFiles/pwm.dir/C_/PicoVittuSaatana/Pico-SDK-v1.5.0/pico-sdk/src/rp2_common/pico_double/double_math.c.obj
LOAD CMakeFiles/pwm.dir/C_/PicoVittuSaatana/Pico-SDK-v1.5.0/pico-sdk/src/rp2_common/pico_double/double_v1_rom_shim.S.obj
LOAD CMakeFiles/pwm.dir/C_/PicoVittuSaatana/Pico-SDK-v1.5.0/pico-sdk/src/rp2_common/pico_int64_ops/pico_int64_ops_aeabi.S.obj
LOAD CMakeFiles/pwm.dir/C_/PicoVittuSaatana/Pico-SDK-v1.5.0/pico-sdk/src/rp2_common/pico_float/float_aeabi.S.obj
LOAD CMakeFiles/pwm.dir/C_/PicoVittuSaatana/Pico-SDK-v1.5.0/pico-sdk/src/rp2_common/pico_float/float_init_rom.c.obj
LOAD CMakeFiles/pwm.dir/C_/PicoVittuSaatana/Pico-SDK-v1.5.0/pico-sdk/src/rp2_common/pico_float/float_math.c.obj
LOAD CMakeFiles/pwm.dir/C_/PicoVittuSaatana/Pico-SDK-v1.5.0/pico-sdk/src/rp2_common/pico_float/float_v1_rom_shim.S.obj
LOAD CMakeFiles/pwm.dir/C_/PicoVittuSaatana/Pico-SDK-v1.5.0/pico-sdk/src/rp2_common/pico_malloc/pico_malloc.c.obj
LOAD CMakeFiles/pwm.dir/C_/PicoVittuSaatana/Pico-SDK-v1.5.0/pico-sdk/src/rp2_common/pico_mem_ops/mem_ops_aeabi.S.obj
LOAD CMakeFiles/pwm.dir/C_/PicoVittuSaatana/Pico-SDK-v1.5.0/pico-sdk/src/rp2_common/pico_standard_link/crt0.S.obj
LOAD CMakeFiles/pwm.dir/C_/PicoVittuSaatana/Pico-SDK-v1.5.0/pico-sdk/src/rp2_common/pico_standard_link/new_delete.cpp.obj
LOAD CMakeFiles/pwm.dir/C_/PicoVittuSaatana/Pico-SDK-v1.5.0/pico-sdk/src/rp2_common/pico_standard_link/binary_info.c.obj
LOAD CMakeFiles/pwm.dir/C_/PicoVittuSaatana/Pico-SDK-v1.5.0/pico-sdk/src/rp2_common/pico_stdio/stdio.c.obj
LOAD CMakeFiles/pwm.dir/C_/PicoVittuSaatana/Pico-SDK-v1.5.0/pico-sdk/src/rp2_common/pico_stdio_uart/stdio_uart.c.obj
LOAD C:\Users\sulof\AppData\Local\Temp\ccQv4wvj.o
LOAD c:/picovittusaatana/pico-sdk-v1.5.0/gcc-arm-none-eabi/bin/../lib/gcc/arm-none-eabi/10.3.1/../../../../arm-none-eabi/lib/thumb/v6-m/nofp\libstdc++.a
LOAD c:/picovittusaatana/pico-sdk-v1.5.0/gcc-arm-none-eabi/bin/../lib/gcc/arm-none-eabi/10.3.1/../../../../arm-none-eabi/lib/thumb/v6-m/nofp\libm.a
START GROUP
LOAD c:/picovittusaatana/pico-sdk-v1.5.0/gcc-arm-none-eabi/bin/../lib/gcc/arm-none-eabi/10.3.1/thumb/v6-m/nofp\libgcc.a
LOAD c:/picovittusaatana/pico-sdk-v1.5.0/gcc-arm-none-eabi/bin/../lib/gcc/arm-none-eabi/10.3.1/../../../../arm-none-eabi/lib/thumb/v6-m/nofp\libg.a
LOAD c:/picovittusaatana/pico-sdk-v1.5.0/gcc-arm-none-eabi/bin/../lib/gcc/arm-none-eabi/10.3.1/../../../../arm-none-eabi/lib/thumb/v6-m/nofp\libc.a
END GROUP
START GROUP
LOAD c:/picovittusaatana/pico-sdk-v1.5.0/gcc-arm-none-eabi/bin/../lib/gcc/arm-none-eabi/10.3.1/thumb/v6-m/nofp\libgcc.a
LOAD c:/picovittusaatana/pico-sdk-v1.5.0/gcc-arm-none-eabi/bin/../lib/gcc/arm-none-eabi/10.3.1/../../../../arm-none-eabi/lib/thumb/v6-m/nofp\libc.a
LOAD c:/picovittusaatana/pico-sdk-v1.5.0/gcc-arm-none-eabi/bin/../lib/gcc/arm-none-eabi/10.3.1/../../../../arm-none-eabi/lib/thumb/v6-m/nofp\libnosys.a
END GROUP
LOAD c:/picovittusaatana/pico-sdk-v1.5.0/gcc-arm-none-eabi/bin/../lib/gcc/arm-none-eabi/10.3.1/thumb/v6-m/nofp/crtend.o
LOAD c:/picovittusaatana/pico-sdk-v1.5.0/gcc-arm-none-eabi/bin/../lib/gcc/arm-none-eabi/10.3.1/thumb/v6-m/nofp/crtn.o
OUTPUT(pwm.elf elf32-littlearm)
LOAD linker stubs

.ARM.attributes
                0x00000000       0x28
 .ARM.attributes
                0x00000000       0x1e c:/picovittusaatana/pico-sdk-v1.5.0/gcc-arm-none-eabi/bin/../lib/gcc/arm-none-eabi/10.3.1/thumb/v6-m/nofp/crti.o
 .ARM.attributes
                0x0000001e       0x2c c:/picovittusaatana/pico-sdk-v1.5.0/gcc-arm-none-eabi/bin/../lib/gcc/arm-none-eabi/10.3.1/thumb/v6-m/nofp/crtbegin.o
 .ARM.attributes
                0x0000004a       0x2c CMakeFiles/pwm.dir/main.c.obj
 .ARM.attributes
                0x00000076       0x2c CMakeFiles/pwm.dir/C_/PicoVittuSaatana/Pico-SDK-v1.5.0/pico-sdk/src/rp2_common/hardware_gpio/gpio.c.obj
 .ARM.attributes
                0x000000a2       0x2c CMakeFiles/pwm.dir/C_/PicoVittuSaatana/Pico-SDK-v1.5.0/pico-sdk/src/rp2_common/pico_platform/platform.c.obj
 .ARM.attributes
                0x000000ce       0x2c CMakeFiles/pwm.dir/C_/PicoVittuSaatana/Pico-SDK-v1.5.0/pico-sdk/src/rp2_common/hardware_claim/claim.c.obj
 .ARM.attributes
                0x000000fa       0x2c CMakeFiles/pwm.dir/C_/PicoVittuSaatana/Pico-SDK-v1.5.0/pico-sdk/src/rp2_common/hardware_sync/sync.c.obj
 .ARM.attributes
                0x00000126       0x2c CMakeFiles/pwm.dir/C_/PicoVittuSaatana/Pico-SDK-v1.5.0/pico-sdk/src/rp2_common/hardware_irq/irq.c.obj
 .ARM.attributes
                0x00000152       0x22 CMakeFiles/pwm.dir/C_/PicoVittuSaatana/Pico-SDK-v1.5.0/pico-sdk/src/rp2_common/hardware_irq/irq_handler_chain.S.obj
 .ARM.attributes
                0x00000174       0x2c CMakeFiles/pwm.dir/C_/PicoVittuSaatana/Pico-SDK-v1.5.0/pico-sdk/src/common/pico_sync/lock_core.c.obj
 .ARM.attributes
                0x000001a0       0x2c CMakeFiles/pwm.dir/C_/PicoVittuSaatana/Pico-SDK-v1.5.0/pico-sdk/src/common/pico_sync/mutex.c.obj
 .ARM.attributes
                0x000001cc       0x2c CMakeFiles/pwm.dir/C_/PicoVittuSaatana/Pico-SDK-v1.5.0/pico-sdk/src/common/pico_time/time.c.obj
 .ARM.attributes
                0x000001f8       0x2c CMakeFiles/pwm.dir/C_/PicoVittuSaatana/Pico-SDK-v1.5.0/pico-sdk/src/rp2_common/hardware_timer/timer.c.obj
 .ARM.attributes
                0x00000224       0x2c CMakeFiles/pwm.dir/C_/PicoVittuSaatana/Pico-SDK-v1.5.0/pico-sdk/src/common/pico_util/pheap.c.obj
 .ARM.attributes
                0x00000250       0x2c CMakeFiles/pwm.dir/C_/PicoVittuSaatana/Pico-SDK-v1.5.0/pico-sdk/src/rp2_common/hardware_uart/uart.c.obj
 .ARM.attributes
                0x0000027c       0x2c CMakeFiles/pwm.dir/C_/PicoVittuSaatana/Pico-SDK-v1.5.0/pico-sdk/src/rp2_common/hardware_clocks/clocks.c.obj
 .ARM.attributes
                0x000002a8       0x2c CMakeFiles/pwm.dir/C_/PicoVittuSaatana/Pico-SDK-v1.5.0/pico-sdk/src/rp2_common/hardware_pll/pll.c.obj
 .ARM.attributes
                0x000002d4       0x2c CMakeFiles/pwm.dir/C_/PicoVittuSaatana/Pico-SDK-v1.5.0/pico-sdk/src/rp2_common/hardware_watchdog/watchdog.c.obj
 .ARM.attributes
                0x00000300       0x2c CMakeFiles/pwm.dir/C_/PicoVittuSaatana/Pico-SDK-v1.5.0/pico-sdk/src/rp2_common/hardware_xosc/xosc.c.obj
 .ARM.attributes
                0x0000032c       0x2c CMakeFiles/pwm.dir/C_/PicoVittuSaatana/Pico-SDK-v1.5.0/pico-sdk/src/rp2_common/pico_runtime/runtime.c.obj
 .ARM.attributes
                0x00000358       0x2c CMakeFiles/pwm.dir/C_/PicoVittuSaatana/Pico-SDK-v1.5.0/pico-sdk/src/rp2_common/pico_printf/printf.c.obj
 .ARM.attributes
                0x00000384       0x22 CMakeFiles/pwm.dir/C_/PicoVittuSaatana/Pico-SDK-v1.5.0/pico-sdk/src/rp2_common/pico_bit_ops/bit_ops_aeabi.S.obj
 .ARM.attributes
                0x000003a6       0x2c CMakeFiles/pwm.dir/C_/PicoVittuSaatana/Pico-SDK-v1.5.0/pico-sdk/src/rp2_common/pico_bootrom/bootrom.c.obj
 .ARM.attributes
                0x000003d2       0x22 CMakeFiles/pwm.dir/C_/PicoVittuSaatana/Pico-SDK-v1.5.0/pico-sdk/src/rp2_common/pico_divider/divider.S.obj
 .ARM.attributes
                0x000003f4       0x22 CMakeFiles/pwm.dir/C_/PicoVittuSaatana/Pico-SDK-v1.5.0/pico-sdk/src/rp2_common/pico_double/double_aeabi.S.obj
 .ARM.attributes
                0x00000416       0x2c CMakeFiles/pwm.dir/C_/PicoVittuSaatana/Pico-SDK-v1.5.0/pico-sdk/src/rp2_common/pico_double/double_init_rom.c.obj
 .ARM.attributes
                0x00000442       0x22 CMakeFiles/pwm.dir/C_/PicoVittuSaatana/Pico-SDK-v1.5.0/pico-sdk/src/rp2_common/pico_double/double_v1_rom_shim.S.obj
 .ARM.attributes
                0x00000464       0x22 CMakeFiles/pwm.dir/C_/PicoVittuSaatana/Pico-SDK-v1.5.0/pico-sdk/src/rp2_common/pico_int64_ops/pico_int64_ops_aeabi.S.obj
 .ARM.attributes
                0x00000486       0x22 CMakeFiles/pwm.dir/C_/PicoVittuSaatana/Pico-SDK-v1.5.0/pico-sdk/src/rp2_common/pico_float/float_aeabi.S.obj
 .ARM.attributes
                0x000004a8       0x2c CMakeFiles/pwm.dir/C_/PicoVittuSaatana/Pico-SDK-v1.5.0/pico-sdk/src/rp2_common/pico_float/float_init_rom.c.obj
 .ARM.attributes
                0x000004d4       0x22 CMakeFiles/pwm.dir/C_/PicoVittuSaatana/Pico-SDK-v1.5.0/pico-sdk/src/rp2_common/pico_mem_ops/mem_ops_aeabi.S.obj
 .ARM.attributes
                0x000004f6       0x22 CMakeFiles/pwm.dir/C_/PicoVittuSaatana/Pico-SDK-v1.5.0/pico-sdk/src/rp2_common/pico_standard_link/crt0.S.obj
 .ARM.attributes
                0x00000518       0x2c CMakeFiles/pwm.dir/C_/PicoVittuSaatana/Pico-SDK-v1.5.0/pico-sdk/src/rp2_common/pico_standard_link/binary_info.c.obj
 .ARM.attributes
                0x00000544       0x2c CMakeFiles/pwm.dir/C_/PicoVittuSaatana/Pico-SDK-v1.5.0/pico-sdk/src/rp2_common/pico_stdio/stdio.c.obj
 .ARM.attributes
                0x00000570       0x2c CMakeFiles/pwm.dir/C_/PicoVittuSaatana/Pico-SDK-v1.5.0/pico-sdk/src/rp2_common/pico_stdio_uart/stdio_uart.c.obj
 .ARM.attributes
                0x0000059c       0x22 C:\Users\sulof\AppData\Local\Temp\ccQv4wvj.o
 .ARM.attributes
                0x000005be       0x1e c:/picovittusaatana/pico-sdk-v1.5.0/gcc-arm-none-eabi/bin/../lib/gcc/arm-none-eabi/10.3.1/thumb/v6-m/nofp\libgcc.a(_dvmd_tls.o)
 .ARM.attributes
                0x000005dc       0x2c c:/picovittusaatana/pico-sdk-v1.5.0/gcc-arm-none-eabi/bin/../lib/gcc/arm-none-eabi/10.3.1/../../../../arm-none-eabi/lib/thumb/v6-m/nofp\libg.a(lib_a-strlen-stub.o)

.comment        0x00000000       0x49
 .comment       0x00000000       0x49 CMakeFiles/pwm.dir/main.c.obj
                                 0x4a (size before relaxing)
 .comment       0x00000049       0x4a CMakeFiles/pwm.dir/C_/PicoVittuSaatana/Pico-SDK-v1.5.0/pico-sdk/src/rp2_common/hardware_gpio/gpio.c.obj
 .comment       0x00000049       0x4a CMakeFiles/pwm.dir/C_/PicoVittuSaatana/Pico-SDK-v1.5.0/pico-sdk/src/rp2_common/pico_platform/platform.c.obj
 .comment       0x00000049       0x4a CMakeFiles/pwm.dir/C_/PicoVittuSaatana/Pico-SDK-v1.5.0/pico-sdk/src/rp2_common/hardware_claim/claim.c.obj
 .comment       0x00000049       0x4a CMakeFiles/pwm.dir/C_/PicoVittuSaatana/Pico-SDK-v1.5.0/pico-sdk/src/rp2_common/hardware_sync/sync.c.obj
 .comment       0x00000049       0x4a CMakeFiles/pwm.dir/C_/PicoVittuSaatana/Pico-SDK-v1.5.0/pico-sdk/src/rp2_common/hardware_irq/irq.c.obj
 .comment       0x00000049       0x4a CMakeFiles/pwm.dir/C_/PicoVittuSaatana/Pico-SDK-v1.5.0/pico-sdk/src/common/pico_sync/lock_core.c.obj
 .comment       0x00000049       0x4a CMakeFiles/pwm.dir/C_/PicoVittuSaatana/Pico-SDK-v1.5.0/pico-sdk/src/common/pico_sync/mutex.c.obj
 .comment       0x00000049       0x4a CMakeFiles/pwm.dir/C_/PicoVittuSaatana/Pico-SDK-v1.5.0/pico-sdk/src/common/pico_time/time.c.obj
 .comment       0x00000049       0x4a CMakeFiles/pwm.dir/C_/PicoVittuSaatana/Pico-SDK-v1.5.0/pico-sdk/src/rp2_common/hardware_timer/timer.c.obj
 .comment       0x00000049       0x4a CMakeFiles/pwm.dir/C_/PicoVittuSaatana/Pico-SDK-v1.5.0/pico-sdk/src/common/pico_util/pheap.c.obj
 .comment       0x00000049       0x4a CMakeFiles/pwm.dir/C_/PicoVittuSaatana/Pico-SDK-v1.5.0/pico-sdk/src/rp2_common/hardware_uart/uart.c.obj
 .comment       0x00000049       0x4a CMakeFiles/pwm.dir/C_/PicoVittuSaatana/Pico-SDK-v1.5.0/pico-sdk/src/rp2_common/hardware_clocks/clocks.c.obj
 .comment       0x00000049       0x4a CMakeFiles/pwm.dir/C_/PicoVittuSaatana/Pico-SDK-v1.5.0/pico-sdk/src/rp2_common/hardware_pll/pll.c.obj
 .comment       0x00000049       0x4a CMakeFiles/pwm.dir/C_/PicoVittuSaatana/Pico-SDK-v1.5.0/pico-sdk/src/rp2_common/hardware_watchdog/watchdog.c.obj
 .comment       0x00000049       0x4a CMakeFiles/pwm.dir/C_/PicoVittuSaatana/Pico-SDK-v1.5.0/pico-sdk/src/rp2_common/hardware_xosc/xosc.c.obj
 .comment       0x00000049       0x4a CMakeFiles/pwm.dir/C_/PicoVittuSaatana/Pico-SDK-v1.5.0/pico-sdk/src/rp2_common/pico_runtime/runtime.c.obj
 .comment       0x00000049       0x4a CMakeFiles/pwm.dir/C_/PicoVittuSaatana/Pico-SDK-v1.5.0/pico-sdk/src/rp2_common/pico_printf/printf.c.obj
 .comment       0x00000049       0x4a CMakeFiles/pwm.dir/C_/PicoVittuSaatana/Pico-SDK-v1.5.0/pico-sdk/src/rp2_common/pico_bootrom/bootrom.c.obj
 .comment       0x00000049       0x4a CMakeFiles/pwm.dir/C_/PicoVittuSaatana/Pico-SDK-v1.5.0/pico-sdk/src/rp2_common/pico_double/double_init_rom.c.obj
 .comment       0x00000049       0x4a CMakeFiles/pwm.dir/C_/PicoVittuSaatana/Pico-SDK-v1.5.0/pico-sdk/src/rp2_common/pico_float/float_init_rom.c.obj
 .comment       0x00000049       0x4a CMakeFiles/pwm.dir/C_/PicoVittuSaatana/Pico-SDK-v1.5.0/pico-sdk/src/rp2_common/pico_standard_link/binary_info.c.obj
 .comment       0x00000049       0x4a CMakeFiles/pwm.dir/C_/PicoVittuSaatana/Pico-SDK-v1.5.0/pico-sdk/src/rp2_common/pico_stdio/stdio.c.obj
 .comment       0x00000049       0x4a CMakeFiles/pwm.dir/C_/PicoVittuSaatana/Pico-SDK-v1.5.0/pico-sdk/src/rp2_common/pico_stdio_uart/stdio_uart.c.obj

.debug_info     0x00000000    0x16e6b
 .debug_info    0x00000000     0x1da8 CMakeFiles/pwm.dir/main.c.obj
 .debug_info    0x00001da8     0x16d8 CMakeFiles/pwm.dir/C_/PicoVittuSaatana/Pico-SDK-v1.5.0/pico-sdk/src/rp2_common/hardware_gpio/gpio.c.obj
 .debug_info    0x00003480      0x1e3 CMakeFiles/pwm.dir/C_/PicoVittuSaatana/Pico-SDK-v1.5.0/pico-sdk/src/rp2_common/pico_platform/platform.c.obj
 .debug_info    0x00003663      0x6bc CMakeFiles/pwm.dir/C_/PicoVittuSaatana/Pico-SDK-v1.5.0/pico-sdk/src/rp2_common/hardware_claim/claim.c.obj
 .debug_info    0x00003d1f      0x58e CMakeFiles/pwm.dir/C_/PicoVittuSaatana/Pico-SDK-v1.5.0/pico-sdk/src/rp2_common/hardware_sync/sync.c.obj
 .debug_info    0x000042ad     0x1c9c CMakeFiles/pwm.dir/C_/PicoVittuSaatana/Pico-SDK-v1.5.0/pico-sdk/src/rp2_common/hardware_irq/irq.c.obj
 .debug_info    0x00005f49      0x1a4 CMakeFiles/pwm.dir/C_/PicoVittuSaatana/Pico-SDK-v1.5.0/pico-sdk/src/common/pico_sync/lock_core.c.obj
 .debug_info    0x000060ed     0x20d3 CMakeFiles/pwm.dir/C_/PicoVittuSaatana/Pico-SDK-v1.5.0/pico-sdk/src/common/pico_sync/mutex.c.obj
 .debug_info    0x000081c0     0x4066 CMakeFiles/pwm.dir/C_/PicoVittuSaatana/Pico-SDK-v1.5.0/pico-sdk/src/common/pico_time/time.c.obj
 .debug_info    0x0000c226     0x13ee CMakeFiles/pwm.dir/C_/PicoVittuSaatana/Pico-SDK-v1.5.0/pico-sdk/src/rp2_common/hardware_timer/timer.c.obj
 .debug_info    0x0000d614     0x123b CMakeFiles/pwm.dir/C_/PicoVittuSaatana/Pico-SDK-v1.5.0/pico-sdk/src/common/pico_util/pheap.c.obj
 .debug_info    0x0000e84f      0xb65 CMakeFiles/pwm.dir/C_/PicoVittuSaatana/Pico-SDK-v1.5.0/pico-sdk/src/rp2_common/hardware_uart/uart.c.obj
 .debug_info    0x0000f3b4      0xf8d CMakeFiles/pwm.dir/C_/PicoVittuSaatana/Pico-SDK-v1.5.0/pico-sdk/src/rp2_common/hardware_clocks/clocks.c.obj
 .debug_info    0x00010341      0x51b CMakeFiles/pwm.dir/C_/PicoVittuSaatana/Pico-SDK-v1.5.0/pico-sdk/src/rp2_common/hardware_pll/pll.c.obj
 .debug_info    0x0001085c      0x4ee CMakeFiles/pwm.dir/C_/PicoVittuSaatana/Pico-SDK-v1.5.0/pico-sdk/src/rp2_common/hardware_watchdog/watchdog.c.obj
 .debug_info    0x00010d4a      0x1d8 CMakeFiles/pwm.dir/C_/PicoVittuSaatana/Pico-SDK-v1.5.0/pico-sdk/src/rp2_common/hardware_xosc/xosc.c.obj
 .debug_info    0x00010f22     0x1028 CMakeFiles/pwm.dir/C_/PicoVittuSaatana/Pico-SDK-v1.5.0/pico-sdk/src/rp2_common/pico_runtime/runtime.c.obj
 .debug_info    0x00011f4a     0x1a5f CMakeFiles/pwm.dir/C_/PicoVittuSaatana/Pico-SDK-v1.5.0/pico-sdk/src/rp2_common/pico_printf/printf.c.obj
 .debug_info    0x000139a9       0x22 CMakeFiles/pwm.dir/C_/PicoVittuSaatana/Pico-SDK-v1.5.0/pico-sdk/src/rp2_common/pico_bit_ops/bit_ops_aeabi.S.obj
 .debug_info    0x000139cb      0x27c CMakeFiles/pwm.dir/C_/PicoVittuSaatana/Pico-SDK-v1.5.0/pico-sdk/src/rp2_common/pico_bootrom/bootrom.c.obj
 .debug_info    0x00013c47       0x22 CMakeFiles/pwm.dir/C_/PicoVittuSaatana/Pico-SDK-v1.5.0/pico-sdk/src/rp2_common/pico_divider/divider.S.obj
 .debug_info    0x00013c69       0x22 CMakeFiles/pwm.dir/C_/PicoVittuSaatana/Pico-SDK-v1.5.0/pico-sdk/src/rp2_common/pico_double/double_aeabi.S.obj
 .debug_info    0x00013c8b      0x2fb CMakeFiles/pwm.dir/C_/PicoVittuSaatana/Pico-SDK-v1.5.0/pico-sdk/src/rp2_common/pico_double/double_init_rom.c.obj
 .debug_info    0x00013f86       0x26 CMakeFiles/pwm.dir/C_/PicoVittuSaatana/Pico-SDK-v1.5.0/pico-sdk/src/rp2_common/pico_double/double_v1_rom_shim.S.obj
 .debug_info    0x00013fac       0x26 CMakeFiles/pwm.dir/C_/PicoVittuSaatana/Pico-SDK-v1.5.0/pico-sdk/src/rp2_common/pico_int64_ops/pico_int64_ops_aeabi.S.obj
 .debug_info    0x00013fd2       0x22 CMakeFiles/pwm.dir/C_/PicoVittuSaatana/Pico-SDK-v1.5.0/pico-sdk/src/rp2_common/pico_float/float_aeabi.S.obj
 .debug_info    0x00013ff4      0x2d8 CMakeFiles/pwm.dir/C_/PicoVittuSaatana/Pico-SDK-v1.5.0/pico-sdk/src/rp2_common/pico_float/float_init_rom.c.obj
 .debug_info    0x000142cc       0x22 CMakeFiles/pwm.dir/C_/PicoVittuSaatana/Pico-SDK-v1.5.0/pico-sdk/src/rp2_common/pico_mem_ops/mem_ops_aeabi.S.obj
 .debug_info    0x000142ee       0x22 CMakeFiles/pwm.dir/C_/PicoVittuSaatana/Pico-SDK-v1.5.0/pico-sdk/src/rp2_common/pico_standard_link/crt0.S.obj
 .debug_info    0x00014310      0x2f6 CMakeFiles/pwm.dir/C_/PicoVittuSaatana/Pico-SDK-v1.5.0/pico-sdk/src/rp2_common/pico_standard_link/binary_info.c.obj
 .debug_info    0x00014606     0x1821 CMakeFiles/pwm.dir/C_/PicoVittuSaatana/Pico-SDK-v1.5.0/pico-sdk/src/rp2_common/pico_stdio/stdio.c.obj
 .debug_info    0x00015e27     0x1044 CMakeFiles/pwm.dir/C_/PicoVittuSaatana/Pico-SDK-v1.5.0/pico-sdk/src/rp2_common/pico_stdio_uart/stdio_uart.c.obj

.debug_abbrev   0x00000000     0x4310
 .debug_abbrev  0x00000000      0x318 CMakeFiles/pwm.dir/main.c.obj
 .debug_abbrev  0x00000318      0x339 CMakeFiles/pwm.dir/C_/PicoVittuSaatana/Pico-SDK-v1.5.0/pico-sdk/src/rp2_common/hardware_gpio/gpio.c.obj
 .debug_abbrev  0x00000651       0xeb CMakeFiles/pwm.dir/C_/PicoVittuSaatana/Pico-SDK-v1.5.0/pico-sdk/src/rp2_common/pico_platform/platform.c.obj
 .debug_abbrev  0x0000073c      0x2e9 CMakeFiles/pwm.dir/C_/PicoVittuSaatana/Pico-SDK-v1.5.0/pico-sdk/src/rp2_common/hardware_claim/claim.c.obj
 .debug_abbrev  0x00000a25      0x21b CMakeFiles/pwm.dir/C_/PicoVittuSaatana/Pico-SDK-v1.5.0/pico-sdk/src/rp2_common/hardware_sync/sync.c.obj
 .debug_abbrev  0x00000c40      0x4e7 CMakeFiles/pwm.dir/C_/PicoVittuSaatana/Pico-SDK-v1.5.0/pico-sdk/src/rp2_common/hardware_irq/irq.c.obj
 .debug_abbrev  0x00001127      0x116 CMakeFiles/pwm.dir/C_/PicoVittuSaatana/Pico-SDK-v1.5.0/pico-sdk/src/common/pico_sync/lock_core.c.obj
 .debug_abbrev  0x0000123d      0x397 CMakeFiles/pwm.dir/C_/PicoVittuSaatana/Pico-SDK-v1.5.0/pico-sdk/src/common/pico_sync/mutex.c.obj
 .debug_abbrev  0x000015d4      0x571 CMakeFiles/pwm.dir/C_/PicoVittuSaatana/Pico-SDK-v1.5.0/pico-sdk/src/common/pico_time/time.c.obj
 .debug_abbrev  0x00001b45      0x3b8 CMakeFiles/pwm.dir/C_/PicoVittuSaatana/Pico-SDK-v1.5.0/pico-sdk/src/rp2_common/hardware_timer/timer.c.obj
 .debug_abbrev  0x00001efd      0x297 CMakeFiles/pwm.dir/C_/PicoVittuSaatana/Pico-SDK-v1.5.0/pico-sdk/src/common/pico_util/pheap.c.obj
 .debug_abbrev  0x00002194      0x2d2 CMakeFiles/pwm.dir/C_/PicoVittuSaatana/Pico-SDK-v1.5.0/pico-sdk/src/rp2_common/hardware_uart/uart.c.obj
 .debug_abbrev  0x00002466      0x3a5 CMakeFiles/pwm.dir/C_/PicoVittuSaatana/Pico-SDK-v1.5.0/pico-sdk/src/rp2_common/hardware_clocks/clocks.c.obj
 .debug_abbrev  0x0000280b      0x1ea CMakeFiles/pwm.dir/C_/PicoVittuSaatana/Pico-SDK-v1.5.0/pico-sdk/src/rp2_common/hardware_pll/pll.c.obj
 .debug_abbrev  0x000029f5      0x1a8 CMakeFiles/pwm.dir/C_/PicoVittuSaatana/Pico-SDK-v1.5.0/pico-sdk/src/rp2_common/hardware_watchdog/watchdog.c.obj
 .debug_abbrev  0x00002b9d      0x109 CMakeFiles/pwm.dir/C_/PicoVittuSaatana/Pico-SDK-v1.5.0/pico-sdk/src/rp2_common/hardware_xosc/xosc.c.obj
 .debug_abbrev  0x00002ca6      0x4ba CMakeFiles/pwm.dir/C_/PicoVittuSaatana/Pico-SDK-v1.5.0/pico-sdk/src/rp2_common/pico_runtime/runtime.c.obj
 .debug_abbrev  0x00003160      0x384 CMakeFiles/pwm.dir/C_/PicoVittuSaatana/Pico-SDK-v1.5.0/pico-sdk/src/rp2_common/pico_printf/printf.c.obj
 .debug_abbrev  0x000034e4       0x12 CMakeFiles/pwm.dir/C_/PicoVittuSaatana/Pico-SDK-v1.5.0/pico-sdk/src/rp2_common/pico_bit_ops/bit_ops_aeabi.S.obj
 .debug_abbrev  0x000034f6      0x13b CMakeFiles/pwm.dir/C_/PicoVittuSaatana/Pico-SDK-v1.5.0/pico-sdk/src/rp2_common/pico_bootrom/bootrom.c.obj
 .debug_abbrev  0x00003631       0x12 CMakeFiles/pwm.dir/C_/PicoVittuSaatana/Pico-SDK-v1.5.0/pico-sdk/src/rp2_common/pico_divider/divider.S.obj
 .debug_abbrev  0x00003643       0x12 CMakeFiles/pwm.dir/C_/PicoVittuSaatana/Pico-SDK-v1.5.0/pico-sdk/src/rp2_common/pico_double/double_aeabi.S.obj
 .debug_abbrev  0x00003655      0x196 CMakeFiles/pwm.dir/C_/PicoVittuSaatana/Pico-SDK-v1.5.0/pico-sdk/src/rp2_common/pico_double/double_init_rom.c.obj
 .debug_abbrev  0x000037eb       0x14 CMakeFiles/pwm.dir/C_/PicoVittuSaatana/Pico-SDK-v1.5.0/pico-sdk/src/rp2_common/pico_double/double_v1_rom_shim.S.obj
 .debug_abbrev  0x000037ff       0x14 CMakeFiles/pwm.dir/C_/PicoVittuSaatana/Pico-SDK-v1.5.0/pico-sdk/src/rp2_common/pico_int64_ops/pico_int64_ops_aeabi.S.obj
 .debug_abbrev  0x00003813       0x12 CMakeFiles/pwm.dir/C_/PicoVittuSaatana/Pico-SDK-v1.5.0/pico-sdk/src/rp2_common/pico_float/float_aeabi.S.obj
 .debug_abbrev  0x00003825      0x18d CMakeFiles/pwm.dir/C_/PicoVittuSaatana/Pico-SDK-v1.5.0/pico-sdk/src/rp2_common/pico_float/float_init_rom.c.obj
 .debug_abbrev  0x000039b2       0x12 CMakeFiles/pwm.dir/C_/PicoVittuSaatana/Pico-SDK-v1.5.0/pico-sdk/src/rp2_common/pico_mem_ops/mem_ops_aeabi.S.obj
 .debug_abbrev  0x000039c4       0x12 CMakeFiles/pwm.dir/C_/PicoVittuSaatana/Pico-SDK-v1.5.0/pico-sdk/src/rp2_common/pico_standard_link/crt0.S.obj
 .debug_abbrev  0x000039d6       0xad CMakeFiles/pwm.dir/C_/PicoVittuSaatana/Pico-SDK-v1.5.0/pico-sdk/src/rp2_common/pico_standard_link/binary_info.c.obj
 .debug_abbrev  0x00003a83      0x4a5 CMakeFiles/pwm.dir/C_/PicoVittuSaatana/Pico-SDK-v1.5.0/pico-sdk/src/rp2_common/pico_stdio/stdio.c.obj
 .debug_abbrev  0x00003f28      0x3e8 CMakeFiles/pwm.dir/C_/PicoVittuSaatana/Pico-SDK-v1.5.0/pico-sdk/src/rp2_common/pico_stdio_uart/stdio_uart.c.obj

.debug_loc      0x00000000     0xfa54
 .debug_loc     0x00000000     0x131e CMakeFiles/pwm.dir/main.c.obj
 .debug_loc     0x0000131e     0x118d CMakeFiles/pwm.dir/C_/PicoVittuSaatana/Pico-SDK-v1.5.0/pico-sdk/src/rp2_common/hardware_gpio/gpio.c.obj
 .debug_loc     0x000024ab       0xe9 CMakeFiles/pwm.dir/C_/PicoVittuSaatana/Pico-SDK-v1.5.0/pico-sdk/src/rp2_common/pico_platform/platform.c.obj
 .debug_loc     0x00002594      0x45f CMakeFiles/pwm.dir/C_/PicoVittuSaatana/Pico-SDK-v1.5.0/pico-sdk/src/rp2_common/hardware_claim/claim.c.obj
 .debug_loc     0x000029f3      0x233 CMakeFiles/pwm.dir/C_/PicoVittuSaatana/Pico-SDK-v1.5.0/pico-sdk/src/rp2_common/hardware_sync/sync.c.obj
 .debug_loc     0x00002c26     0x13f5 CMakeFiles/pwm.dir/C_/PicoVittuSaatana/Pico-SDK-v1.5.0/pico-sdk/src/rp2_common/hardware_irq/irq.c.obj
 .debug_loc     0x0000401b       0x60 CMakeFiles/pwm.dir/C_/PicoVittuSaatana/Pico-SDK-v1.5.0/pico-sdk/src/common/pico_sync/lock_core.c.obj
 .debug_loc     0x0000407b     0x152e CMakeFiles/pwm.dir/C_/PicoVittuSaatana/Pico-SDK-v1.5.0/pico-sdk/src/common/pico_sync/mutex.c.obj
 .debug_loc     0x000055a9     0x31cb CMakeFiles/pwm.dir/C_/PicoVittuSaatana/Pico-SDK-v1.5.0/pico-sdk/src/common/pico_time/time.c.obj
 .debug_loc     0x00008774      0xacb CMakeFiles/pwm.dir/C_/PicoVittuSaatana/Pico-SDK-v1.5.0/pico-sdk/src/rp2_common/hardware_timer/timer.c.obj
 .debug_loc     0x0000923f     0x1446 CMakeFiles/pwm.dir/C_/PicoVittuSaatana/Pico-SDK-v1.5.0/pico-sdk/src/common/pico_util/pheap.c.obj
 .debug_loc     0x0000a685      0x533 CMakeFiles/pwm.dir/C_/PicoVittuSaatana/Pico-SDK-v1.5.0/pico-sdk/src/rp2_common/hardware_uart/uart.c.obj
 .debug_loc     0x0000abb8      0x81d CMakeFiles/pwm.dir/C_/PicoVittuSaatana/Pico-SDK-v1.5.0/pico-sdk/src/rp2_common/hardware_clocks/clocks.c.obj
 .debug_loc     0x0000b3d5      0x2f3 CMakeFiles/pwm.dir/C_/PicoVittuSaatana/Pico-SDK-v1.5.0/pico-sdk/src/rp2_common/hardware_pll/pll.c.obj
 .debug_loc     0x0000b6c8      0x2ec CMakeFiles/pwm.dir/C_/PicoVittuSaatana/Pico-SDK-v1.5.0/pico-sdk/src/rp2_common/hardware_watchdog/watchdog.c.obj
 .debug_loc     0x0000b9b4       0x71 CMakeFiles/pwm.dir/C_/PicoVittuSaatana/Pico-SDK-v1.5.0/pico-sdk/src/rp2_common/hardware_xosc/xosc.c.obj
 .debug_loc     0x0000ba25      0x674 CMakeFiles/pwm.dir/C_/PicoVittuSaatana/Pico-SDK-v1.5.0/pico-sdk/src/rp2_common/pico_runtime/runtime.c.obj
 .debug_loc     0x0000c099     0x2095 CMakeFiles/pwm.dir/C_/PicoVittuSaatana/Pico-SDK-v1.5.0/pico-sdk/src/rp2_common/pico_printf/printf.c.obj
 .debug_loc     0x0000e12e      0x1a1 CMakeFiles/pwm.dir/C_/PicoVittuSaatana/Pico-SDK-v1.5.0/pico-sdk/src/rp2_common/pico_bootrom/bootrom.c.obj
 .debug_loc     0x0000e2cf       0x59 CMakeFiles/pwm.dir/C_/PicoVittuSaatana/Pico-SDK-v1.5.0/pico-sdk/src/rp2_common/pico_double/double_init_rom.c.obj
 .debug_loc     0x0000e328       0x81 CMakeFiles/pwm.dir/C_/PicoVittuSaatana/Pico-SDK-v1.5.0/pico-sdk/src/rp2_common/pico_float/float_init_rom.c.obj
 .debug_loc     0x0000e3a9      0xe23 CMakeFiles/pwm.dir/C_/PicoVittuSaatana/Pico-SDK-v1.5.0/pico-sdk/src/rp2_common/pico_stdio/stdio.c.obj
 .debug_loc     0x0000f1cc      0x888 CMakeFiles/pwm.dir/C_/PicoVittuSaatana/Pico-SDK-v1.5.0/pico-sdk/src/rp2_common/pico_stdio_uart/stdio_uart.c.obj
